node.exe : - Generating browser application bundles (phase: setup)...
At line:1 char:1
+ & "C:\Program Files\nodejs/node.exe" "C:\Program Files\nodejs/node_mo ...
+ ~~~~~~~~~~~~~~~~~~~~~~~~~~~~~~~~~~~~~~~~~~~~~~~~~~~~~~~~~~~~~~~~~~~~~
    + CategoryInfo          : NotSpecified: (- Generating br...hase: setup)...:String) [], RemoteException
    + FullyQualifiedErrorId : NativeCommandError
 
[32mΓêÜ[39m Browser application bundle generation complete.
[32m22 06 2026 22:47:40.601:INFO [karma-server]: [39mKarma v6.4.4 server started at http://localhost:9876/
[32m22 06 2026 22:47:40.602:INFO [launcher]: [39mLaunching browsers Chrome with concurrency unlimited
[32m22 06 2026 22:47:40.612:INFO [launcher]: [39mStarting browser Chrome
[32m22 06 2026 22:47:41.773:INFO [Chrome 149.0.0.0 (Windows 10)]: [39mConnected on socket zhzPsKhBlAqSO0mgAAAB with id 27901678
Chrome 149.0.0.0 (Windows 10): Executed 0 of 199[32m SUCCESS[39m (0 secs / 0 secs)
[1A[2KLOG: [36m'≡ƒöì [History] Component initializing...'[39m
Chrome 149.0.0.0 (Windows 10): Executed 0 of 199[32m SUCCESS[39m (0 secs / 0 secs)
LOG: '≡ƒöì [History] Component initializing...'
[1A[2KLOG: [36m'≡ƒöä [History] Service transactions updated, syncing UI...'[39m
Chrome 149.0.0.0 (Windows 10): Executed 0 of 199[32m SUCCESS[39m (0 secs / 0 secs)
LOG: '≡ƒöä [History] Service transactions updated, syncing UI...'
[1A[2KLOG: [36m'≡ƒôí [History] Starting fresh data fetch...'[39m
Chrome 149.0.0.0 (Windows 10): Executed 0 of 199[32m SUCCESS[39m (0 secs / 0 secs)
LOG: '≡ƒôí [History] Starting fresh data fetch...'
[1A[2KLOG: [36m'≡ƒÆ░ [History] Balance loaded:', '1000.00'[39m
Chrome 149.0.0.0 (Windows 10): Executed 0 of 199[32m SUCCESS[39m (0 secs / 0 secs)
LOG: '≡ƒÆ░ [History] Balance loaded:', '1000.00'
[1A[2KLOG: [36m'≡ƒôí [History] Fetching transactions for account ID:', 1[39m
Chrome 149.0.0.0 (Windows 10): Executed 0 of 199[32m SUCCESS[39m (0 secs / 0 secs)
LOG: '≡ƒôí [History] Fetching transactions for account ID:', 1
[1A[2KLOG: [36m'Γ£à [History] Data pipeline complete, transactions count:', 0[39m
Chrome 149.0.0.0 (Windows 10): Executed 0 of 199[32m SUCCESS[39m (0 secs / 0 secs)
LOG: 'Γ£à [History] Data pipeline complete, transactions count:', 0
[1A[2KChrome 149.0.0.0 (Windows 10): Executed 1 of 199[32m SUCCESS[39m (0 secs / 0.082 secs)
[1A[2KLOG: [36m'≡ƒöì [History] Component initializing...'[39m
Chrome 149.0.0.0 (Windows 10): Executed 1 of 199[32m SUCCESS[39m (0 secs / 0.082 secs)
LOG: '≡ƒöì [History] Component initializing...'
[1A[2KLOG: [36m'≡ƒöä [History] Service transactions updated, syncing UI...'[39m
Chrome 149.0.0.0 (Windows 10): Executed 1 of 199[32m SUCCESS[39m (0 secs / 0.082 secs)
LOG: '≡ƒöä [History] Service transactions updated, syncing UI...'
[1A[2KLOG: [36m'≡ƒôí [History] Starting fresh data fetch...'[39m
Chrome 149.0.0.0 (Windows 10): Executed 1 of 199[32m SUCCESS[39m (0 secs / 0.082 secs)
LOG: '≡ƒôí [History] Starting fresh data fetch...'
[1A[2KLOG: [36m'≡ƒÆ░ [History] Balance loaded:', '1000.00'[39m
Chrome 149.0.0.0 (Windows 10): Executed 1 of 199[32m SUCCESS[39m (0 secs / 0.082 secs)
LOG: '≡ƒÆ░ [History] Balance loaded:', '1000.00'
[1A[2KLOG: [36m'≡ƒôí [History] Fetching transactions for account ID:', 1[39m
Chrome 149.0.0.0 (Windows 10): Executed 1 of 199[32m SUCCESS[39m (0 secs / 0.082 secs)
LOG: '≡ƒôí [History] Fetching transactions for account ID:', 1
[1A[2KLOG: [36m'Γ£à [History] Data pipeline complete, transactions count:', 0[39m
Chrome 149.0.0.0 (Windows 10): Executed 1 of 199[32m SUCCESS[39m (0 secs / 0.082 secs)
LOG: 'Γ£à [History] Data pipeline complete, transactions count:', 0
[1A[2KChrome 149.0.0.0 (Windows 10): Executed 2 of 199[32m SUCCESS[39m (0 secs / 0.093 secs)
[1A[2KLOG: [36m'≡ƒöì [History] Component initializing...'[39m
Chrome 149.0.0.0 (Windows 10): Executed 2 of 199[32m SUCCESS[39m (0 secs / 0.093 secs)
LOG: '≡ƒöì [History] Component initializing...'
[1A[2KLOG: [36m'≡ƒöä [History] Service transactions updated, syncing UI...'[39m
Chrome 149.0.0.0 (Windows 10): Executed 2 of 199[32m SUCCESS[39m (0 secs / 0.093 secs)
LOG: '≡ƒöä [History] Service transactions updated, syncing UI...'
[1A[2KLOG: [36m'≡ƒôí [History] Starting fresh data fetch...'[39m
Chrome 149.0.0.0 (Windows 10): Executed 2 of 199[32m SUCCESS[39m (0 secs / 0.093 secs)
LOG: '≡ƒôí [History] Starting fresh data fetch...'
[1A[2KLOG: [36m'≡ƒÆ░ [History] Balance loaded:', '1000.00'[39m
Chrome 149.0.0.0 (Windows 10): Executed 2 of 199[32m SUCCESS[39m (0 secs / 0.093 secs)
LOG: '≡ƒÆ░ [History] Balance loaded:', '1000.00'
[1A[2KLOG: [36m'≡ƒôí [History] Fetching transactions for account ID:', 1[39m
Chrome 149.0.0.0 (Windows 10): Executed 2 of 199[32m SUCCESS[39m (0 secs / 0.093 secs)
LOG: '≡ƒôí [History] Fetching transactions for account ID:', 1
[1A[2KLOG: [36m'Γ£à [History] Data pipeline complete, transactions count:', 0[39m
Chrome 149.0.0.0 (Windows 10): Executed 2 of 199[32m SUCCESS[39m (0 secs / 0.093 secs)
LOG: 'Γ£à [History] Data pipeline complete, transactions count:', 0
[1A[2KChrome 149.0.0.0 (Windows 10): Executed 3 of 199[32m SUCCESS[39m (0 secs / 0.1 secs)
[1A[2KLOG: [36m'≡ƒöì [History] Component initializing...'[39m
Chrome 149.0.0.0 (Windows 10): Executed 3 of 199[32m SUCCESS[39m (0 secs / 0.1 secs)
LOG: '≡ƒöì [History] Component initializing...'
[1A[2KLOG: [36m'≡ƒöä [History] Service transactions updated, syncing UI...'[39m
Chrome 149.0.0.0 (Windows 10): Executed 3 of 199[32m SUCCESS[39m (0 secs / 0.1 secs)
LOG: '≡ƒöä [History] Service transactions updated, syncing UI...'
[1A[2KLOG: [36m'≡ƒôí [History] Starting fresh data fetch...'[39m
Chrome 149.0.0.0 (Windows 10): Executed 3 of 199[32m SUCCESS[39m (0 secs / 0.1 secs)
LOG: '≡ƒôí [History] Starting fresh data fetch...'
[1A[2KLOG: [36m'≡ƒÆ░ [History] Balance loaded:', '1000.00'[39m
Chrome 149.0.0.0 (Windows 10): Executed 3 of 199[32m SUCCESS[39m (0 secs / 0.1 secs)
LOG: '≡ƒÆ░ [History] Balance loaded:', '1000.00'
[1A[2KLOG: [36m'≡ƒôí [History] Fetching transactions for account ID:', 1[39m
Chrome 149.0.0.0 (Windows 10): Executed 3 of 199[32m SUCCESS[39m (0 secs / 0.1 secs)
LOG: '≡ƒôí [History] Fetching transactions for account ID:', 1
[1A[2KLOG: [36m'Γ£à [History] Data pipeline complete, transactions count:', 0[39m
Chrome 149.0.0.0 (Windows 10): Executed 3 of 199[32m SUCCESS[39m (0 secs / 0.1 secs)
LOG: 'Γ£à [History] Data pipeline complete, transactions count:', 0
[1A[2KChrome 149.0.0.0 (Windows 10): Executed 4 of 199[32m SUCCESS[39m (0 secs / 0.107 secs)
[1A[2KLOG: [36m'≡ƒöì [History] Component initializing...'[39m
Chrome 149.0.0.0 (Windows 10): Executed 4 of 199[32m SUCCESS[39m (0 secs / 0.107 secs)
LOG: '≡ƒöì [History] Component initializing...'
[1A[2KLOG: [36m'≡ƒöä [History] Service transactions updated, syncing UI...'[39m
Chrome 149.0.0.0 (Windows 10): Executed 4 of 199[32m SUCCESS[39m (0 secs / 0.107 secs)
LOG: '≡ƒöä [History] Service transactions updated, syncing UI...'
[1A[2KLOG: [36m'≡ƒôí [History] Starting fresh data fetch...'[39m
Chrome 149.0.0.0 (Windows 10): Executed 4 of 199[32m SUCCESS[39m (0 secs / 0.107 secs)
LOG: '≡ƒôí [History] Starting fresh data fetch...'
[1A[2KLOG: [36m'≡ƒÆ░ [History] Balance loaded:', '1000.00'[39m
Chrome 149.0.0.0 (Windows 10): Executed 4 of 199[32m SUCCESS[39m (0 secs / 0.107 secs)
LOG: '≡ƒÆ░ [History] Balance loaded:', '1000.00'
[1A[2KLOG: [36m'≡ƒôí [History] Fetching transactions for account ID:', 1[39m
Chrome 149.0.0.0 (Windows 10): Executed 4 of 199[32m SUCCESS[39m (0 secs / 0.107 secs)
LOG: '≡ƒôí [History] Fetching transactions for account ID:', 1
[1A[2KLOG: [36m'Γ£à [History] Data pipeline complete, transactions count:', 0[39m
Chrome 149.0.0.0 (Windows 10): Executed 4 of 199[32m SUCCESS[39m (0 secs / 0.107 secs)
LOG: 'Γ£à [History] Data pipeline complete, transactions count:', 0
[1A[2KChrome 149.0.0.0 (Windows 10): Executed 5 of 199[32m SUCCESS[39m (0 secs / 0.113 secs)
[1A[2KLOG: [36m'≡ƒöì [History] Component initializing...'[39m
Chrome 149.0.0.0 (Windows 10): Executed 5 of 199[32m SUCCESS[39m (0 secs / 0.113 secs)
LOG: '≡ƒöì [History] Component initializing...'
[1A[2KLOG: [36m'≡ƒöä [History] Service transactions updated, syncing UI...'[39m
Chrome 149.0.0.0 (Windows 10): Executed 5 of 199[32m SUCCESS[39m (0 secs / 0.113 secs)
LOG: '≡ƒöä [History] Service transactions updated, syncing UI...'
[1A[2KLOG: [36m'≡ƒôí [History] Starting fresh data fetch...'[39m
Chrome 149.0.0.0 (Windows 10): Executed 5 of 199[32m SUCCESS[39m (0 secs / 0.113 secs)
LOG: '≡ƒôí [History] Starting fresh data fetch...'
[1A[2KLOG: [36m'≡ƒÆ░ [History] Balance loaded:', '1000.00'[39m
Chrome 149.0.0.0 (Windows 10): Executed 5 of 199[32m SUCCESS[39m (0 secs / 0.113 secs)
LOG: '≡ƒÆ░ [History] Balance loaded:', '1000.00'
[1A[2KLOG: [36m'≡ƒôí [History] Fetching transactions for account ID:', 1[39m
Chrome 149.0.0.0 (Windows 10): Executed 5 of 199[32m SUCCESS[39m (0 secs / 0.113 secs)
LOG: '≡ƒôí [History] Fetching transactions for account ID:', 1
[1A[2KLOG: [36m'Γ£à [History] Data pipeline complete, transactions count:', 0[39m
Chrome 149.0.0.0 (Windows 10): Executed 5 of 199[32m SUCCESS[39m (0 secs / 0.113 secs)
LOG: 'Γ£à [History] Data pipeline complete, transactions count:', 0
[1A[2KChrome 149.0.0.0 (Windows 10): Executed 6 of 199[32m SUCCESS[39m (0 secs / 0.119 secs)
[1A[2KLOG: [36m'≡ƒöì [History] Component initializing...'[39m
Chrome 149.0.0.0 (Windows 10): Executed 6 of 199[32m SUCCESS[39m (0 secs / 0.119 secs)
LOG: '≡ƒöì [History] Component initializing...'
[1A[2KLOG: [36m'≡ƒöä [History] Service transactions updated, syncing UI...'[39m
Chrome 149.0.0.0 (Windows 10): Executed 6 of 199[32m SUCCESS[39m (0 secs / 0.119 secs)
LOG: '≡ƒöä [History] Service transactions updated, syncing UI...'
[1A[2KLOG: [36m'≡ƒôí [History] Starting fresh data fetch...'[39m
Chrome 149.0.0.0 (Windows 10): Executed 6 of 199[32m SUCCESS[39m (0 secs / 0.119 secs)
LOG: '≡ƒôí [History] Starting fresh data fetch...'
[1A[2KLOG: [36m'≡ƒÆ░ [History] Balance loaded:', '1000.00'[39m
Chrome 149.0.0.0 (Windows 10): Executed 6 of 199[32m SUCCESS[39m (0 secs / 0.119 secs)
LOG: '≡ƒÆ░ [History] Balance loaded:', '1000.00'
[1A[2KLOG: [36m'≡ƒôí [History] Fetching transactions for account ID:', 1[39m
Chrome 149.0.0.0 (Windows 10): Executed 6 of 199[32m SUCCESS[39m (0 secs / 0.119 secs)
LOG: '≡ƒôí [History] Fetching transactions for account ID:', 1
[1A[2KLOG: [36m'Γ£à [History] Data pipeline complete, transactions count:', 0[39m
Chrome 149.0.0.0 (Windows 10): Executed 6 of 199[32m SUCCESS[39m (0 secs / 0.119 secs)
LOG: 'Γ£à [History] Data pipeline complete, transactions count:', 0
[1A[2KChrome 149.0.0.0 (Windows 10): Executed 7 of 199[32m SUCCESS[39m (0 secs / 0.124 secs)
[1A[2KLOG: [36m'≡ƒöì [History] Component initializing...'[39m
Chrome 149.0.0.0 (Windows 10): Executed 7 of 199[32m SUCCESS[39m (0 secs / 0.124 secs)
LOG: '≡ƒöì [History] Component initializing...'
[1A[2KLOG: [36m'≡ƒöä [History] Service transactions updated, syncing UI...'[39m
Chrome 149.0.0.0 (Windows 10): Executed 7 of 199[32m SUCCESS[39m (0 secs / 0.124 secs)
LOG: '≡ƒöä [History] Service transactions updated, syncing UI...'
[1A[2KLOG: [36m'≡ƒôí [History] Starting fresh data fetch...'[39m
Chrome 149.0.0.0 (Windows 10): Executed 7 of 199[32m SUCCESS[39m (0 secs / 0.124 secs)
LOG: '≡ƒôí [History] Starting fresh data fetch...'
[1A[2KLOG: [36m'≡ƒÆ░ [History] Balance loaded:', '1000.00'[39m
Chrome 149.0.0.0 (Windows 10): Executed 7 of 199[32m SUCCESS[39m (0 secs / 0.124 secs)
LOG: '≡ƒÆ░ [History] Balance loaded:', '1000.00'
[1A[2KLOG: [36m'≡ƒôí [History] Fetching transactions for account ID:', 1[39m
Chrome 149.0.0.0 (Windows 10): Executed 7 of 199[32m SUCCESS[39m (0 secs / 0.124 secs)
LOG: '≡ƒôí [History] Fetching transactions for account ID:', 1
[1A[2KLOG: [36m'Γ£à [History] Data pipeline complete, transactions count:', 0[39m
Chrome 149.0.0.0 (Windows 10): Executed 7 of 199[32m SUCCESS[39m (0 secs / 0.124 secs)
LOG: 'Γ£à [History] Data pipeline complete, transactions count:', 0
[1A[2KChrome 149.0.0.0 (Windows 10): Executed 8 of 199[32m SUCCESS[39m (0 secs / 0.129 secs)
[1A[2KLOG: [36m'≡ƒöì [History] Component initializing...'[39m
Chrome 149.0.0.0 (Windows 10): Executed 8 of 199[32m SUCCESS[39m (0 secs / 0.129 secs)
LOG: '≡ƒöì [History] Component initializing...'
[1A[2KLOG: [36m'≡ƒöä [History] Service transactions updated, syncing UI...'[39m
Chrome 149.0.0.0 (Windows 10): Executed 8 of 199[32m SUCCESS[39m (0 secs / 0.129 secs)
LOG: '≡ƒöä [History] Service transactions updated, syncing UI...'
[1A[2KLOG: [36m'≡ƒôí [History] Starting fresh data fetch...'[39m
Chrome 149.0.0.0 (Windows 10): Executed 8 of 199[32m SUCCESS[39m (0 secs / 0.129 secs)
LOG: '≡ƒôí [History] Starting fresh data fetch...'
[1A[2KLOG: [36m'≡ƒÆ░ [History] Balance loaded:', '1000.00'[39m
Chrome 149.0.0.0 (Windows 10): Executed 8 of 199[32m SUCCESS[39m (0 secs / 0.129 secs)
LOG: '≡ƒÆ░ [History] Balance loaded:', '1000.00'
[1A[2KLOG: [36m'≡ƒôí [History] Fetching transactions for account ID:', 1[39m
Chrome 149.0.0.0 (Windows 10): Executed 8 of 199[32m SUCCESS[39m (0 secs / 0.129 secs)
LOG: '≡ƒôí [History] Fetching transactions for account ID:', 1
[1A[2KLOG: [36m'Γ£à [History] Data pipeline complete, transactions count:', 0[39m
Chrome 149.0.0.0 (Windows 10): Executed 8 of 199[32m SUCCESS[39m (0 secs / 0.129 secs)
LOG: 'Γ£à [History] Data pipeline complete, transactions count:', 0
[1A[2KChrome 149.0.0.0 (Windows 10): Executed 9 of 199[32m SUCCESS[39m (0 secs / 0.134 secs)
[1A[2KChrome 149.0.0.0 (Windows 10): Executed 10 of 199[32m SUCCESS[39m (0 secs / 0.175 secs)
[1A[2KChrome 149.0.0.0 (Windows 10): Executed 11 of 199[32m SUCCESS[39m (0 secs / 0.183 secs)
[1A[2KChrome 149.0.0.0 (Windows 10): Executed 12 of 199[32m SUCCESS[39m (0 secs / 0.19 secs)
[1A[2KChrome 149.0.0.0 (Windows 10): Executed 13 of 199[32m SUCCESS[39m (0 secs / 0.196 secs)
[1A[2KChrome 149.0.0.0 (Windows 10): Executed 14 of 199[32m SUCCESS[39m (0 secs / 0.202 secs)
[1A[2KChrome 149.0.0.0 (Windows 10): Executed 15 of 199[32m SUCCESS[39m (0 secs / 0.208 secs)
[1A[2KChrome 149.0.0.0 (Windows 10): Executed 16 of 199[32m SUCCESS[39m (0 secs / 0.214 secs)
[1A[2KLOG: [36m'≡ƒöô [Profile] Opening PIN Modal'[39m
Chrome 149.0.0.0 (Windows 10): Executed 16 of 199[32m SUCCESS[39m (0 secs / 0.214 secs)
LOG: '≡ƒöô [Profile] Opening PIN Modal'
[1A[2KLOG: [36m'≡ƒöÿ [Profile] Save PIN clicked. Status:', 'INVALID', 'Value:', ''[39m
Chrome 149.0.0.0 (Windows 10): Executed 16 of 199[32m SUCCESS[39m (0 secs / 0.214 secs)
LOG: '≡ƒöÿ [Profile] Save PIN clicked. Status:', 'INVALID', 'Value:', ''
[1A[2KWARN: [36m'ΓÜá∩╕Å [Profile] PIN Form is INVALID. Errors:', Object{required: true}[39m
Chrome 149.0.0.0 (Windows 10): Executed 16 of 199[32m SUCCESS[39m (0 secs / 0.214 secs)
WARN: 'ΓÜá∩╕Å [Profile] PIN Form is INVALID. Errors:', Object{required: true}
[1A[2KLOG: [36m'≡ƒöÿ [Profile] Save PIN clicked. Status:', 'INVALID', 'Value:', '12'[39m
Chrome 149.0.0.0 (Windows 10): Executed 16 of 199[32m SUCCESS[39m (0 secs / 0.214 secs)
LOG: '≡ƒöÿ [Profile] Save PIN clicked. Status:', 'INVALID', 'Value:', '12'
[1A[2KWARN: [36m'ΓÜá∩╕Å [Profile] PIN Form is INVALID. Errors:', Object{pattern: Object{requiredPattern: '/^\d{4}$/', actualValue: '12'}}[39m
Chrome 149.0.0.0 (Windows 10): Executed 16 of 199[32m SUCCESS[39m (0 secs / 0.214 secs)
WARN: 'ΓÜá∩╕Å [Profile] PIN Form is INVALID. Errors:', Object{pattern: Object{requiredPattern: '/^\d{4}$/', actualValue: '12'}}
[1A[2KChrome 149.0.0.0 (Windows 10): Executed 17 of 199[32m SUCCESS[39m (0 secs / 0.277 secs)
[1A[2KChrome 149.0.0.0 (Windows 10): Executed 18 of 199[32m SUCCESS[39m (0 secs / 0.285 secs)
[1A[2KLOG: [36m'≡ƒöô [Profile] Opening PIN Modal'[39m
Chrome 149.0.0.0 (Windows 10): Executed 18 of 199[32m SUCCESS[39m (0 secs / 0.285 secs)
LOG: '≡ƒöô [Profile] Opening PIN Modal'
[1A[2KLOG: [36m'≡ƒöÿ [Profile] Save PIN clicked. Status:', 'VALID', 'Value:', '1234'[39m
Chrome 149.0.0.0 (Windows 10): Executed 18 of 199[32m SUCCESS[39m (0 secs / 0.285 secs)
LOG: '≡ƒöÿ [Profile] Save PIN clicked. Status:', 'VALID', 'Value:', '1234'
[1A[2KLOG: [36m'≡ƒôí [Profile] Sending PIN update for user:', 'testuser'[39m
Chrome 149.0.0.0 (Windows 10): Executed 18 of 199[32m SUCCESS[39m (0 secs / 0.285 secs)
LOG: '≡ƒôí [Profile] Sending PIN update for user:', 'testuser'
[1A[2KLOG: [36m'Γ£à [Profile] PIN update response:', Object{}[39m
Chrome 149.0.0.0 (Windows 10): Executed 18 of 199[32m SUCCESS[39m (0 secs / 0.285 secs)
LOG: 'Γ£à [Profile] PIN update response:', Object{}
[1A[2KLOG: [36m'≡ƒöÆ [Profile] Closing PIN Modal'[39m
Chrome 149.0.0.0 (Windows 10): Executed 18 of 199[32m SUCCESS[39m (0 secs / 0.285 secs)
LOG: '≡ƒöÆ [Profile] Closing PIN Modal'
[1A[2KChrome 149.0.0.0 (Windows 10): Executed 19 of 199[32m SUCCESS[39m (0 secs / 0.299 secs)
[1A[2KLOG: [36m'≡ƒöô [Profile] Opening PIN Modal'[39m
Chrome 149.0.0.0 (Windows 10): Executed 19 of 199[32m SUCCESS[39m (0 secs / 0.299 secs)
LOG: '≡ƒöô [Profile] Opening PIN Modal'
[1A[2KLOG: [36m'≡ƒöÆ [Profile] Closing PIN Modal'[39m
Chrome 149.0.0.0 (Windows 10): Executed 19 of 199[32m SUCCESS[39m (0 secs / 0.299 secs)
LOG: '≡ƒöÆ [Profile] Closing PIN Modal'
[1A[2KChrome 149.0.0.0 (Windows 10): Executed 20 of 199[32m SUCCESS[39m (0 secs / 0.308 secs)
[1A[2KLOG: [36m'≡ƒöô [Profile] Opening PIN Modal'[39m
Chrome 149.0.0.0 (Windows 10): Executed 20 of 199[32m SUCCESS[39m (0 secs / 0.308 secs)
LOG: '≡ƒöô [Profile] Opening PIN Modal'
[1A[2KLOG: [36m'≡ƒöÿ [Profile] Save PIN clicked. Status:', 'VALID', 'Value:', '1234'[39m
Chrome 149.0.0.0 (Windows 10): Executed 20 of 199[32m SUCCESS[39m (0 secs / 0.308 secs)
LOG: '≡ƒöÿ [Profile] Save PIN clicked. Status:', 'VALID', 'Value:', '1234'
[1A[2KChrome 149.0.0.0 (Windows 10): Executed 21 of 199[32m SUCCESS[39m (0 secs / 0.319 secs)
[1A[2KChrome 149.0.0.0 (Windows 10): Executed 22 of 199[32m SUCCESS[39m (0 secs / 0.325 secs)
[1A[2KChrome 149.0.0.0 (Windows 10): Executed 23 of 199[32m SUCCESS[39m (0 secs / 0.331 secs)
[1A[2KERROR: [36m'Error loading account balance:', Error: Balance error
Error: Balance error
    at errorFactory (http://localhost:9876/_karma_webpack_/webpack:/src/app/profile/profile.component.spec.ts:93:91)
    at Observable._subscribe (http://localhost:9876/_karma_webpack_/webpack:/node_modules/rxjs/dist/esm/internal/observable/throwError.js:5:51)
    at Observable._trySubscribe (http://localhost:9876/_karma_webpack_/webpack:/node_modules/rxjs/dist/esm/internal/Observable.js:37:25)
    at cb (http://localhost:9876/_karma_webpack_/webpack:/node_modules/rxjs/dist/esm/internal/Observable.js:31:30)
    at errorContext (http://localhost:9876/_karma_webpack_/webpack:/node_modules/rxjs/dist/esm/internal/util/errorContext.js:19:9)
    at Observable.subscribe (http://localhost:9876/_karma_webpack_/webpack:/node_modules/rxjs/dist/esm/internal/Observable.js:22:21)
    at Object.next (http://localhost:9876/_karma_webpack_/webpack:/src/app/profile/profile.component.ts:109:75)
    at ConsumerObserver.next (http://localhost:9876/_karma_webpack_/webpack:/node_modules/rxjs/dist/esm/internal/Subscriber.js:91:33)
    at SafeSubscriber._next (http://localhost:9876/_karma_webpack_/webpack:/node_modules/rxjs/dist/esm/internal/Subscriber.js:60:26)
    at SafeSubscriber.next (http://localhost:9876/_karma_webpack_/webpack:/node_modules/rxjs/dist/esm/internal/Subscriber.js:31:18)[39m
Chrome 149.0.0.0 (Windows 10): Executed 23 of 199[32m SUCCESS[39m (0 secs / 0.331 secs)
ERROR: 'Error loading account balance:', Error: Balance error
Error: Balance error
    at errorFactory (http://localhost:9876/_karma_webpack_/webpack:/src/app/profile/profile.component.spec.ts:93:91)
    at Observable._subscribe (http://localhost:9876/_karma_webpack_/webpack:/node_modules/rxjs/dist/esm/internal/observable/throwError.js:5:51)
    at Observable._trySubscribe (http://localhost:9876/_karma_webpack_/webpack:/node_modules/rxjs/dist/esm/internal/Observable.js:37:25)
    at cb (http://localhost:9876/_karma_webpack_/webpack:/node_modules/rxjs/dist/esm/internal/Observable.js:31:30)
    at errorContext (http://localhost:9876/_karma_webpack_/webpack:/node_modules/rxjs/dist/esm/internal/util/errorContext.js:19:9)
    at Observable.subscribe (http://localhost:9876/_karma_webpack_/webpack:/node_modules/rxjs/dist/esm/internal/Observable.js:22:21)
    at Object.next (http://localhost:9876/_karma_webpack_/webpack:/src/app/profile/profile.component.ts:109:75)
    at ConsumerObserver.next (http://localhost:9876/_karma_webpack_/webpack:/node_modules/rxjs/dist/esm/internal/Subscriber.js:91:33)
    at SafeSubscriber._next (http://localhost:9876/_karma_webpack_/webpack:/node_modules/rxjs/dist/esm/internal/Subscriber.js:60:26)
    at SafeSubscriber.next (http://localhost:9876/_karma_webpack_/webpack:/node_modules/rxjs/dist/esm/internal/Subscriber.js:31:18)
[1A[2KChrome 149.0.0.0 (Windows 10): Executed 24 of 199[32m SUCCESS[39m (0 secs / 0.336 secs)
[1A[2KLOG: [36m'≡ƒöô [Profile] Opening PIN Modal'[39m
Chrome 149.0.0.0 (Windows 10): Executed 24 of 199[32m SUCCESS[39m (0 secs / 0.336 secs)
LOG: '≡ƒöô [Profile] Opening PIN Modal'
[1A[2KLOG: [36m'≡ƒöÿ [Profile] Save PIN clicked. Status:', 'VALID', 'Value:', '1234'[39m
Chrome 149.0.0.0 (Windows 10): Executed 24 of 199[32m SUCCESS[39m (0 secs / 0.336 secs)
LOG: '≡ƒöÿ [Profile] Save PIN clicked. Status:', 'VALID', 'Value:', '1234'
[1A[2KLOG: [36m'≡ƒôí [Profile] Sending PIN update for user:', 'testuser'[39m
Chrome 149.0.0.0 (Windows 10): Executed 24 of 199[32m SUCCESS[39m (0 secs / 0.336 secs)
LOG: '≡ƒôí [Profile] Sending PIN update for user:', 'testuser'
[1A[2KERROR: [36m'Γ¥î [Profile] Set PIN error:', Error: Bank details not found
Error: Bank details not found
    at errorFactory (http://localhost:9876/_karma_webpack_/webpack:/src/app/profile/profile.component.spec.ts:250:52)
    at Observable._subscribe (http://localhost:9876/_karma_webpack_/webpack:/node_modules/rxjs/dist/esm/internal/observable/throwError.js:5:51)
    at Observable._trySubscribe (http://localhost:9876/_karma_webpack_/webpack:/node_modules/rxjs/dist/esm/internal/Observable.js:37:25)
    at cb (http://localhost:9876/_karma_webpack_/webpack:/node_modules/rxjs/dist/esm/internal/Observable.js:31:30)
    at errorContext (http://localhost:9876/_karma_webpack_/webpack:/node_modules/rxjs/dist/esm/internal/util/errorContext.js:19:9)
    at Observable.subscribe (http://localhost:9876/_karma_webpack_/webpack:/node_modules/rxjs/dist/esm/internal/Observable.js:22:21)
    at ProfileComponent.onSavePin (http://localhost:9876/_karma_webpack_/webpack:/src/app/profile/profile.component.ts:224:53)
    at UserContext.apply (http://localhost:9876/_karma_webpack_/webpack:/src/app/profile/profile.component.spec.ts:251:19)
    at _ZoneDelegate.invoke (http://localhost:9876/_karma_webpack_/webpack:/node_modules/zone.js/fesm2015/zone.js:358:158)
    at _ProxyZoneSpec.onInvoke (http://localhost:9876/_karma_webpack_/webpack:/node_modules/zone.js/fesm2015/zone-testing.js:956:33)[39m
Chrome 149.0.0.0 (Windows 10): Executed 24 of 199[32m SUCCESS[39m (0 secs / 0.336 secs)
ERROR: 'Γ¥î [Profile] Set PIN error:', Error: Bank details not found
Error: Bank details not found
    at errorFactory (http://localhost:9876/_karma_webpack_/webpack:/src/app/profile/profile.component.spec.ts:250:52)
    at Observable._subscribe (http://localhost:9876/_karma_webpack_/webpack:/node_modules/rxjs/dist/esm/internal/observable/throwError.js:5:51)
    at Observable._trySubscribe (http://localhost:9876/_karma_webpack_/webpack:/node_modules/rxjs/dist/esm/internal/Observable.js:37:25)
    at cb (http://localhost:9876/_karma_webpack_/webpack:/node_modules/rxjs/dist/esm/internal/Observable.js:31:30)
    at errorContext (http://localhost:9876/_karma_webpack_/webpack:/node_modules/rxjs/dist/esm/internal/util/errorContext.js:19:9)
    at Observable.subscribe (http://localhost:9876/_karma_webpack_/webpack:/node_modules/rxjs/dist/esm/internal/Observable.js:22:21)
    at ProfileComponent.onSavePin (http://localhost:9876/_karma_webpack_/webpack:/src/app/profile/profile.component.ts:224:53)
    at UserContext.apply (http://localhost:9876/_karma_webpack_/webpack:/src/app/profile/profile.component.spec.ts:251:19)
    at _ZoneDelegate.invoke (http://localhost:9876/_karma_webpack_/webpack:/node_modules/zone.js/fesm2015/zone.js:358:158)
    at _ProxyZoneSpec.onInvoke (http://localhost:9876/_karma_webpack_/webpack:/node_modules/zone.js/fesm2015/zone-testing.js:956:33)
[1A[2KLOG: [36m'≡ƒöÿ [Profile] Save PIN clicked. Status:', 'VALID', 'Value:', '1234'[39m
Chrome 149.0.0.0 (Windows 10): Executed 24 of 199[32m SUCCESS[39m (0 secs / 0.336 secs)
LOG: '≡ƒöÿ [Profile] Save PIN clicked. Status:', 'VALID', 'Value:', '1234'
[1A[2KLOG: [36m'≡ƒôí [Profile] Sending PIN update for user:', 'testuser'[39m
Chrome 149.0.0.0 (Windows 10): Executed 24 of 199[32m SUCCESS[39m (0 secs / 0.336 secs)
LOG: '≡ƒôí [Profile] Sending PIN update for user:', 'testuser'
[1A[2KERROR: [36m'Γ¥î [Profile] Set PIN error:', Error: Internal error
Error: Internal error
    at errorFactory (http://localhost:9876/_karma_webpack_/webpack:/src/app/profile/profile.component.spec.ts:254:52)
    at Observable._subscribe (http://localhost:9876/_karma_webpack_/webpack:/node_modules/rxjs/dist/esm/internal/observable/throwError.js:5:51)
    at Observable._trySubscribe (http://localhost:9876/_karma_webpack_/webpack:/node_modules/rxjs/dist/esm/internal/Observable.js:37:25)
    at cb (http://localhost:9876/_karma_webpack_/webpack:/node_modules/rxjs/dist/esm/internal/Observable.js:31:30)
    at errorContext (http://localhost:9876/_karma_webpack_/webpack:/node_modules/rxjs/dist/esm/internal/util/errorContext.js:19:9)
    at Observable.subscribe (http://localhost:9876/_karma_webpack_/webpack:/node_modules/rxjs/dist/esm/internal/Observable.js:22:21)
    at ProfileComponent.onSavePin (http://localhost:9876/_karma_webpack_/webpack:/src/app/profile/profile.component.ts:224:53)
    at UserContext.apply (http://localhost:9876/_karma_webpack_/webpack:/src/app/profile/profile.component.spec.ts:255:19)
    at _ZoneDelegate.invoke (http://localhost:9876/_karma_webpack_/webpack:/node_modules/zone.js/fesm2015/zone.js:358:158)
    at _ProxyZoneSpec.onInvoke (http://localhost:9876/_karma_webpack_/webpack:/node_modules/zone.js/fesm2015/zone-testing.js:956:33)[39m
Chrome 149.0.0.0 (Windows 10): Executed 24 of 199[32m SUCCESS[39m (0 secs / 0.336 secs)
ERROR: 'Γ¥î [Profile] Set PIN error:', Error: Internal error
Error: Internal error
    at errorFactory (http://localhost:9876/_karma_webpack_/webpack:/src/app/profile/profile.component.spec.ts:254:52)
    at Observable._subscribe (http://localhost:9876/_karma_webpack_/webpack:/node_modules/rxjs/dist/esm/internal/observable/throwError.js:5:51)
    at Observable._trySubscribe (http://localhost:9876/_karma_webpack_/webpack:/node_modules/rxjs/dist/esm/internal/Observable.js:37:25)
    at cb (http://localhost:9876/_karma_webpack_/webpack:/node_modules/rxjs/dist/esm/internal/Observable.js:31:30)
    at errorContext (http://localhost:9876/_karma_webpack_/webpack:/node_modules/rxjs/dist/esm/internal/util/errorContext.js:19:9)
    at Observable.subscribe (http://localhost:9876/_karma_webpack_/webpack:/node_modules/rxjs/dist/esm/internal/Observable.js:22:21)
    at ProfileComponent.onSavePin (http://localhost:9876/_karma_webpack_/webpack:/src/app/profile/profile.component.ts:224:53)
    at UserContext.apply (http://localhost:9876/_karma_webpack_/webpack:/src/app/profile/profile.component.spec.ts:255:19)
    at _ZoneDelegate.invoke (http://localhost:9876/_karma_webpack_/webpack:/node_modules/zone.js/fesm2015/zone.js:358:158)
    at _ProxyZoneSpec.onInvoke (http://localhost:9876/_karma_webpack_/webpack:/node_modules/zone.js/fesm2015/zone-testing.js:956:33)
[1A[2KChrome 149.0.0.0 (Windows 10): Executed 25 of 199[32m SUCCESS[39m (0 secs / 0.347 secs)
[1A[2KChrome 149.0.0.0 (Windows 10): Executed 26 of 199[32m SUCCESS[39m (0 secs / 0.353 secs)
[1A[2KChrome 149.0.0.0 (Windows 10): Executed 27 of 199[32m SUCCESS[39m (0 secs / 0.359 secs)
[1A[2KChrome 149.0.0.0 (Windows 10): Executed 28 of 199[32m SUCCESS[39m (0 secs / 0.361 secs)
[1A[2KChrome 149.0.0.0 (Windows 10): Executed 29 of 199[32m SUCCESS[39m (0 secs / 0.362 secs)
[1A[2KChrome 149.0.0.0 (Windows 10): Executed 30 of 199[32m SUCCESS[39m (0 secs / 0.383 secs)
[1A[2KChrome 149.0.0.0 (Windows 10): Executed 31 of 199[32m SUCCESS[39m (0 secs / 0.387 secs)
[1A[2KERROR: [36m'Error fetching bank details:', Error: Not found
Error: Not found
    at errorFactory (http://localhost:9876/_karma_webpack_/webpack:/src/app/rewards/rewards.component.spec.ts:78:78)
    at Observable._subscribe (http://localhost:9876/_karma_webpack_/webpack:/node_modules/rxjs/dist/esm/internal/observable/throwError.js:5:51)
    at Observable._trySubscribe (http://localhost:9876/_karma_webpack_/webpack:/node_modules/rxjs/dist/esm/internal/Observable.js:37:25)
    at cb (http://localhost:9876/_karma_webpack_/webpack:/node_modules/rxjs/dist/esm/internal/Observable.js:31:30)
    at errorContext (http://localhost:9876/_karma_webpack_/webpack:/node_modules/rxjs/dist/esm/internal/util/errorContext.js:19:9)
    at Observable.subscribe (http://localhost:9876/_karma_webpack_/webpack:/node_modules/rxjs/dist/esm/internal/Observable.js:22:21)
    at RewardsComponent.loadRewardsData (http://localhost:9876/_karma_webpack_/webpack:/src/app/rewards/rewards.component.ts:46:57)
    at RewardsComponent.call [as ngOnInit] (http://localhost:9876/_karma_webpack_/webpack:/src/app/rewards/rewards.component.ts:38:12)
    at callHookInternal (http://localhost:9876/_karma_webpack_/webpack:/node_modules/@angular/core/fesm2022/_debug_node-chunk.mjs:555:10)
    at callHook (http://localhost:9876/_karma_webpack_/webpack:/node_modules/@angular/core/fesm2022/_debug_node-chunk.mjs:570:7)[39m
Chrome 149.0.0.0 (Windows 10): Executed 31 of 199[32m SUCCESS[39m (0 secs / 0.387 secs)
ERROR: 'Error fetching bank details:', Error: Not found
Error: Not found
    at errorFactory (http://localhost:9876/_karma_webpack_/webpack:/src/app/rewards/rewards.component.spec.ts:78:78)
    at Observable._subscribe (http://localhost:9876/_karma_webpack_/webpack:/node_modules/rxjs/dist/esm/internal/observable/throwError.js:5:51)
    at Observable._trySubscribe (http://localhost:9876/_karma_webpack_/webpack:/node_modules/rxjs/dist/esm/internal/Observable.js:37:25)
    at cb (http://localhost:9876/_karma_webpack_/webpack:/node_modules/rxjs/dist/esm/internal/Observable.js:31:30)
    at errorContext (http://localhost:9876/_karma_webpack_/webpack:/node_modules/rxjs/dist/esm/internal/util/errorContext.js:19:9)
    at Observable.subscribe (http://localhost:9876/_karma_webpack_/webpack:/node_modules/rxjs/dist/esm/internal/Observable.js:22:21)
    at RewardsComponent.loadRewardsData (http://localhost:9876/_karma_webpack_/webpack:/src/app/rewards/rewards.component.ts:46:57)
    at RewardsComponent.call [as ngOnInit] (http://localhost:9876/_karma_webpack_/webpack:/src/app/rewards/rewards.component.ts:38:12)
    at callHookInternal (http://localhost:9876/_karma_webpack_/webpack:/node_modules/@angular/core/fesm2022/_debug_node-chunk.mjs:555:10)
    at callHook (http://localhost:9876/_karma_webpack_/webpack:/node_modules/@angular/core/fesm2022/_debug_node-chunk.mjs:570:7)
[1A[2KChrome 149.0.0.0 (Windows 10): Executed 32 of 199[32m SUCCESS[39m (0 secs / 0.392 secs)
[1A[2KChrome 149.0.0.0 (Windows 10): Executed 33 of 199[32m SUCCESS[39m (0 secs / 0.396 secs)
[1A[2KChrome 149.0.0.0 (Windows 10): Executed 34 of 199[32m SUCCESS[39m (0 secs / 0.399 secs)
[1A[2KERROR: [36m'Error fetching reward history:', Error: History error
Error: History error
    at errorFactory (http://localhost:9876/_karma_webpack_/webpack:/src/app/rewards/rewards.component.spec.ts:141:72)
    at Observable._subscribe (http://localhost:9876/_karma_webpack_/webpack:/node_modules/rxjs/dist/esm/internal/observable/throwError.js:5:51)
    at Observable._trySubscribe (http://localhost:9876/_karma_webpack_/webpack:/node_modules/rxjs/dist/esm/internal/Observable.js:37:25)
    at cb (http://localhost:9876/_karma_webpack_/webpack:/node_modules/rxjs/dist/esm/internal/Observable.js:31:30)
    at errorContext (http://localhost:9876/_karma_webpack_/webpack:/node_modules/rxjs/dist/esm/internal/util/errorContext.js:19:9)
    at Observable.subscribe (http://localhost:9876/_karma_webpack_/webpack:/node_modules/rxjs/dist/esm/internal/Observable.js:22:21)
    at Object.next (http://localhost:9876/_karma_webpack_/webpack:/src/app/rewards/rewards.component.ts:88:56)
    at ConsumerObserver.next (http://localhost:9876/_karma_webpack_/webpack:/node_modules/rxjs/dist/esm/internal/Subscriber.js:91:33)
    at SafeSubscriber._next (http://localhost:9876/_karma_webpack_/webpack:/node_modules/rxjs/dist/esm/internal/Subscriber.js:60:26)
    at SafeSubscriber.next (http://localhost:9876/_karma_webpack_/webpack:/node_modules/rxjs/dist/esm/internal/Subscriber.js:31:18)[39m
Chrome 149.0.0.0 (Windows 10): Executed 34 of 199[32m SUCCESS[39m (0 secs / 0.399 secs)
ERROR: 'Error fetching reward history:', Error: History error
Error: History error
    at errorFactory (http://localhost:9876/_karma_webpack_/webpack:/src/app/rewards/rewards.component.spec.ts:141:72)
    at Observable._subscribe (http://localhost:9876/_karma_webpack_/webpack:/node_modules/rxjs/dist/esm/internal/observable/throwError.js:5:51)
    at Observable._trySubscribe (http://localhost:9876/_karma_webpack_/webpack:/node_modules/rxjs/dist/esm/internal/Observable.js:37:25)
    at cb (http://localhost:9876/_karma_webpack_/webpack:/node_modules/rxjs/dist/esm/internal/Observable.js:31:30)
    at errorContext (http://localhost:9876/_karma_webpack_/webpack:/node_modules/rxjs/dist/esm/internal/util/errorContext.js:19:9)
    at Observable.subscribe (http://localhost:9876/_karma_webpack_/webpack:/node_modules/rxjs/dist/esm/internal/Observable.js:22:21)
    at Object.next (http://localhost:9876/_karma_webpack_/webpack:/src/app/rewards/rewards.component.ts:88:56)
    at ConsumerObserver.next (http://localhost:9876/_karma_webpack_/webpack:/node_modules/rxjs/dist/esm/internal/Subscriber.js:91:33)
    at SafeSubscriber._next (http://localhost:9876/_karma_webpack_/webpack:/node_modules/rxjs/dist/esm/internal/Subscriber.js:60:26)
    at SafeSubscriber.next (http://localhost:9876/_karma_webpack_/webpack:/node_modules/rxjs/dist/esm/internal/Subscriber.js:31:18)
[1A[2KChrome 149.0.0.0 (Windows 10): Executed 35 of 199[32m SUCCESS[39m (0 secs / 0.406 secs)
[1A[2KChrome 149.0.0.0 (Windows 10): Executed 36 of 199[32m SUCCESS[39m (0 secs / 0.41 secs)
[1A[2KERROR: [36m'Error initializing reward account:', Error: Init error
Error: Init error
    at errorFactory (http://localhost:9876/_karma_webpack_/webpack:/src/app/rewards/rewards.component.spec.ts:122:79)
    at Observable._subscribe (http://localhost:9876/_karma_webpack_/webpack:/node_modules/rxjs/dist/esm/internal/observable/throwError.js:5:51)
    at Observable._trySubscribe (http://localhost:9876/_karma_webpack_/webpack:/node_modules/rxjs/dist/esm/internal/Observable.js:37:25)
    at cb (http://localhost:9876/_karma_webpack_/webpack:/node_modules/rxjs/dist/esm/internal/Observable.js:31:30)
    at errorContext (http://localhost:9876/_karma_webpack_/webpack:/node_modules/rxjs/dist/esm/internal/util/errorContext.js:19:9)
    at Observable.subscribe (http://localhost:9876/_karma_webpack_/webpack:/node_modules/rxjs/dist/esm/internal/Observable.js:22:21)
    at RewardsComponent.fetchRewards (http://localhost:9876/_karma_webpack_/webpack:/src/app/rewards/rewards.component.ts:83:59)
    at Object.next (http://localhost:9876/_karma_webpack_/webpack:/src/app/rewards/rewards.component.ts:53:22)
    at ConsumerObserver.next (http://localhost:9876/_karma_webpack_/webpack:/node_modules/rxjs/dist/esm/internal/Subscriber.js:91:33)
    at SafeSubscriber._next (http://localhost:9876/_karma_webpack_/webpack:/node_modules/rxjs/dist/esm/internal/Subscriber.js:60:26)[39m
Chrome 149.0.0.0 (Windows 10): Executed 36 of 199[32m SUCCESS[39m (0 secs / 0.41 secs)
ERROR: 'Error initializing reward account:', Error: Init error
Error: Init error
    at errorFactory (http://localhost:9876/_karma_webpack_/webpack:/src/app/rewards/rewards.component.spec.ts:122:79)
    at Observable._subscribe (http://localhost:9876/_karma_webpack_/webpack:/node_modules/rxjs/dist/esm/internal/observable/throwError.js:5:51)
    at Observable._trySubscribe (http://localhost:9876/_karma_webpack_/webpack:/node_modules/rxjs/dist/esm/internal/Observable.js:37:25)
    at cb (http://localhost:9876/_karma_webpack_/webpack:/node_modules/rxjs/dist/esm/internal/Observable.js:31:30)
    at errorContext (http://localhost:9876/_karma_webpack_/webpack:/node_modules/rxjs/dist/esm/internal/util/errorContext.js:19:9)
    at Observable.subscribe (http://localhost:9876/_karma_webpack_/webpack:/node_modules/rxjs/dist/esm/internal/Observable.js:22:21)
    at RewardsComponent.fetchRewards (http://localhost:9876/_karma_webpack_/webpack:/src/app/rewards/rewards.component.ts:83:59)
    at Object.next (http://localhost:9876/_karma_webpack_/webpack:/src/app/rewards/rewards.component.ts:53:22)
    at ConsumerObserver.next (http://localhost:9876/_karma_webpack_/webpack:/node_modules/rxjs/dist/esm/internal/Subscriber.js:91:33)
    at SafeSubscriber._next (http://localhost:9876/_karma_webpack_/webpack:/node_modules/rxjs/dist/esm/internal/Subscriber.js:60:26)
[1A[2KChrome 149.0.0.0 (Windows 10): Executed 37 of 199[32m SUCCESS[39m (0 secs / 0.414 secs)
[1A[2KChrome 149.0.0.0 (Windows 10): Executed 38 of 199[32m SUCCESS[39m (0 secs / 0.417 secs)
[1A[2KChrome 149.0.0.0 (Windows 10): Executed 39 of 199[32m SUCCESS[39m (0 secs / 0.42 secs)
[1A[2KChrome 149.0.0.0 (Windows 10): Executed 40 of 199[32m SUCCESS[39m (0 secs / 0.423 secs)
[1A[2KERROR: [36m'Error fetching account details:', Error: Account error
Error: Account error
    at errorFactory (http://localhost:9876/_karma_webpack_/webpack:/src/app/rewards/rewards.component.spec.ts:99:80)
    at Observable._subscribe (http://localhost:9876/_karma_webpack_/webpack:/node_modules/rxjs/dist/esm/internal/observable/throwError.js:5:51)
    at Observable._trySubscribe (http://localhost:9876/_karma_webpack_/webpack:/node_modules/rxjs/dist/esm/internal/Observable.js:37:25)
    at cb (http://localhost:9876/_karma_webpack_/webpack:/node_modules/rxjs/dist/esm/internal/Observable.js:31:30)
    at errorContext (http://localhost:9876/_karma_webpack_/webpack:/node_modules/rxjs/dist/esm/internal/util/errorContext.js:19:9)
    at Observable.subscribe (http://localhost:9876/_karma_webpack_/webpack:/node_modules/rxjs/dist/esm/internal/Observable.js:22:21)
    at Object.next (http://localhost:9876/_karma_webpack_/webpack:/src/app/rewards/rewards.component.ts:49:82)
    at ConsumerObserver.next (http://localhost:9876/_karma_webpack_/webpack:/node_modules/rxjs/dist/esm/internal/Subscriber.js:91:33)
    at SafeSubscriber._next (http://localhost:9876/_karma_webpack_/webpack:/node_modules/rxjs/dist/esm/internal/Subscriber.js:60:26)
    at SafeSubscriber.next (http://localhost:9876/_karma_webpack_/webpack:/node_modules/rxjs/dist/esm/internal/Subscriber.js:31:18)[39m
Chrome 149.0.0.0 (Windows 10): Executed 40 of 199[32m SUCCESS[39m (0 secs / 0.423 secs)
ERROR: 'Error fetching account details:', Error: Account error
Error: Account error
    at errorFactory (http://localhost:9876/_karma_webpack_/webpack:/src/app/rewards/rewards.component.spec.ts:99:80)
    at Observable._subscribe (http://localhost:9876/_karma_webpack_/webpack:/node_modules/rxjs/dist/esm/internal/observable/throwError.js:5:51)
    at Observable._trySubscribe (http://localhost:9876/_karma_webpack_/webpack:/node_modules/rxjs/dist/esm/internal/Observable.js:37:25)
    at cb (http://localhost:9876/_karma_webpack_/webpack:/node_modules/rxjs/dist/esm/internal/Observable.js:31:30)
    at errorContext (http://localhost:9876/_karma_webpack_/webpack:/node_modules/rxjs/dist/esm/internal/util/errorContext.js:19:9)
    at Observable.subscribe (http://localhost:9876/_karma_webpack_/webpack:/node_modules/rxjs/dist/esm/internal/Observable.js:22:21)
    at Object.next (http://localhost:9876/_karma_webpack_/webpack:/src/app/rewards/rewards.component.ts:49:82)
    at ConsumerObserver.next (http://localhost:9876/_karma_webpack_/webpack:/node_modules/rxjs/dist/esm/internal/Subscriber.js:91:33)
    at SafeSubscriber._next (http://localhost:9876/_karma_webpack_/webpack:/node_modules/rxjs/dist/esm/internal/Subscriber.js:60:26)
    at SafeSubscriber.next (http://localhost:9876/_karma_webpack_/webpack:/node_modules/rxjs/dist/esm/internal/Subscriber.js:31:18)
[1A[2KChrome 149.0.0.0 (Windows 10): Executed 41 of 199[32m SUCCESS[39m (0 secs / 0.427 secs)
[1A[2KLOG: [36m'[AccountSetup] ngOnInit: Checking user session...'[39m
Chrome 149.0.0.0 (Windows 10): Executed 41 of 199[32m SUCCESS[39m (0 secs / 0.427 secs)
LOG: '[AccountSetup] ngOnInit: Checking user session...'
[1A[2KLOG: [36m'[AccountSetup] ngOnInit: Current user:', Object{name: 'Alice', email: 'alice@company.com'}[39m
Chrome 149.0.0.0 (Windows 10): Executed 41 of 199[32m SUCCESS[39m (0 secs / 0.427 secs)
LOG: '[AccountSetup] ngOnInit: Current user:', Object{name: 'Alice', email: 'alice@company.com'}
[1A[2KLOG: [36m'[AccountSetup] ngOnInit: Querying bank details for user:', 'Alice'[39m
Chrome 149.0.0.0 (Windows 10): Executed 41 of 199[32m SUCCESS[39m (0 secs / 0.427 secs)
LOG: '[AccountSetup] ngOnInit: Querying bank details for user:', 'Alice'
[1A[2KLOG: [36m'[AccountSetup] ngOnInit: No existing bank details found. Staying on page. Error details:', Error: Not found
Error: Not found
    at errorFactory (http://localhost:9876/_karma_webpack_/webpack:/src/app/account-setup/account-setup.component.spec.ts:34:62)
    at Observable._subscribe (http://localhost:9876/_karma_webpack_/webpack:/node_modules/rxjs/dist/esm/internal/observable/throwError.js:5:51)
    at Observable._trySubscribe (http://localhost:9876/_karma_webpack_/webpack:/node_modules/rxjs/dist/esm/internal/Observable.js:37:25)
    at cb (http://localhost:9876/_karma_webpack_/webpack:/node_modules/rxjs/dist/esm/internal/Observable.js:31:30)
    at errorContext (http://localhost:9876/_karma_webpack_/webpack:/node_modules/rxjs/dist/esm/internal/util/errorContext.js:19:9)
    at Observable.subscribe (http://localhost:9876/_karma_webpack_/webpack:/node_modules/rxjs/dist/esm/internal/Observable.js:22:21)
    at AccountSetupComponent.call [as ngOnInit] (http://localhost:9876/_karma_webpack_/webpack:/src/app/account-setup/account-setup.component.ts:107:44)
    at callHookInternal (http://localhost:9876/_karma_webpack_/webpack:/node_modules/@angular/core/fesm2022/_debug_node-chunk.mjs:555:10)
    at callHook (http://localhost:9876/_karma_webpack_/webpack:/node_modules/@angular/core/fesm2022/_debug_node-chunk.mjs:570:7)
    at callHooks (http://localhost:9876/_karma_webpack_/webpack:/node_modules/@angular/core/fesm2022/_debug_node-chunk.mjs:544:9)[39m
Chrome 149.0.0.0 (Windows 10): Executed 41 of 199[32m SUCCESS[39m (0 secs / 0.427 secs)
LOG: '[AccountSetup] ngOnInit: No existing bank details found. Staying on page. Error details:', Error: Not found
Error: Not found
    at errorFactory (http://localhost:9876/_karma_webpack_/webpack:/src/app/account-setup/account-setup.component.spec.ts:34:62)
    at Observable._subscribe (http://localhost:9876/_karma_webpack_/webpack:/node_modules/rxjs/dist/esm/internal/observable/throwError.js:5:51)
    at Observable._trySubscribe (http://localhost:9876/_karma_webpack_/webpack:/node_modules/rxjs/dist/esm/internal/Observable.js:37:25)
    at cb (http://localhost:9876/_karma_webpack_/webpack:/node_modules/rxjs/dist/esm/internal/Observable.js:31:30)
    at errorContext (http://localhost:9876/_karma_webpack_/webpack:/node_modules/rxjs/dist/esm/internal/util/errorContext.js:19:9)
    at Observable.subscribe (http://localhost:9876/_karma_webpack_/webpack:/node_modules/rxjs/dist/esm/internal/Observable.js:22:21)
    at AccountSetupComponent.call [as ngOnInit] (http://localhost:9876/_karma_webpack_/webpack:/src/app/account-setup/account-setup.component.ts:107:44)
    at callHookInternal (http://localhost:9876/_karma_webpack_/webpack:/node_modules/@angular/core/fesm2022/_debug_node-chunk.mjs:555:10)
    at callHook (http://localhost:9876/_karma_webpack_/webpack:/node_modules/@angular/core/fesm2022/_debug_node-chunk.mjs:570:7)
    at callHooks (http://localhost:9876/_karma_webpack_/webpack:/node_modules/@angular/core/fesm2022/_debug_node-chunk.mjs:544:9)
[1A[2KChrome 149.0.0.0 (Windows 10): Executed 42 of 199[32m SUCCESS[39m (0 secs / 0.469 secs)
[1A[2KLOG: [36m'[AccountSetup] ngOnInit: Checking user session...'[39m
Chrome 149.0.0.0 (Windows 10): Executed 42 of 199[32m SUCCESS[39m (0 secs / 0.469 secs)
LOG: '[AccountSetup] ngOnInit: Checking user session...'
[1A[2KLOG: [36m'[AccountSetup] ngOnInit: Current user:', Object{name: 'Alice', email: 'alice@company.com'}[39m
Chrome 149.0.0.0 (Windows 10): Executed 42 of 199[32m SUCCESS[39m (0 secs / 0.469 secs)
LOG: '[AccountSetup] ngOnInit: Current user:', Object{name: 'Alice', email: 'alice@company.com'}
[1A[2KLOG: [36m'[AccountSetup] ngOnInit: Querying bank details for user:', 'Alice'[39m
Chrome 149.0.0.0 (Windows 10): Executed 42 of 199[32m SUCCESS[39m (0 secs / 0.469 secs)
LOG: '[AccountSetup] ngOnInit: Querying bank details for user:', 'Alice'
[1A[2KLOG: [36m'[AccountSetup] ngOnInit: No existing bank details found. Staying on page. Error details:', Error: Not found
Error: Not found
    at errorFactory (http://localhost:9876/_karma_webpack_/webpack:/src/app/account-setup/account-setup.component.spec.ts:34:62)
    at Observable._subscribe (http://localhost:9876/_karma_webpack_/webpack:/node_modules/rxjs/dist/esm/internal/observable/throwError.js:5:51)
    at Observable._trySubscribe (http://localhost:9876/_karma_webpack_/webpack:/node_modules/rxjs/dist/esm/internal/Observable.js:37:25)
    at cb (http://localhost:9876/_karma_webpack_/webpack:/node_modules/rxjs/dist/esm/internal/Observable.js:31:30)
    at errorContext (http://localhost:9876/_karma_webpack_/webpack:/node_modules/rxjs/dist/esm/internal/util/errorContext.js:19:9)
    at Observable.subscribe (http://localhost:9876/_karma_webpack_/webpack:/node_modules/rxjs/dist/esm/internal/Observable.js:22:21)
    at AccountSetupComponent.call [as ngOnInit] (http://localhost:9876/_karma_webpack_/webpack:/src/app/account-setup/account-setup.component.ts:107:44)
    at callHookInternal (http://localhost:9876/_karma_webpack_/webpack:/node_modules/@angular/core/fesm2022/_debug_node-chunk.mjs:555:10)
    at callHook (http://localhost:9876/_karma_webpack_/webpack:/node_modules/@angular/core/fesm2022/_debug_node-chunk.mjs:570:7)
    at callHooks (http://localhost:9876/_karma_webpack_/webpack:/node_modules/@angular/core/fesm2022/_debug_node-chunk.mjs:544:9)[39m
Chrome 149.0.0.0 (Windows 10): Executed 42 of 199[32m SUCCESS[39m (0 secs / 0.469 secs)
LOG: '[AccountSetup] ngOnInit: No existing bank details found. Staying on page. Error details:', Error: Not found
Error: Not found
    at errorFactory (http://localhost:9876/_karma_webpack_/webpack:/src/app/account-setup/account-setup.component.spec.ts:34:62)
    at Observable._subscribe (http://localhost:9876/_karma_webpack_/webpack:/node_modules/rxjs/dist/esm/internal/observable/throwError.js:5:51)
    at Observable._trySubscribe (http://localhost:9876/_karma_webpack_/webpack:/node_modules/rxjs/dist/esm/internal/Observable.js:37:25)
    at cb (http://localhost:9876/_karma_webpack_/webpack:/node_modules/rxjs/dist/esm/internal/Observable.js:31:30)
    at errorContext (http://localhost:9876/_karma_webpack_/webpack:/node_modules/rxjs/dist/esm/internal/util/errorContext.js:19:9)
    at Observable.subscribe (http://localhost:9876/_karma_webpack_/webpack:/node_modules/rxjs/dist/esm/internal/Observable.js:22:21)
    at AccountSetupComponent.call [as ngOnInit] (http://localhost:9876/_karma_webpack_/webpack:/src/app/account-setup/account-setup.component.ts:107:44)
    at callHookInternal (http://localhost:9876/_karma_webpack_/webpack:/node_modules/@angular/core/fesm2022/_debug_node-chunk.mjs:555:10)
    at callHook (http://localhost:9876/_karma_webpack_/webpack:/node_modules/@angular/core/fesm2022/_debug_node-chunk.mjs:570:7)
    at callHooks (http://localhost:9876/_karma_webpack_/webpack:/node_modules/@angular/core/fesm2022/_debug_node-chunk.mjs:544:9)
[1A[2KChrome 149.0.0.0 (Windows 10): Executed 43 of 199[32m SUCCESS[39m (0 secs / 0.478 secs)
[1A[2KLOG: [36m'[AccountSetup] ngOnInit: Checking user session...'[39m
Chrome 149.0.0.0 (Windows 10): Executed 43 of 199[32m SUCCESS[39m (0 secs / 0.478 secs)
LOG: '[AccountSetup] ngOnInit: Checking user session...'
[1A[2KLOG: [36m'[AccountSetup] ngOnInit: Current user:', Object{name: 'Alice', email: 'alice@company.com'}[39m
Chrome 149.0.0.0 (Windows 10): Executed 43 of 199[32m SUCCESS[39m (0 secs / 0.478 secs)
LOG: '[AccountSetup] ngOnInit: Current user:', Object{name: 'Alice', email: 'alice@company.com'}
[1A[2KLOG: [36m'[AccountSetup] ngOnInit: Querying bank details for user:', 'Alice'[39m
Chrome 149.0.0.0 (Windows 10): Executed 43 of 199[32m SUCCESS[39m (0 secs / 0.478 secs)
LOG: '[AccountSetup] ngOnInit: Querying bank details for user:', 'Alice'
[1A[2KLOG: [36m'[AccountSetup] ngOnInit: No existing bank details found. Staying on page. Error details:', Error: Not found
Error: Not found
    at errorFactory (http://localhost:9876/_karma_webpack_/webpack:/src/app/account-setup/account-setup.component.spec.ts:34:62)
    at Observable._subscribe (http://localhost:9876/_karma_webpack_/webpack:/node_modules/rxjs/dist/esm/internal/observable/throwError.js:5:51)
    at Observable._trySubscribe (http://localhost:9876/_karma_webpack_/webpack:/node_modules/rxjs/dist/esm/internal/Observable.js:37:25)
    at cb (http://localhost:9876/_karma_webpack_/webpack:/node_modules/rxjs/dist/esm/internal/Observable.js:31:30)
    at errorContext (http://localhost:9876/_karma_webpack_/webpack:/node_modules/rxjs/dist/esm/internal/util/errorContext.js:19:9)
    at Observable.subscribe (http://localhost:9876/_karma_webpack_/webpack:/node_modules/rxjs/dist/esm/internal/Observable.js:22:21)
    at AccountSetupComponent.call [as ngOnInit] (http://localhost:9876/_karma_webpack_/webpack:/src/app/account-setup/account-setup.component.ts:107:44)
    at callHookInternal (http://localhost:9876/_karma_webpack_/webpack:/node_modules/@angular/core/fesm2022/_debug_node-chunk.mjs:555:10)
    at callHook (http://localhost:9876/_karma_webpack_/webpack:/node_modules/@angular/core/fesm2022/_debug_node-chunk.mjs:570:7)
    at callHooks (http://localhost:9876/_karma_webpack_/webpack:/node_modules/@angular/core/fesm2022/_debug_node-chunk.mjs:544:9)[39m
Chrome 149.0.0.0 (Windows 10): Executed 43 of 199[32m SUCCESS[39m (0 secs / 0.478 secs)
LOG: '[AccountSetup] ngOnInit: No existing bank details found. Staying on page. Error details:', Error: Not found
Error: Not found
    at errorFactory (http://localhost:9876/_karma_webpack_/webpack:/src/app/account-setup/account-setup.component.spec.ts:34:62)
    at Observable._subscribe (http://localhost:9876/_karma_webpack_/webpack:/node_modules/rxjs/dist/esm/internal/observable/throwError.js:5:51)
    at Observable._trySubscribe (http://localhost:9876/_karma_webpack_/webpack:/node_modules/rxjs/dist/esm/internal/Observable.js:37:25)
    at cb (http://localhost:9876/_karma_webpack_/webpack:/node_modules/rxjs/dist/esm/internal/Observable.js:31:30)
    at errorContext (http://localhost:9876/_karma_webpack_/webpack:/node_modules/rxjs/dist/esm/internal/util/errorContext.js:19:9)
    at Observable.subscribe (http://localhost:9876/_karma_webpack_/webpack:/node_modules/rxjs/dist/esm/internal/Observable.js:22:21)
    at AccountSetupComponent.call [as ngOnInit] (http://localhost:9876/_karma_webpack_/webpack:/src/app/account-setup/account-setup.component.ts:107:44)
    at callHookInternal (http://localhost:9876/_karma_webpack_/webpack:/node_modules/@angular/core/fesm2022/_debug_node-chunk.mjs:555:10)
    at callHook (http://localhost:9876/_karma_webpack_/webpack:/node_modules/@angular/core/fesm2022/_debug_node-chunk.mjs:570:7)
    at callHooks (http://localhost:9876/_karma_webpack_/webpack:/node_modules/@angular/core/fesm2022/_debug_node-chunk.mjs:544:9)
[1A[2KLOG: [36m'[AccountSetup] submit: Starting account setup form submission...'[39m
Chrome 149.0.0.0 (Windows 10): Executed 43 of 199[32m SUCCESS[39m (0 secs / 0.478 secs)
LOG: '[AccountSetup] submit: Starting account setup form submission...'
[1A[2KLOG: [36m'[AccountSetup] submit: Form valid status:', false[39m
Chrome 149.0.0.0 (Windows 10): Executed 43 of 199[32m SUCCESS[39m (0 secs / 0.478 secs)
LOG: '[AccountSetup] submit: Form valid status:', false
[1A[2KLOG: [36m'[AccountSetup] submit: Form value:', Object{accountNumber: '123-abc', bankName: 'Test Bank', branchName: 'Test Branch', address: 'Test Addr', ifscCode: 'IFSC123', email: 'test@test.com', phoneNumber: '12345678', creditCardNumber: '1111222233334444', cvv: '123', expiryDate: '12/28', otp: ''}[39m
Chrome 149.0.0.0 (Windows 10): Executed 43 of 199[32m SUCCESS[39m (0 secs / 0.478 secs)
LOG: '[AccountSetup] submit: Form value:', Object{accountNumber: '123-abc', bankName: 'Test Bank', branchName: 'Test Branch', address: 'Test Addr', ifscCode: 'IFSC123', email: 'test@test.com', phoneNumber: '12345678', creditCardNumber: '1111222233334444', cvv: '123', expiryDate: '12/28', otp: ''}
[1A[2KWARN: [36m'[AccountSetup] submit: Submission aborted. Form is invalid. Fields errors:', null[39m
Chrome 149.0.0.0 (Windows 10): Executed 43 of 199[32m SUCCESS[39m (0 secs / 0.478 secs)
WARN: '[AccountSetup] submit: Submission aborted. Form is invalid. Fields errors:', null
[1A[2KChrome 149.0.0.0 (Windows 10): Executed 44 of 199[32m SUCCESS[39m (0 secs / 0.487 secs)
[1A[2KLOG: [36m'[AccountSetup] ngOnInit: Checking user session...'[39m
Chrome 149.0.0.0 (Windows 10): Executed 44 of 199[32m SUCCESS[39m (0 secs / 0.487 secs)
LOG: '[AccountSetup] ngOnInit: Checking user session...'
[1A[2KLOG: [36m'[AccountSetup] ngOnInit: Current user:', Object{name: 'Alice', email: 'alice@company.com'}[39m
Chrome 149.0.0.0 (Windows 10): Executed 44 of 199[32m SUCCESS[39m (0 secs / 0.487 secs)
LOG: '[AccountSetup] ngOnInit: Current user:', Object{name: 'Alice', email: 'alice@company.com'}
[1A[2KLOG: [36m'[AccountSetup] ngOnInit: Querying bank details for user:', 'Alice'[39m
Chrome 149.0.0.0 (Windows 10): Executed 44 of 199[32m SUCCESS[39m (0 secs / 0.487 secs)
LOG: '[AccountSetup] ngOnInit: Querying bank details for user:', 'Alice'
[1A[2KLOG: [36m'[AccountSetup] ngOnInit: No existing bank details found. Staying on page. Error details:', Error: Not found
Error: Not found
    at errorFactory (http://localhost:9876/_karma_webpack_/webpack:/src/app/account-setup/account-setup.component.spec.ts:34:62)
    at Observable._subscribe (http://localhost:9876/_karma_webpack_/webpack:/node_modules/rxjs/dist/esm/internal/observable/throwError.js:5:51)
    at Observable._trySubscribe (http://localhost:9876/_karma_webpack_/webpack:/node_modules/rxjs/dist/esm/internal/Observable.js:37:25)
    at cb (http://localhost:9876/_karma_webpack_/webpack:/node_modules/rxjs/dist/esm/internal/Observable.js:31:30)
    at errorContext (http://localhost:9876/_karma_webpack_/webpack:/node_modules/rxjs/dist/esm/internal/util/errorContext.js:19:9)
    at Observable.subscribe (http://localhost:9876/_karma_webpack_/webpack:/node_modules/rxjs/dist/esm/internal/Observable.js:22:21)
    at AccountSetupComponent.call [as ngOnInit] (http://localhost:9876/_karma_webpack_/webpack:/src/app/account-setup/account-setup.component.ts:107:44)
    at callHookInternal (http://localhost:9876/_karma_webpack_/webpack:/node_modules/@angular/core/fesm2022/_debug_node-chunk.mjs:555:10)
    at callHook (http://localhost:9876/_karma_webpack_/webpack:/node_modules/@angular/core/fesm2022/_debug_node-chunk.mjs:570:7)
    at callHooks (http://localhost:9876/_karma_webpack_/webpack:/node_modules/@angular/core/fesm2022/_debug_node-chunk.mjs:544:9)[39m
Chrome 149.0.0.0 (Windows 10): Executed 44 of 199[32m SUCCESS[39m (0 secs / 0.487 secs)
LOG: '[AccountSetup] ngOnInit: No existing bank details found. Staying on page. Error details:', Error: Not found
Error: Not found
    at errorFactory (http://localhost:9876/_karma_webpack_/webpack:/src/app/account-setup/account-setup.component.spec.ts:34:62)
    at Observable._subscribe (http://localhost:9876/_karma_webpack_/webpack:/node_modules/rxjs/dist/esm/internal/observable/throwError.js:5:51)
    at Observable._trySubscribe (http://localhost:9876/_karma_webpack_/webpack:/node_modules/rxjs/dist/esm/internal/Observable.js:37:25)
    at cb (http://localhost:9876/_karma_webpack_/webpack:/node_modules/rxjs/dist/esm/internal/Observable.js:31:30)
    at errorContext (http://localhost:9876/_karma_webpack_/webpack:/node_modules/rxjs/dist/esm/internal/util/errorContext.js:19:9)
    at Observable.subscribe (http://localhost:9876/_karma_webpack_/webpack:/node_modules/rxjs/dist/esm/internal/Observable.js:22:21)
    at AccountSetupComponent.call [as ngOnInit] (http://localhost:9876/_karma_webpack_/webpack:/src/app/account-setup/account-setup.component.ts:107:44)
    at callHookInternal (http://localhost:9876/_karma_webpack_/webpack:/node_modules/@angular/core/fesm2022/_debug_node-chunk.mjs:555:10)
    at callHook (http://localhost:9876/_karma_webpack_/webpack:/node_modules/@angular/core/fesm2022/_debug_node-chunk.mjs:570:7)
    at callHooks (http://localhost:9876/_karma_webpack_/webpack:/node_modules/@angular/core/fesm2022/_debug_node-chunk.mjs:544:9)
[1A[2KChrome 149.0.0.0 (Windows 10): Executed 45 of 199[32m SUCCESS[39m (0 secs / 0.498 secs)
[1A[2KLOG: [36m'[AccountSetup] ngOnInit: Checking user session...'[39m
Chrome 149.0.0.0 (Windows 10): Executed 45 of 199[32m SUCCESS[39m (0 secs / 0.498 secs)
LOG: '[AccountSetup] ngOnInit: Checking user session...'
[1A[2KLOG: [36m'[AccountSetup] ngOnInit: Current user:', Object{name: 'Alice', email: 'alice@company.com'}[39m
Chrome 149.0.0.0 (Windows 10): Executed 45 of 199[32m SUCCESS[39m (0 secs / 0.498 secs)
LOG: '[AccountSetup] ngOnInit: Current user:', Object{name: 'Alice', email: 'alice@company.com'}
[1A[2KLOG: [36m'[AccountSetup] ngOnInit: Querying bank details for user:', 'Alice'[39m
Chrome 149.0.0.0 (Windows 10): Executed 45 of 199[32m SUCCESS[39m (0 secs / 0.498 secs)
LOG: '[AccountSetup] ngOnInit: Querying bank details for user:', 'Alice'
[1A[2KLOG: [36m'[AccountSetup] ngOnInit: No existing bank details found. Staying on page. Error details:', Error: Not found
Error: Not found
    at errorFactory (http://localhost:9876/_karma_webpack_/webpack:/src/app/account-setup/account-setup.component.spec.ts:34:62)
    at Observable._subscribe (http://localhost:9876/_karma_webpack_/webpack:/node_modules/rxjs/dist/esm/internal/observable/throwError.js:5:51)
    at Observable._trySubscribe (http://localhost:9876/_karma_webpack_/webpack:/node_modules/rxjs/dist/esm/internal/Observable.js:37:25)
    at cb (http://localhost:9876/_karma_webpack_/webpack:/node_modules/rxjs/dist/esm/internal/Observable.js:31:30)
    at errorContext (http://localhost:9876/_karma_webpack_/webpack:/node_modules/rxjs/dist/esm/internal/util/errorContext.js:19:9)
    at Observable.subscribe (http://localhost:9876/_karma_webpack_/webpack:/node_modules/rxjs/dist/esm/internal/Observable.js:22:21)
    at AccountSetupComponent.call [as ngOnInit] (http://localhost:9876/_karma_webpack_/webpack:/src/app/account-setup/account-setup.component.ts:107:44)
    at callHookInternal (http://localhost:9876/_karma_webpack_/webpack:/node_modules/@angular/core/fesm2022/_debug_node-chunk.mjs:555:10)
    at callHook (http://localhost:9876/_karma_webpack_/webpack:/node_modules/@angular/core/fesm2022/_debug_node-chunk.mjs:570:7)
    at callHooks (http://localhost:9876/_karma_webpack_/webpack:/node_modules/@angular/core/fesm2022/_debug_node-chunk.mjs:544:9)[39m
Chrome 149.0.0.0 (Windows 10): Executed 45 of 199[32m SUCCESS[39m (0 secs / 0.498 secs)
LOG: '[AccountSetup] ngOnInit: No existing bank details found. Staying on page. Error details:', Error: Not found
Error: Not found
    at errorFactory (http://localhost:9876/_karma_webpack_/webpack:/src/app/account-setup/account-setup.component.spec.ts:34:62)
    at Observable._subscribe (http://localhost:9876/_karma_webpack_/webpack:/node_modules/rxjs/dist/esm/internal/observable/throwError.js:5:51)
    at Observable._trySubscribe (http://localhost:9876/_karma_webpack_/webpack:/node_modules/rxjs/dist/esm/internal/Observable.js:37:25)
    at cb (http://localhost:9876/_karma_webpack_/webpack:/node_modules/rxjs/dist/esm/internal/Observable.js:31:30)
    at errorContext (http://localhost:9876/_karma_webpack_/webpack:/node_modules/rxjs/dist/esm/internal/util/errorContext.js:19:9)
    at Observable.subscribe (http://localhost:9876/_karma_webpack_/webpack:/node_modules/rxjs/dist/esm/internal/Observable.js:22:21)
    at AccountSetupComponent.call [as ngOnInit] (http://localhost:9876/_karma_webpack_/webpack:/src/app/account-setup/account-setup.component.ts:107:44)
    at callHookInternal (http://localhost:9876/_karma_webpack_/webpack:/node_modules/@angular/core/fesm2022/_debug_node-chunk.mjs:555:10)
    at callHook (http://localhost:9876/_karma_webpack_/webpack:/node_modules/@angular/core/fesm2022/_debug_node-chunk.mjs:570:7)
    at callHooks (http://localhost:9876/_karma_webpack_/webpack:/node_modules/@angular/core/fesm2022/_debug_node-chunk.mjs:544:9)
[1A[2KLOG: [36m'[AccountSetup] submit: Starting account setup form submission...'[39m
Chrome 149.0.0.0 (Windows 10): Executed 45 of 199[32m SUCCESS[39m (0 secs / 0.498 secs)
LOG: '[AccountSetup] submit: Starting account setup form submission...'
[1A[2KLOG: [36m'[AccountSetup] submit: Form valid status:', false[39m
Chrome 149.0.0.0 (Windows 10): Executed 45 of 199[32m SUCCESS[39m (0 secs / 0.498 secs)
LOG: '[AccountSetup] submit: Form valid status:', false
[1A[2KLOG: [36m'[AccountSetup] submit: Form value:', Object{accountNumber: '', bankName: '', branchName: '', address: '', ifscCode: '', email: '', phoneNumber: '', creditCardNumber: '', cvv: '', expiryDate: '', otp: ''}[39m
Chrome 149.0.0.0 (Windows 10): Executed 45 of 199[32m SUCCESS[39m (0 secs / 0.498 secs)
LOG: '[AccountSetup] submit: Form value:', Object{accountNumber: '', bankName: '', branchName: '', address: '', ifscCode: '', email: '', phoneNumber: '', creditCardNumber: '', cvv: '', expiryDate: '', otp: ''}
[1A[2KWARN: [36m'[AccountSetup] submit: Submission aborted. Form is invalid. Fields errors:', null[39m
Chrome 149.0.0.0 (Windows 10): Executed 45 of 199[32m SUCCESS[39m (0 secs / 0.498 secs)
WARN: '[AccountSetup] submit: Submission aborted. Form is invalid. Fields errors:', null
[1A[2KChrome 149.0.0.0 (Windows 10): Executed 46 of 199[32m SUCCESS[39m (0 secs / 0.506 secs)
[1A[2KLOG: [36m'[AccountSetup] ngOnInit: Checking user session...'[39m
Chrome 149.0.0.0 (Windows 10): Executed 46 of 199[32m SUCCESS[39m (0 secs / 0.506 secs)
LOG: '[AccountSetup] ngOnInit: Checking user session...'
[1A[2KLOG: [36m'[AccountSetup] ngOnInit: Current user:', Object{name: 'Alice', email: 'alice@company.com'}[39m
Chrome 149.0.0.0 (Windows 10): Executed 46 of 199[32m SUCCESS[39m (0 secs / 0.506 secs)
LOG: '[AccountSetup] ngOnInit: Current user:', Object{name: 'Alice', email: 'alice@company.com'}
[1A[2KLOG: [36m'[AccountSetup] ngOnInit: Querying bank details for user:', 'Alice'[39m
Chrome 149.0.0.0 (Windows 10): Executed 46 of 199[32m SUCCESS[39m (0 secs / 0.506 secs)
LOG: '[AccountSetup] ngOnInit: Querying bank details for user:', 'Alice'
[1A[2KLOG: [36m'[AccountSetup] ngOnInit: Bank details found for user! Redirecting to dashboard. Details:', Object{accountNumber: '123456789012'}[39m
Chrome 149.0.0.0 (Windows 10): Executed 46 of 199[32m SUCCESS[39m (0 secs / 0.506 secs)
LOG: '[AccountSetup] ngOnInit: Bank details found for user! Redirecting to dashboard. Details:', Object{accountNumber: '123456789012'}
[1A[2KChrome 149.0.0.0 (Windows 10): Executed 47 of 199[32m SUCCESS[39m (0 secs / 0.514 secs)
[1A[2KLOG: [36m'[AccountSetup] ngOnInit: Checking user session...'[39m
Chrome 149.0.0.0 (Windows 10): Executed 47 of 199[32m SUCCESS[39m (0 secs / 0.514 secs)
LOG: '[AccountSetup] ngOnInit: Checking user session...'
[1A[2KLOG: [36m'[AccountSetup] ngOnInit: Current user:', Object{name: 'Alice', email: 'alice@company.com'}[39m
Chrome 149.0.0.0 (Windows 10): Executed 47 of 199[32m SUCCESS[39m (0 secs / 0.514 secs)
LOG: '[AccountSetup] ngOnInit: Current user:', Object{name: 'Alice', email: 'alice@company.com'}
[1A[2KLOG: [36m'[AccountSetup] ngOnInit: Querying bank details for user:', 'Alice'[39m
Chrome 149.0.0.0 (Windows 10): Executed 47 of 199[32m SUCCESS[39m (0 secs / 0.514 secs)
LOG: '[AccountSetup] ngOnInit: Querying bank details for user:', 'Alice'
[1A[2KLOG: [36m'[AccountSetup] ngOnInit: No existing bank details found. Staying on page. Error details:', Error: Not found
Error: Not found
    at errorFactory (http://localhost:9876/_karma_webpack_/webpack:/src/app/account-setup/account-setup.component.spec.ts:34:62)
    at Observable._subscribe (http://localhost:9876/_karma_webpack_/webpack:/node_modules/rxjs/dist/esm/internal/observable/throwError.js:5:51)
    at Observable._trySubscribe (http://localhost:9876/_karma_webpack_/webpack:/node_modules/rxjs/dist/esm/internal/Observable.js:37:25)
    at cb (http://localhost:9876/_karma_webpack_/webpack:/node_modules/rxjs/dist/esm/internal/Observable.js:31:30)
    at errorContext (http://localhost:9876/_karma_webpack_/webpack:/node_modules/rxjs/dist/esm/internal/util/errorContext.js:19:9)
    at Observable.subscribe (http://localhost:9876/_karma_webpack_/webpack:/node_modules/rxjs/dist/esm/internal/Observable.js:22:21)
    at AccountSetupComponent.call [as ngOnInit] (http://localhost:9876/_karma_webpack_/webpack:/src/app/account-setup/account-setup.component.ts:107:44)
    at callHookInternal (http://localhost:9876/_karma_webpack_/webpack:/node_modules/@angular/core/fesm2022/_debug_node-chunk.mjs:555:10)
    at callHook (http://localhost:9876/_karma_webpack_/webpack:/node_modules/@angular/core/fesm2022/_debug_node-chunk.mjs:570:7)
    at callHooks (http://localhost:9876/_karma_webpack_/webpack:/node_modules/@angular/core/fesm2022/_debug_node-chunk.mjs:544:9)[39m
Chrome 149.0.0.0 (Windows 10): Executed 47 of 199[32m SUCCESS[39m (0 secs / 0.514 secs)
LOG: '[AccountSetup] ngOnInit: No existing bank details found. Staying on page. Error details:', Error: Not found
Error: Not found
    at errorFactory (http://localhost:9876/_karma_webpack_/webpack:/src/app/account-setup/account-setup.component.spec.ts:34:62)
    at Observable._subscribe (http://localhost:9876/_karma_webpack_/webpack:/node_modules/rxjs/dist/esm/internal/observable/throwError.js:5:51)
    at Observable._trySubscribe (http://localhost:9876/_karma_webpack_/webpack:/node_modules/rxjs/dist/esm/internal/Observable.js:37:25)
    at cb (http://localhost:9876/_karma_webpack_/webpack:/node_modules/rxjs/dist/esm/internal/Observable.js:31:30)
    at errorContext (http://localhost:9876/_karma_webpack_/webpack:/node_modules/rxjs/dist/esm/internal/util/errorContext.js:19:9)
    at Observable.subscribe (http://localhost:9876/_karma_webpack_/webpack:/node_modules/rxjs/dist/esm/internal/Observable.js:22:21)
    at AccountSetupComponent.call [as ngOnInit] (http://localhost:9876/_karma_webpack_/webpack:/src/app/account-setup/account-setup.component.ts:107:44)
    at callHookInternal (http://localhost:9876/_karma_webpack_/webpack:/node_modules/@angular/core/fesm2022/_debug_node-chunk.mjs:555:10)
    at callHook (http://localhost:9876/_karma_webpack_/webpack:/node_modules/@angular/core/fesm2022/_debug_node-chunk.mjs:570:7)
    at callHooks (http://localhost:9876/_karma_webpack_/webpack:/node_modules/@angular/core/fesm2022/_debug_node-chunk.mjs:544:9)
[1A[2KChrome 149.0.0.0 (Windows 10): Executed 48 of 199[32m SUCCESS[39m (0 secs / 0.521 secs)
[1A[2KLOG: [36m'[AccountSetup] ngOnInit: Checking user session...'[39m
Chrome 149.0.0.0 (Windows 10): Executed 48 of 199[32m SUCCESS[39m (0 secs / 0.521 secs)
LOG: '[AccountSetup] ngOnInit: Checking user session...'
[1A[2KLOG: [36m'[AccountSetup] ngOnInit: Current user:', Object{name: 'Alice', email: 'alice@company.com'}[39m
Chrome 149.0.0.0 (Windows 10): Executed 48 of 199[32m SUCCESS[39m (0 secs / 0.521 secs)
LOG: '[AccountSetup] ngOnInit: Current user:', Object{name: 'Alice', email: 'alice@company.com'}
[1A[2KLOG: [36m'[AccountSetup] ngOnInit: Querying bank details for user:', 'Alice'[39m
Chrome 149.0.0.0 (Windows 10): Executed 48 of 199[32m SUCCESS[39m (0 secs / 0.521 secs)
LOG: '[AccountSetup] ngOnInit: Querying bank details for user:', 'Alice'
[1A[2KLOG: [36m'[AccountSetup] ngOnInit: No existing bank details found. Staying on page. Error details:', Error: Not found
Error: Not found
    at errorFactory (http://localhost:9876/_karma_webpack_/webpack:/src/app/account-setup/account-setup.component.spec.ts:34:62)
    at Observable._subscribe (http://localhost:9876/_karma_webpack_/webpack:/node_modules/rxjs/dist/esm/internal/observable/throwError.js:5:51)
    at Observable._trySubscribe (http://localhost:9876/_karma_webpack_/webpack:/node_modules/rxjs/dist/esm/internal/Observable.js:37:25)
    at cb (http://localhost:9876/_karma_webpack_/webpack:/node_modules/rxjs/dist/esm/internal/Observable.js:31:30)
    at errorContext (http://localhost:9876/_karma_webpack_/webpack:/node_modules/rxjs/dist/esm/internal/util/errorContext.js:19:9)
    at Observable.subscribe (http://localhost:9876/_karma_webpack_/webpack:/node_modules/rxjs/dist/esm/internal/Observable.js:22:21)
    at AccountSetupComponent.call [as ngOnInit] (http://localhost:9876/_karma_webpack_/webpack:/src/app/account-setup/account-setup.component.ts:107:44)
    at callHookInternal (http://localhost:9876/_karma_webpack_/webpack:/node_modules/@angular/core/fesm2022/_debug_node-chunk.mjs:555:10)
    at callHook (http://localhost:9876/_karma_webpack_/webpack:/node_modules/@angular/core/fesm2022/_debug_node-chunk.mjs:570:7)
    at callHooks (http://localhost:9876/_karma_webpack_/webpack:/node_modules/@angular/core/fesm2022/_debug_node-chunk.mjs:544:9)[39m
Chrome 149.0.0.0 (Windows 10): Executed 48 of 199[32m SUCCESS[39m (0 secs / 0.521 secs)
LOG: '[AccountSetup] ngOnInit: No existing bank details found. Staying on page. Error details:', Error: Not found
Error: Not found
    at errorFactory (http://localhost:9876/_karma_webpack_/webpack:/src/app/account-setup/account-setup.component.spec.ts:34:62)
    at Observable._subscribe (http://localhost:9876/_karma_webpack_/webpack:/node_modules/rxjs/dist/esm/internal/observable/throwError.js:5:51)
    at Observable._trySubscribe (http://localhost:9876/_karma_webpack_/webpack:/node_modules/rxjs/dist/esm/internal/Observable.js:37:25)
    at cb (http://localhost:9876/_karma_webpack_/webpack:/node_modules/rxjs/dist/esm/internal/Observable.js:31:30)
    at errorContext (http://localhost:9876/_karma_webpack_/webpack:/node_modules/rxjs/dist/esm/internal/util/errorContext.js:19:9)
    at Observable.subscribe (http://localhost:9876/_karma_webpack_/webpack:/node_modules/rxjs/dist/esm/internal/Observable.js:22:21)
    at AccountSetupComponent.call [as ngOnInit] (http://localhost:9876/_karma_webpack_/webpack:/src/app/account-setup/account-setup.component.ts:107:44)
    at callHookInternal (http://localhost:9876/_karma_webpack_/webpack:/node_modules/@angular/core/fesm2022/_debug_node-chunk.mjs:555:10)
    at callHook (http://localhost:9876/_karma_webpack_/webpack:/node_modules/@angular/core/fesm2022/_debug_node-chunk.mjs:570:7)
    at callHooks (http://localhost:9876/_karma_webpack_/webpack:/node_modules/@angular/core/fesm2022/_debug_node-chunk.mjs:544:9)
[1A[2KLOG: [36m'[AccountSetup] submit: Starting account setup form submission...'[39m
Chrome 149.0.0.0 (Windows 10): Executed 48 of 199[32m SUCCESS[39m (0 secs / 0.521 secs)
LOG: '[AccountSetup] submit: Starting account setup form submission...'
[1A[2KLOG: [36m'[AccountSetup] submit: Form valid status:', true[39m
Chrome 149.0.0.0 (Windows 10): Executed 48 of 199[32m SUCCESS[39m (0 secs / 0.521 secs)
LOG: '[AccountSetup] submit: Form valid status:', true
[1A[2KLOG: [36m'[AccountSetup] submit: Form value:', Object{accountNumber: '1234567890', bankName: 'Test Bank', branchName: 'Test Branch', address: 'Test Addr', ifscCode: 'IFSC123', email: 'test@test.com', phoneNumber: '1234567890', creditCardNumber: '1111222233334444', cvv: '123', expiryDate: '12/28', otp: '123456'}[39m
Chrome 149.0.0.0 (Windows 10): Executed 48 of 199[32m SUCCESS[39m (0 secs / 0.521 secs)
LOG: '[AccountSetup] submit: Form value:', Object{accountNumber: '1234567890', bankName: 'Test Bank', branchName: 'Test Branch', address: 'Test Addr', ifscCode: 'IFSC123', email: 'test@test.com', phoneNumber: '1234567890', creditCardNumber: '1111222233334444', cvv: '123', expiryDate: '12/28', otp: '123456'}
[1A[2KLOG: [36m'[AccountSetup] submit: Validating account number format:', '1234567890'[39m
Chrome 149.0.0.0 (Windows 10): Executed 48 of 199[32m SUCCESS[39m (0 secs / 0.521 secs)
LOG: '[AccountSetup] submit: Validating account number format:', '1234567890'
[1A[2KLOG: [36m'[AccountSetup] submit: Checking email verification status. isEmailVerified:', true[39m
Chrome 149.0.0.0 (Windows 10): Executed 48 of 199[32m SUCCESS[39m (0 secs / 0.521 secs)
LOG: '[AccountSetup] submit: Checking email verification status. isEmailVerified:', true
[1A[2KLOG: [36m'[AccountSetup] submit: Fetching current session user:', null[39m
Chrome 149.0.0.0 (Windows 10): Executed 48 of 199[32m SUCCESS[39m (0 secs / 0.521 secs)
LOG: '[AccountSetup] submit: Fetching current session user:', null
[1A[2KWARN: [36m'[AccountSetup] submit: Submission aborted. No user name in session.'[39m
Chrome 149.0.0.0 (Windows 10): Executed 48 of 199[32m SUCCESS[39m (0 secs / 0.521 secs)
WARN: '[AccountSetup] submit: Submission aborted. No user name in session.'
[1A[2KChrome 149.0.0.0 (Windows 10): Executed 49 of 199[32m SUCCESS[39m (0 secs / 0.529 secs)
[1A[2KLOG: [36m'[AccountSetup] ngOnInit: Checking user session...'[39m
Chrome 149.0.0.0 (Windows 10): Executed 49 of 199[32m SUCCESS[39m (0 secs / 0.529 secs)
LOG: '[AccountSetup] ngOnInit: Checking user session...'
[1A[2KLOG: [36m'[AccountSetup] ngOnInit: Current user:', null[39m
Chrome 149.0.0.0 (Windows 10): Executed 49 of 199[32m SUCCESS[39m (0 secs / 0.529 secs)
LOG: '[AccountSetup] ngOnInit: Current user:', null
[1A[2KLOG: [36m'[AccountSetup] ngOnInit: No user session found. Remaining on page (needs login to submit).'[39m
Chrome 149.0.0.0 (Windows 10): Executed 49 of 199[32m SUCCESS[39m (0 secs / 0.529 secs)
LOG: '[AccountSetup] ngOnInit: No user session found. Remaining on page (needs login to submit).'
[1A[2KChrome 149.0.0.0 (Windows 10): Executed 50 of 199[32m SUCCESS[39m (0 secs / 0.535 secs)
[1A[2KLOG: [36m'[AccountSetup] ngOnInit: Checking user session...'[39m
Chrome 149.0.0.0 (Windows 10): Executed 50 of 199[32m SUCCESS[39m (0 secs / 0.535 secs)
LOG: '[AccountSetup] ngOnInit: Checking user session...'
[1A[2KLOG: [36m'[AccountSetup] ngOnInit: Current user:', Object{name: 'Alice', email: 'alice@company.com'}[39m
Chrome 149.0.0.0 (Windows 10): Executed 50 of 199[32m SUCCESS[39m (0 secs / 0.535 secs)
LOG: '[AccountSetup] ngOnInit: Current user:', Object{name: 'Alice', email: 'alice@company.com'}
[1A[2KLOG: [36m'[AccountSetup] ngOnInit: Querying bank details for user:', 'Alice'[39m
Chrome 149.0.0.0 (Windows 10): Executed 50 of 199[32m SUCCESS[39m (0 secs / 0.535 secs)
LOG: '[AccountSetup] ngOnInit: Querying bank details for user:', 'Alice'
[1A[2KLOG: [36m'[AccountSetup] ngOnInit: No existing bank details found. Staying on page. Error details:', Error: Not found
Error: Not found
    at errorFactory (http://localhost:9876/_karma_webpack_/webpack:/src/app/account-setup/account-setup.component.spec.ts:34:62)
    at Observable._subscribe (http://localhost:9876/_karma_webpack_/webpack:/node_modules/rxjs/dist/esm/internal/observable/throwError.js:5:51)
    at Observable._trySubscribe (http://localhost:9876/_karma_webpack_/webpack:/node_modules/rxjs/dist/esm/internal/Observable.js:37:25)
    at cb (http://localhost:9876/_karma_webpack_/webpack:/node_modules/rxjs/dist/esm/internal/Observable.js:31:30)
    at errorContext (http://localhost:9876/_karma_webpack_/webpack:/node_modules/rxjs/dist/esm/internal/util/errorContext.js:19:9)
    at Observable.subscribe (http://localhost:9876/_karma_webpack_/webpack:/node_modules/rxjs/dist/esm/internal/Observable.js:22:21)
    at AccountSetupComponent.call [as ngOnInit] (http://localhost:9876/_karma_webpack_/webpack:/src/app/account-setup/account-setup.component.ts:107:44)
    at callHookInternal (http://localhost:9876/_karma_webpack_/webpack:/node_modules/@angular/core/fesm2022/_debug_node-chunk.mjs:555:10)
    at callHook (http://localhost:9876/_karma_webpack_/webpack:/node_modules/@angular/core/fesm2022/_debug_node-chunk.mjs:570:7)
    at callHooks (http://localhost:9876/_karma_webpack_/webpack:/node_modules/@angular/core/fesm2022/_debug_node-chunk.mjs:544:9)[39m
Chrome 149.0.0.0 (Windows 10): Executed 50 of 199[32m SUCCESS[39m (0 secs / 0.535 secs)
LOG: '[AccountSetup] ngOnInit: No existing bank details found. Staying on page. Error details:', Error: Not found
Error: Not found
    at errorFactory (http://localhost:9876/_karma_webpack_/webpack:/src/app/account-setup/account-setup.component.spec.ts:34:62)
    at Observable._subscribe (http://localhost:9876/_karma_webpack_/webpack:/node_modules/rxjs/dist/esm/internal/observable/throwError.js:5:51)
    at Observable._trySubscribe (http://localhost:9876/_karma_webpack_/webpack:/node_modules/rxjs/dist/esm/internal/Observable.js:37:25)
    at cb (http://localhost:9876/_karma_webpack_/webpack:/node_modules/rxjs/dist/esm/internal/Observable.js:31:30)
    at errorContext (http://localhost:9876/_karma_webpack_/webpack:/node_modules/rxjs/dist/esm/internal/util/errorContext.js:19:9)
    at Observable.subscribe (http://localhost:9876/_karma_webpack_/webpack:/node_modules/rxjs/dist/esm/internal/Observable.js:22:21)
    at AccountSetupComponent.call [as ngOnInit] (http://localhost:9876/_karma_webpack_/webpack:/src/app/account-setup/account-setup.component.ts:107:44)
    at callHookInternal (http://localhost:9876/_karma_webpack_/webpack:/node_modules/@angular/core/fesm2022/_debug_node-chunk.mjs:555:10)
    at callHook (http://localhost:9876/_karma_webpack_/webpack:/node_modules/@angular/core/fesm2022/_debug_node-chunk.mjs:570:7)
    at callHooks (http://localhost:9876/_karma_webpack_/webpack:/node_modules/@angular/core/fesm2022/_debug_node-chunk.mjs:544:9)
[1A[2KLOG: [36m'[AccountSetup] verifyOtp: Attempting to verify OTP for contact:', 'test@example.com', 'with OTP:', '1234'[39m
Chrome 149.0.0.0 (Windows 10): Executed 50 of 199[32m SUCCESS[39m (0 secs / 0.535 secs)
LOG: '[AccountSetup] verifyOtp: Attempting to verify OTP for contact:', 'test@example.com', 'with OTP:', '1234'
[1A[2KLOG: [36m'[AccountSetup] verifyOtp: Response received:', Object{verified: true}[39m
Chrome 149.0.0.0 (Windows 10): Executed 50 of 199[32m SUCCESS[39m (0 secs / 0.535 secs)
LOG: '[AccountSetup] verifyOtp: Response received:', Object{verified: true}
[1A[2KLOG: [36m'[AccountSetup] verifyOtp: Verification SUCCESS'[39m
Chrome 149.0.0.0 (Windows 10): Executed 50 of 199[32m SUCCESS[39m (0 secs / 0.535 secs)
LOG: '[AccountSetup] verifyOtp: Verification SUCCESS'
[1A[2KChrome 149.0.0.0 (Windows 10): Executed 51 of 199[32m SUCCESS[39m (0 secs / 0.542 secs)
[1A[2KLOG: [36m'[AccountSetup] ngOnInit: Checking user session...'[39m
Chrome 149.0.0.0 (Windows 10): Executed 51 of 199[32m SUCCESS[39m (0 secs / 0.542 secs)
LOG: '[AccountSetup] ngOnInit: Checking user session...'
[1A[2KLOG: [36m'[AccountSetup] ngOnInit: Current user:', Object{name: 'Alice', email: 'alice@company.com'}[39m
Chrome 149.0.0.0 (Windows 10): Executed 51 of 199[32m SUCCESS[39m (0 secs / 0.542 secs)
LOG: '[AccountSetup] ngOnInit: Current user:', Object{name: 'Alice', email: 'alice@company.com'}
[1A[2KLOG: [36m'[AccountSetup] ngOnInit: Querying bank details for user:', 'Alice'[39m
Chrome 149.0.0.0 (Windows 10): Executed 51 of 199[32m SUCCESS[39m (0 secs / 0.542 secs)
LOG: '[AccountSetup] ngOnInit: Querying bank details for user:', 'Alice'
[1A[2KLOG: [36m'[AccountSetup] ngOnInit: No existing bank details found. Staying on page. Error details:', Error: Not found
Error: Not found
    at errorFactory (http://localhost:9876/_karma_webpack_/webpack:/src/app/account-setup/account-setup.component.spec.ts:34:62)
    at Observable._subscribe (http://localhost:9876/_karma_webpack_/webpack:/node_modules/rxjs/dist/esm/internal/observable/throwError.js:5:51)
    at Observable._trySubscribe (http://localhost:9876/_karma_webpack_/webpack:/node_modules/rxjs/dist/esm/internal/Observable.js:37:25)
    at cb (http://localhost:9876/_karma_webpack_/webpack:/node_modules/rxjs/dist/esm/internal/Observable.js:31:30)
    at errorContext (http://localhost:9876/_karma_webpack_/webpack:/node_modules/rxjs/dist/esm/internal/util/errorContext.js:19:9)
    at Observable.subscribe (http://localhost:9876/_karma_webpack_/webpack:/node_modules/rxjs/dist/esm/internal/Observable.js:22:21)
    at AccountSetupComponent.call [as ngOnInit] (http://localhost:9876/_karma_webpack_/webpack:/src/app/account-setup/account-setup.component.ts:107:44)
    at callHookInternal (http://localhost:9876/_karma_webpack_/webpack:/node_modules/@angular/core/fesm2022/_debug_node-chunk.mjs:555:10)
    at callHook (http://localhost:9876/_karma_webpack_/webpack:/node_modules/@angular/core/fesm2022/_debug_node-chunk.mjs:570:7)
    at callHooks (http://localhost:9876/_karma_webpack_/webpack:/node_modules/@angular/core/fesm2022/_debug_node-chunk.mjs:544:9)[39m
Chrome 149.0.0.0 (Windows 10): Executed 51 of 199[32m SUCCESS[39m (0 secs / 0.542 secs)
LOG: '[AccountSetup] ngOnInit: No existing bank details found. Staying on page. Error details:', Error: Not found
Error: Not found
    at errorFactory (http://localhost:9876/_karma_webpack_/webpack:/src/app/account-setup/account-setup.component.spec.ts:34:62)
    at Observable._subscribe (http://localhost:9876/_karma_webpack_/webpack:/node_modules/rxjs/dist/esm/internal/observable/throwError.js:5:51)
    at Observable._trySubscribe (http://localhost:9876/_karma_webpack_/webpack:/node_modules/rxjs/dist/esm/internal/Observable.js:37:25)
    at cb (http://localhost:9876/_karma_webpack_/webpack:/node_modules/rxjs/dist/esm/internal/Observable.js:31:30)
    at errorContext (http://localhost:9876/_karma_webpack_/webpack:/node_modules/rxjs/dist/esm/internal/util/errorContext.js:19:9)
    at Observable.subscribe (http://localhost:9876/_karma_webpack_/webpack:/node_modules/rxjs/dist/esm/internal/Observable.js:22:21)
    at AccountSetupComponent.call [as ngOnInit] (http://localhost:9876/_karma_webpack_/webpack:/src/app/account-setup/account-setup.component.ts:107:44)
    at callHookInternal (http://localhost:9876/_karma_webpack_/webpack:/node_modules/@angular/core/fesm2022/_debug_node-chunk.mjs:555:10)
    at callHook (http://localhost:9876/_karma_webpack_/webpack:/node_modules/@angular/core/fesm2022/_debug_node-chunk.mjs:570:7)
    at callHooks (http://localhost:9876/_karma_webpack_/webpack:/node_modules/@angular/core/fesm2022/_debug_node-chunk.mjs:544:9)
[1A[2KChrome 149.0.0.0 (Windows 10): Executed 52 of 199[32m SUCCESS[39m (0 secs / 0.555 secs)
[1A[2KLOG: [36m'[AccountSetup] ngOnInit: Checking user session...'[39m
Chrome 149.0.0.0 (Windows 10): Executed 52 of 199[32m SUCCESS[39m (0 secs / 0.555 secs)
LOG: '[AccountSetup] ngOnInit: Checking user session...'
[1A[2KLOG: [36m'[AccountSetup] ngOnInit: Current user:', Object{name: 'Alice', email: 'alice@company.com'}[39m
Chrome 149.0.0.0 (Windows 10): Executed 52 of 199[32m SUCCESS[39m (0 secs / 0.555 secs)
LOG: '[AccountSetup] ngOnInit: Current user:', Object{name: 'Alice', email: 'alice@company.com'}
[1A[2KLOG: [36m'[AccountSetup] ngOnInit: Querying bank details for user:', 'Alice'[39m
Chrome 149.0.0.0 (Windows 10): Executed 52 of 199[32m SUCCESS[39m (0 secs / 0.555 secs)
LOG: '[AccountSetup] ngOnInit: Querying bank details for user:', 'Alice'
[1A[2KLOG: [36m'[AccountSetup] ngOnInit: No existing bank details found. Staying on page. Error details:', Error: Not found
Error: Not found
    at errorFactory (http://localhost:9876/_karma_webpack_/webpack:/src/app/account-setup/account-setup.component.spec.ts:34:62)
    at Observable._subscribe (http://localhost:9876/_karma_webpack_/webpack:/node_modules/rxjs/dist/esm/internal/observable/throwError.js:5:51)
    at Observable._trySubscribe (http://localhost:9876/_karma_webpack_/webpack:/node_modules/rxjs/dist/esm/internal/Observable.js:37:25)
    at cb (http://localhost:9876/_karma_webpack_/webpack:/node_modules/rxjs/dist/esm/internal/Observable.js:31:30)
    at errorContext (http://localhost:9876/_karma_webpack_/webpack:/node_modules/rxjs/dist/esm/internal/util/errorContext.js:19:9)
    at Observable.subscribe (http://localhost:9876/_karma_webpack_/webpack:/node_modules/rxjs/dist/esm/internal/Observable.js:22:21)
    at AccountSetupComponent.call [as ngOnInit] (http://localhost:9876/_karma_webpack_/webpack:/src/app/account-setup/account-setup.component.ts:107:44)
    at callHookInternal (http://localhost:9876/_karma_webpack_/webpack:/node_modules/@angular/core/fesm2022/_debug_node-chunk.mjs:555:10)
    at callHook (http://localhost:9876/_karma_webpack_/webpack:/node_modules/@angular/core/fesm2022/_debug_node-chunk.mjs:570:7)
    at callHooks (http://localhost:9876/_karma_webpack_/webpack:/node_modules/@angular/core/fesm2022/_debug_node-chunk.mjs:544:9)[39m
Chrome 149.0.0.0 (Windows 10): Executed 52 of 199[32m SUCCESS[39m (0 secs / 0.555 secs)
LOG: '[AccountSetup] ngOnInit: No existing bank details found. Staying on page. Error details:', Error: Not found
Error: Not found
    at errorFactory (http://localhost:9876/_karma_webpack_/webpack:/src/app/account-setup/account-setup.component.spec.ts:34:62)
    at Observable._subscribe (http://localhost:9876/_karma_webpack_/webpack:/node_modules/rxjs/dist/esm/internal/observable/throwError.js:5:51)
    at Observable._trySubscribe (http://localhost:9876/_karma_webpack_/webpack:/node_modules/rxjs/dist/esm/internal/Observable.js:37:25)
    at cb (http://localhost:9876/_karma_webpack_/webpack:/node_modules/rxjs/dist/esm/internal/Observable.js:31:30)
    at errorContext (http://localhost:9876/_karma_webpack_/webpack:/node_modules/rxjs/dist/esm/internal/util/errorContext.js:19:9)
    at Observable.subscribe (http://localhost:9876/_karma_webpack_/webpack:/node_modules/rxjs/dist/esm/internal/Observable.js:22:21)
    at AccountSetupComponent.call [as ngOnInit] (http://localhost:9876/_karma_webpack_/webpack:/src/app/account-setup/account-setup.component.ts:107:44)
    at callHookInternal (http://localhost:9876/_karma_webpack_/webpack:/node_modules/@angular/core/fesm2022/_debug_node-chunk.mjs:555:10)
    at callHook (http://localhost:9876/_karma_webpack_/webpack:/node_modules/@angular/core/fesm2022/_debug_node-chunk.mjs:570:7)
    at callHooks (http://localhost:9876/_karma_webpack_/webpack:/node_modules/@angular/core/fesm2022/_debug_node-chunk.mjs:544:9)
[1A[2KLOG: [36m'[AccountSetup] submit: Starting account setup form submission...'[39m
Chrome 149.0.0.0 (Windows 10): Executed 52 of 199[32m SUCCESS[39m (0 secs / 0.555 secs)
LOG: '[AccountSetup] submit: Starting account setup form submission...'
[1A[2KLOG: [36m'[AccountSetup] submit: Form valid status:', true[39m
Chrome 149.0.0.0 (Windows 10): Executed 52 of 199[32m SUCCESS[39m (0 secs / 0.555 secs)
LOG: '[AccountSetup] submit: Form valid status:', true
[1A[2KLOG: [36m'[AccountSetup] submit: Form value:', Object{accountNumber: '1234567890', bankName: 'Test Bank', branchName: 'Test Branch', address: 'Test Addr', ifscCode: 'IFSC123', email: 'test@test.com', phoneNumber: '1234567890', creditCardNumber: '1111222233334444', cvv: '123', expiryDate: '12/28', otp: ''}[39m
Chrome 149.0.0.0 (Windows 10): Executed 52 of 199[32m SUCCESS[39m (0 secs / 0.555 secs)
LOG: '[AccountSetup] submit: Form value:', Object{accountNumber: '1234567890', bankName: 'Test Bank', branchName: 'Test Branch', address: 'Test Addr', ifscCode: 'IFSC123', email: 'test@test.com', phoneNumber: '1234567890', creditCardNumber: '1111222233334444', cvv: '123', expiryDate: '12/28', otp: ''}
[1A[2KLOG: [36m'[AccountSetup] submit: Validating account number format:', '1234567890'[39m
Chrome 149.0.0.0 (Windows 10): Executed 52 of 199[32m SUCCESS[39m (0 secs / 0.555 secs)
LOG: '[AccountSetup] submit: Validating account number format:', '1234567890'
[1A[2KLOG: [36m'[AccountSetup] submit: Checking email verification status. isEmailVerified:', false[39m
Chrome 149.0.0.0 (Windows 10): Executed 52 of 199[32m SUCCESS[39m (0 secs / 0.555 secs)
LOG: '[AccountSetup] submit: Checking email verification status. isEmailVerified:', false
[1A[2KWARN: [36m'[AccountSetup] submit: Submission aborted. Email not verified.'[39m
Chrome 149.0.0.0 (Windows 10): Executed 52 of 199[32m SUCCESS[39m (0 secs / 0.555 secs)
WARN: '[AccountSetup] submit: Submission aborted. Email not verified.'
[1A[2KChrome 149.0.0.0 (Windows 10): Executed 53 of 199[32m SUCCESS[39m (0 secs / 0.563 secs)
[1A[2KLOG: [36m'[AccountSetup] ngOnInit: Checking user session...'[39m
Chrome 149.0.0.0 (Windows 10): Executed 53 of 199[32m SUCCESS[39m (0 secs / 0.563 secs)
LOG: '[AccountSetup] ngOnInit: Checking user session...'
[1A[2KLOG: [36m'[AccountSetup] ngOnInit: Current user:', Object{name: 'Alice', email: 'alice@company.com'}[39m
Chrome 149.0.0.0 (Windows 10): Executed 53 of 199[32m SUCCESS[39m (0 secs / 0.563 secs)
LOG: '[AccountSetup] ngOnInit: Current user:', Object{name: 'Alice', email: 'alice@company.com'}
[1A[2KLOG: [36m'[AccountSetup] ngOnInit: Querying bank details for user:', 'Alice'[39m
Chrome 149.0.0.0 (Windows 10): Executed 53 of 199[32m SUCCESS[39m (0 secs / 0.563 secs)
LOG: '[AccountSetup] ngOnInit: Querying bank details for user:', 'Alice'
[1A[2KLOG: [36m'[AccountSetup] ngOnInit: No existing bank details found. Staying on page. Error details:', Error: Not found
Error: Not found
    at errorFactory (http://localhost:9876/_karma_webpack_/webpack:/src/app/account-setup/account-setup.component.spec.ts:34:62)
    at Observable._subscribe (http://localhost:9876/_karma_webpack_/webpack:/node_modules/rxjs/dist/esm/internal/observable/throwError.js:5:51)
    at Observable._trySubscribe (http://localhost:9876/_karma_webpack_/webpack:/node_modules/rxjs/dist/esm/internal/Observable.js:37:25)
    at cb (http://localhost:9876/_karma_webpack_/webpack:/node_modules/rxjs/dist/esm/internal/Observable.js:31:30)
    at errorContext (http://localhost:9876/_karma_webpack_/webpack:/node_modules/rxjs/dist/esm/internal/util/errorContext.js:19:9)
    at Observable.subscribe (http://localhost:9876/_karma_webpack_/webpack:/node_modules/rxjs/dist/esm/internal/Observable.js:22:21)
    at AccountSetupComponent.call [as ngOnInit] (http://localhost:9876/_karma_webpack_/webpack:/src/app/account-setup/account-setup.component.ts:107:44)
    at callHookInternal (http://localhost:9876/_karma_webpack_/webpack:/node_modules/@angular/core/fesm2022/_debug_node-chunk.mjs:555:10)
    at callHook (http://localhost:9876/_karma_webpack_/webpack:/node_modules/@angular/core/fesm2022/_debug_node-chunk.mjs:570:7)
    at callHooks (http://localhost:9876/_karma_webpack_/webpack:/node_modules/@angular/core/fesm2022/_debug_node-chunk.mjs:544:9)[39m
Chrome 149.0.0.0 (Windows 10): Executed 53 of 199[32m SUCCESS[39m (0 secs / 0.563 secs)
LOG: '[AccountSetup] ngOnInit: No existing bank details found. Staying on page. Error details:', Error: Not found
Error: Not found
    at errorFactory (http://localhost:9876/_karma_webpack_/webpack:/src/app/account-setup/account-setup.component.spec.ts:34:62)
    at Observable._subscribe (http://localhost:9876/_karma_webpack_/webpack:/node_modules/rxjs/dist/esm/internal/observable/throwError.js:5:51)
    at Observable._trySubscribe (http://localhost:9876/_karma_webpack_/webpack:/node_modules/rxjs/dist/esm/internal/Observable.js:37:25)
    at cb (http://localhost:9876/_karma_webpack_/webpack:/node_modules/rxjs/dist/esm/internal/Observable.js:31:30)
    at errorContext (http://localhost:9876/_karma_webpack_/webpack:/node_modules/rxjs/dist/esm/internal/util/errorContext.js:19:9)
    at Observable.subscribe (http://localhost:9876/_karma_webpack_/webpack:/node_modules/rxjs/dist/esm/internal/Observable.js:22:21)
    at AccountSetupComponent.call [as ngOnInit] (http://localhost:9876/_karma_webpack_/webpack:/src/app/account-setup/account-setup.component.ts:107:44)
    at callHookInternal (http://localhost:9876/_karma_webpack_/webpack:/node_modules/@angular/core/fesm2022/_debug_node-chunk.mjs:555:10)
    at callHook (http://localhost:9876/_karma_webpack_/webpack:/node_modules/@angular/core/fesm2022/_debug_node-chunk.mjs:570:7)
    at callHooks (http://localhost:9876/_karma_webpack_/webpack:/node_modules/@angular/core/fesm2022/_debug_node-chunk.mjs:544:9)
[1A[2KLOG: [36m'[AccountSetup] verifyOtp: Attempting to verify OTP for contact:', '', 'with OTP:', ''[39m
Chrome 149.0.0.0 (Windows 10): Executed 53 of 199[32m SUCCESS[39m (0 secs / 0.563 secs)
LOG: '[AccountSetup] verifyOtp: Attempting to verify OTP for contact:', '', 'with OTP:', ''
[1A[2KChrome 149.0.0.0 (Windows 10): Executed 54 of 199[32m SUCCESS[39m (0 secs / 0.57 secs)
[1A[2KLOG: [36m'[AccountSetup] ngOnInit: Checking user session...'[39m
Chrome 149.0.0.0 (Windows 10): Executed 54 of 199[32m SUCCESS[39m (0 secs / 0.57 secs)
LOG: '[AccountSetup] ngOnInit: Checking user session...'
[1A[2KLOG: [36m'[AccountSetup] ngOnInit: Current user:', Object{name: 'Alice', email: 'alice@company.com'}[39m
Chrome 149.0.0.0 (Windows 10): Executed 54 of 199[32m SUCCESS[39m (0 secs / 0.57 secs)
LOG: '[AccountSetup] ngOnInit: Current user:', Object{name: 'Alice', email: 'alice@company.com'}
[1A[2KLOG: [36m'[AccountSetup] ngOnInit: Querying bank details for user:', 'Alice'[39m
Chrome 149.0.0.0 (Windows 10): Executed 54 of 199[32m SUCCESS[39m (0 secs / 0.57 secs)
LOG: '[AccountSetup] ngOnInit: Querying bank details for user:', 'Alice'
[1A[2KLOG: [36m'[AccountSetup] ngOnInit: No existing bank details found. Staying on page. Error details:', Error: Not found
Error: Not found
    at errorFactory (http://localhost:9876/_karma_webpack_/webpack:/src/app/account-setup/account-setup.component.spec.ts:34:62)
    at Observable._subscribe (http://localhost:9876/_karma_webpack_/webpack:/node_modules/rxjs/dist/esm/internal/observable/throwError.js:5:51)
    at Observable._trySubscribe (http://localhost:9876/_karma_webpack_/webpack:/node_modules/rxjs/dist/esm/internal/Observable.js:37:25)
    at cb (http://localhost:9876/_karma_webpack_/webpack:/node_modules/rxjs/dist/esm/internal/Observable.js:31:30)
    at errorContext (http://localhost:9876/_karma_webpack_/webpack:/node_modules/rxjs/dist/esm/internal/util/errorContext.js:19:9)
    at Observable.subscribe (http://localhost:9876/_karma_webpack_/webpack:/node_modules/rxjs/dist/esm/internal/Observable.js:22:21)
    at AccountSetupComponent.call [as ngOnInit] (http://localhost:9876/_karma_webpack_/webpack:/src/app/account-setup/account-setup.component.ts:107:44)
    at callHookInternal (http://localhost:9876/_karma_webpack_/webpack:/node_modules/@angular/core/fesm2022/_debug_node-chunk.mjs:555:10)
    at callHook (http://localhost:9876/_karma_webpack_/webpack:/node_modules/@angular/core/fesm2022/_debug_node-chunk.mjs:570:7)
    at callHooks (http://localhost:9876/_karma_webpack_/webpack:/node_modules/@angular/core/fesm2022/_debug_node-chunk.mjs:544:9)[39m
Chrome 149.0.0.0 (Windows 10): Executed 54 of 199[32m SUCCESS[39m (0 secs / 0.57 secs)
LOG: '[AccountSetup] ngOnInit: No existing bank details found. Staying on page. Error details:', Error: Not found
Error: Not found
    at errorFactory (http://localhost:9876/_karma_webpack_/webpack:/src/app/account-setup/account-setup.component.spec.ts:34:62)
    at Observable._subscribe (http://localhost:9876/_karma_webpack_/webpack:/node_modules/rxjs/dist/esm/internal/observable/throwError.js:5:51)
    at Observable._trySubscribe (http://localhost:9876/_karma_webpack_/webpack:/node_modules/rxjs/dist/esm/internal/Observable.js:37:25)
    at cb (http://localhost:9876/_karma_webpack_/webpack:/node_modules/rxjs/dist/esm/internal/Observable.js:31:30)
    at errorContext (http://localhost:9876/_karma_webpack_/webpack:/node_modules/rxjs/dist/esm/internal/util/errorContext.js:19:9)
    at Observable.subscribe (http://localhost:9876/_karma_webpack_/webpack:/node_modules/rxjs/dist/esm/internal/Observable.js:22:21)
    at AccountSetupComponent.call [as ngOnInit] (http://localhost:9876/_karma_webpack_/webpack:/src/app/account-setup/account-setup.component.ts:107:44)
    at callHookInternal (http://localhost:9876/_karma_webpack_/webpack:/node_modules/@angular/core/fesm2022/_debug_node-chunk.mjs:555:10)
    at callHook (http://localhost:9876/_karma_webpack_/webpack:/node_modules/@angular/core/fesm2022/_debug_node-chunk.mjs:570:7)
    at callHooks (http://localhost:9876/_karma_webpack_/webpack:/node_modules/@angular/core/fesm2022/_debug_node-chunk.mjs:544:9)
[1A[2KLOG: [36m'[AccountSetup] sendOtp: Attempting to send OTP to contact:', ''[39m
Chrome 149.0.0.0 (Windows 10): Executed 54 of 199[32m SUCCESS[39m (0 secs / 0.57 secs)
LOG: '[AccountSetup] sendOtp: Attempting to send OTP to contact:', ''
[1A[2KChrome 149.0.0.0 (Windows 10): Executed 55 of 199[32m SUCCESS[39m (0 secs / 0.576 secs)
[1A[2KLOG: [36m'[AccountSetup] ngOnInit: Checking user session...'[39m
Chrome 149.0.0.0 (Windows 10): Executed 55 of 199[32m SUCCESS[39m (0 secs / 0.576 secs)
LOG: '[AccountSetup] ngOnInit: Checking user session...'
[1A[2KLOG: [36m'[AccountSetup] ngOnInit: Current user:', Object{name: 'Alice', email: 'alice@company.com'}[39m
Chrome 149.0.0.0 (Windows 10): Executed 55 of 199[32m SUCCESS[39m (0 secs / 0.576 secs)
LOG: '[AccountSetup] ngOnInit: Current user:', Object{name: 'Alice', email: 'alice@company.com'}
[1A[2KLOG: [36m'[AccountSetup] ngOnInit: Querying bank details for user:', 'Alice'[39m
Chrome 149.0.0.0 (Windows 10): Executed 55 of 199[32m SUCCESS[39m (0 secs / 0.576 secs)
LOG: '[AccountSetup] ngOnInit: Querying bank details for user:', 'Alice'
[1A[2KLOG: [36m'[AccountSetup] ngOnInit: No existing bank details found. Staying on page. Error details:', Error: Not found
Error: Not found
    at errorFactory (http://localhost:9876/_karma_webpack_/webpack:/src/app/account-setup/account-setup.component.spec.ts:34:62)
    at Observable._subscribe (http://localhost:9876/_karma_webpack_/webpack:/node_modules/rxjs/dist/esm/internal/observable/throwError.js:5:51)
    at Observable._trySubscribe (http://localhost:9876/_karma_webpack_/webpack:/node_modules/rxjs/dist/esm/internal/Observable.js:37:25)
    at cb (http://localhost:9876/_karma_webpack_/webpack:/node_modules/rxjs/dist/esm/internal/Observable.js:31:30)
    at errorContext (http://localhost:9876/_karma_webpack_/webpack:/node_modules/rxjs/dist/esm/internal/util/errorContext.js:19:9)
    at Observable.subscribe (http://localhost:9876/_karma_webpack_/webpack:/node_modules/rxjs/dist/esm/internal/Observable.js:22:21)
    at AccountSetupComponent.call [as ngOnInit] (http://localhost:9876/_karma_webpack_/webpack:/src/app/account-setup/account-setup.component.ts:107:44)
    at callHookInternal (http://localhost:9876/_karma_webpack_/webpack:/node_modules/@angular/core/fesm2022/_debug_node-chunk.mjs:555:10)
    at callHook (http://localhost:9876/_karma_webpack_/webpack:/node_modules/@angular/core/fesm2022/_debug_node-chunk.mjs:570:7)
    at callHooks (http://localhost:9876/_karma_webpack_/webpack:/node_modules/@angular/core/fesm2022/_debug_node-chunk.mjs:544:9)[39m
Chrome 149.0.0.0 (Windows 10): Executed 55 of 199[32m SUCCESS[39m (0 secs / 0.576 secs)
LOG: '[AccountSetup] ngOnInit: No existing bank details found. Staying on page. Error details:', Error: Not found
Error: Not found
    at errorFactory (http://localhost:9876/_karma_webpack_/webpack:/src/app/account-setup/account-setup.component.spec.ts:34:62)
    at Observable._subscribe (http://localhost:9876/_karma_webpack_/webpack:/node_modules/rxjs/dist/esm/internal/observable/throwError.js:5:51)
    at Observable._trySubscribe (http://localhost:9876/_karma_webpack_/webpack:/node_modules/rxjs/dist/esm/internal/Observable.js:37:25)
    at cb (http://localhost:9876/_karma_webpack_/webpack:/node_modules/rxjs/dist/esm/internal/Observable.js:31:30)
    at errorContext (http://localhost:9876/_karma_webpack_/webpack:/node_modules/rxjs/dist/esm/internal/util/errorContext.js:19:9)
    at Observable.subscribe (http://localhost:9876/_karma_webpack_/webpack:/node_modules/rxjs/dist/esm/internal/Observable.js:22:21)
    at AccountSetupComponent.call [as ngOnInit] (http://localhost:9876/_karma_webpack_/webpack:/src/app/account-setup/account-setup.component.ts:107:44)
    at callHookInternal (http://localhost:9876/_karma_webpack_/webpack:/node_modules/@angular/core/fesm2022/_debug_node-chunk.mjs:555:10)
    at callHook (http://localhost:9876/_karma_webpack_/webpack:/node_modules/@angular/core/fesm2022/_debug_node-chunk.mjs:570:7)
    at callHooks (http://localhost:9876/_karma_webpack_/webpack:/node_modules/@angular/core/fesm2022/_debug_node-chunk.mjs:544:9)
[1A[2KLOG: [36m'[AccountSetup] verifyOtp: Attempting to verify OTP for contact:', 'test@example.com', 'with OTP:', '1234'[39m
Chrome 149.0.0.0 (Windows 10): Executed 55 of 199[32m SUCCESS[39m (0 secs / 0.576 secs)
LOG: '[AccountSetup] verifyOtp: Attempting to verify OTP for contact:', 'test@example.com', 'with OTP:', '1234'
[1A[2KERROR: [36m'[AccountSetup] verifyOtp: Error during OTP verification API call:', Error: Connection lost
Error: Connection lost
    at errorFactory (http://localhost:9876/_karma_webpack_/webpack:/src/app/account-setup/account-setup.component.spec.ts:134:55)
    at Observable._subscribe (http://localhost:9876/_karma_webpack_/webpack:/node_modules/rxjs/dist/esm/internal/observable/throwError.js:5:51)
    at Observable._trySubscribe (http://localhost:9876/_karma_webpack_/webpack:/node_modules/rxjs/dist/esm/internal/Observable.js:37:25)
    at cb (http://localhost:9876/_karma_webpack_/webpack:/node_modules/rxjs/dist/esm/internal/Observable.js:31:30)
    at errorContext (http://localhost:9876/_karma_webpack_/webpack:/node_modules/rxjs/dist/esm/internal/util/errorContext.js:19:9)
    at Observable.subscribe (http://localhost:9876/_karma_webpack_/webpack:/node_modules/rxjs/dist/esm/internal/Observable.js:22:21)
    at AccountSetupComponent.verifyOtp (http://localhost:9876/_karma_webpack_/webpack:/src/app/account-setup/account-setup.component.ts:250:42)
    at UserContext.apply (http://localhost:9876/_karma_webpack_/webpack:/src/app/account-setup/account-setup.component.spec.ts:136:15)
    at _ZoneDelegate.invoke (http://localhost:9876/_karma_webpack_/webpack:/node_modules/zone.js/fesm2015/zone.js:358:158)
    at _ProxyZoneSpec.onInvoke (http://localhost:9876/_karma_webpack_/webpack:/node_modules/zone.js/fesm2015/zone-testing.js:956:33)[39m
Chrome 149.0.0.0 (Windows 10): Executed 55 of 199[32m SUCCESS[39m (0 secs / 0.576 secs)
ERROR: '[AccountSetup] verifyOtp: Error during OTP verification API call:', Error: Connection lost
Error: Connection lost
    at errorFactory (http://localhost:9876/_karma_webpack_/webpack:/src/app/account-setup/account-setup.component.spec.ts:134:55)
    at Observable._subscribe (http://localhost:9876/_karma_webpack_/webpack:/node_modules/rxjs/dist/esm/internal/observable/throwError.js:5:51)
    at Observable._trySubscribe (http://localhost:9876/_karma_webpack_/webpack:/node_modules/rxjs/dist/esm/internal/Observable.js:37:25)
    at cb (http://localhost:9876/_karma_webpack_/webpack:/node_modules/rxjs/dist/esm/internal/Observable.js:31:30)
    at errorContext (http://localhost:9876/_karma_webpack_/webpack:/node_modules/rxjs/dist/esm/internal/util/errorContext.js:19:9)
    at Observable.subscribe (http://localhost:9876/_karma_webpack_/webpack:/node_modules/rxjs/dist/esm/internal/Observable.js:22:21)
    at AccountSetupComponent.verifyOtp (http://localhost:9876/_karma_webpack_/webpack:/src/app/account-setup/account-setup.component.ts:250:42)
    at UserContext.apply (http://localhost:9876/_karma_webpack_/webpack:/src/app/account-setup/account-setup.component.spec.ts:136:15)
    at _ZoneDelegate.invoke (http://localhost:9876/_karma_webpack_/webpack:/node_modules/zone.js/fesm2015/zone.js:358:158)
    at _ProxyZoneSpec.onInvoke (http://localhost:9876/_karma_webpack_/webpack:/node_modules/zone.js/fesm2015/zone-testing.js:956:33)
[1A[2KChrome 149.0.0.0 (Windows 10): Executed 56 of 199[32m SUCCESS[39m (0 secs / 0.584 secs)
[1A[2KLOG: [36m'[AccountSetup] ngOnInit: Checking user session...'[39m
Chrome 149.0.0.0 (Windows 10): Executed 56 of 199[32m SUCCESS[39m (0 secs / 0.584 secs)
LOG: '[AccountSetup] ngOnInit: Checking user session...'
[1A[2KLOG: [36m'[AccountSetup] ngOnInit: Current user:', Object{name: 'Alice', email: 'alice@company.com'}[39m
Chrome 149.0.0.0 (Windows 10): Executed 56 of 199[32m SUCCESS[39m (0 secs / 0.584 secs)
LOG: '[AccountSetup] ngOnInit: Current user:', Object{name: 'Alice', email: 'alice@company.com'}
[1A[2KLOG: [36m'[AccountSetup] ngOnInit: Querying bank details for user:', 'Alice'[39m
Chrome 149.0.0.0 (Windows 10): Executed 56 of 199[32m SUCCESS[39m (0 secs / 0.584 secs)
LOG: '[AccountSetup] ngOnInit: Querying bank details for user:', 'Alice'
[1A[2KLOG: [36m'[AccountSetup] ngOnInit: No existing bank details found. Staying on page. Error details:', Error: Not found
Error: Not found
    at errorFactory (http://localhost:9876/_karma_webpack_/webpack:/src/app/account-setup/account-setup.component.spec.ts:34:62)
    at Observable._subscribe (http://localhost:9876/_karma_webpack_/webpack:/node_modules/rxjs/dist/esm/internal/observable/throwError.js:5:51)
    at Observable._trySubscribe (http://localhost:9876/_karma_webpack_/webpack:/node_modules/rxjs/dist/esm/internal/Observable.js:37:25)
    at cb (http://localhost:9876/_karma_webpack_/webpack:/node_modules/rxjs/dist/esm/internal/Observable.js:31:30)
    at errorContext (http://localhost:9876/_karma_webpack_/webpack:/node_modules/rxjs/dist/esm/internal/util/errorContext.js:19:9)
    at Observable.subscribe (http://localhost:9876/_karma_webpack_/webpack:/node_modules/rxjs/dist/esm/internal/Observable.js:22:21)
    at AccountSetupComponent.call [as ngOnInit] (http://localhost:9876/_karma_webpack_/webpack:/src/app/account-setup/account-setup.component.ts:107:44)
    at callHookInternal (http://localhost:9876/_karma_webpack_/webpack:/node_modules/@angular/core/fesm2022/_debug_node-chunk.mjs:555:10)
    at callHook (http://localhost:9876/_karma_webpack_/webpack:/node_modules/@angular/core/fesm2022/_debug_node-chunk.mjs:570:7)
    at callHooks (http://localhost:9876/_karma_webpack_/webpack:/node_modules/@angular/core/fesm2022/_debug_node-chunk.mjs:544:9)[39m
Chrome 149.0.0.0 (Windows 10): Executed 56 of 199[32m SUCCESS[39m (0 secs / 0.584 secs)
LOG: '[AccountSetup] ngOnInit: No existing bank details found. Staying on page. Error details:', Error: Not found
Error: Not found
    at errorFactory (http://localhost:9876/_karma_webpack_/webpack:/src/app/account-setup/account-setup.component.spec.ts:34:62)
    at Observable._subscribe (http://localhost:9876/_karma_webpack_/webpack:/node_modules/rxjs/dist/esm/internal/observable/throwError.js:5:51)
    at Observable._trySubscribe (http://localhost:9876/_karma_webpack_/webpack:/node_modules/rxjs/dist/esm/internal/Observable.js:37:25)
    at cb (http://localhost:9876/_karma_webpack_/webpack:/node_modules/rxjs/dist/esm/internal/Observable.js:31:30)
    at errorContext (http://localhost:9876/_karma_webpack_/webpack:/node_modules/rxjs/dist/esm/internal/util/errorContext.js:19:9)
    at Observable.subscribe (http://localhost:9876/_karma_webpack_/webpack:/node_modules/rxjs/dist/esm/internal/Observable.js:22:21)
    at AccountSetupComponent.call [as ngOnInit] (http://localhost:9876/_karma_webpack_/webpack:/src/app/account-setup/account-setup.component.ts:107:44)
    at callHookInternal (http://localhost:9876/_karma_webpack_/webpack:/node_modules/@angular/core/fesm2022/_debug_node-chunk.mjs:555:10)
    at callHook (http://localhost:9876/_karma_webpack_/webpack:/node_modules/@angular/core/fesm2022/_debug_node-chunk.mjs:570:7)
    at callHooks (http://localhost:9876/_karma_webpack_/webpack:/node_modules/@angular/core/fesm2022/_debug_node-chunk.mjs:544:9)
[1A[2KLOG: [36m'[AccountSetup] verifyOtp: Attempting to verify OTP for contact:', 'test@example.com', 'with OTP:', 'wrong'[39m
Chrome 149.0.0.0 (Windows 10): Executed 56 of 199[32m SUCCESS[39m (0 secs / 0.584 secs)
LOG: '[AccountSetup] verifyOtp: Attempting to verify OTP for contact:', 'test@example.com', 'with OTP:', 'wrong'
[1A[2KLOG: [36m'[AccountSetup] verifyOtp: Response received:', Object{verified: false}[39m
Chrome 149.0.0.0 (Windows 10): Executed 56 of 199[32m SUCCESS[39m (0 secs / 0.584 secs)
LOG: '[AccountSetup] verifyOtp: Response received:', Object{verified: false}
[1A[2KWARN: [36m'[AccountSetup] verifyOtp: Verification FAILED - invalid OTP'[39m
Chrome 149.0.0.0 (Windows 10): Executed 56 of 199[32m SUCCESS[39m (0 secs / 0.584 secs)
WARN: '[AccountSetup] verifyOtp: Verification FAILED - invalid OTP'
[1A[2KChrome 149.0.0.0 (Windows 10): Executed 57 of 199[32m SUCCESS[39m (0 secs / 0.591 secs)
[1A[2KLOG: [36m'[AccountSetup] ngOnInit: Checking user session...'[39m
Chrome 149.0.0.0 (Windows 10): Executed 57 of 199[32m SUCCESS[39m (0 secs / 0.591 secs)
LOG: '[AccountSetup] ngOnInit: Checking user session...'
[1A[2KLOG: [36m'[AccountSetup] ngOnInit: Current user:', Object{name: 'Alice', email: 'alice@company.com'}[39m
Chrome 149.0.0.0 (Windows 10): Executed 57 of 199[32m SUCCESS[39m (0 secs / 0.591 secs)
LOG: '[AccountSetup] ngOnInit: Current user:', Object{name: 'Alice', email: 'alice@company.com'}
[1A[2KLOG: [36m'[AccountSetup] ngOnInit: Querying bank details for user:', 'Alice'[39m
Chrome 149.0.0.0 (Windows 10): Executed 57 of 199[32m SUCCESS[39m (0 secs / 0.591 secs)
LOG: '[AccountSetup] ngOnInit: Querying bank details for user:', 'Alice'
[1A[2KLOG: [36m'[AccountSetup] ngOnInit: No existing bank details found. Staying on page. Error details:', Error: Not found
Error: Not found
    at errorFactory (http://localhost:9876/_karma_webpack_/webpack:/src/app/account-setup/account-setup.component.spec.ts:34:62)
    at Observable._subscribe (http://localhost:9876/_karma_webpack_/webpack:/node_modules/rxjs/dist/esm/internal/observable/throwError.js:5:51)
    at Observable._trySubscribe (http://localhost:9876/_karma_webpack_/webpack:/node_modules/rxjs/dist/esm/internal/Observable.js:37:25)
    at cb (http://localhost:9876/_karma_webpack_/webpack:/node_modules/rxjs/dist/esm/internal/Observable.js:31:30)
    at errorContext (http://localhost:9876/_karma_webpack_/webpack:/node_modules/rxjs/dist/esm/internal/util/errorContext.js:19:9)
    at Observable.subscribe (http://localhost:9876/_karma_webpack_/webpack:/node_modules/rxjs/dist/esm/internal/Observable.js:22:21)
    at AccountSetupComponent.call [as ngOnInit] (http://localhost:9876/_karma_webpack_/webpack:/src/app/account-setup/account-setup.component.ts:107:44)
    at callHookInternal (http://localhost:9876/_karma_webpack_/webpack:/node_modules/@angular/core/fesm2022/_debug_node-chunk.mjs:555:10)
    at callHook (http://localhost:9876/_karma_webpack_/webpack:/node_modules/@angular/core/fesm2022/_debug_node-chunk.mjs:570:7)
    at callHooks (http://localhost:9876/_karma_webpack_/webpack:/node_modules/@angular/core/fesm2022/_debug_node-chunk.mjs:544:9)[39m
Chrome 149.0.0.0 (Windows 10): Executed 57 of 199[32m SUCCESS[39m (0 secs / 0.591 secs)
LOG: '[AccountSetup] ngOnInit: No existing bank details found. Staying on page. Error details:', Error: Not found
Error: Not found
    at errorFactory (http://localhost:9876/_karma_webpack_/webpack:/src/app/account-setup/account-setup.component.spec.ts:34:62)
    at Observable._subscribe (http://localhost:9876/_karma_webpack_/webpack:/node_modules/rxjs/dist/esm/internal/observable/throwError.js:5:51)
    at Observable._trySubscribe (http://localhost:9876/_karma_webpack_/webpack:/node_modules/rxjs/dist/esm/internal/Observable.js:37:25)
    at cb (http://localhost:9876/_karma_webpack_/webpack:/node_modules/rxjs/dist/esm/internal/Observable.js:31:30)
    at errorContext (http://localhost:9876/_karma_webpack_/webpack:/node_modules/rxjs/dist/esm/internal/util/errorContext.js:19:9)
    at Observable.subscribe (http://localhost:9876/_karma_webpack_/webpack:/node_modules/rxjs/dist/esm/internal/Observable.js:22:21)
    at AccountSetupComponent.call [as ngOnInit] (http://localhost:9876/_karma_webpack_/webpack:/src/app/account-setup/account-setup.component.ts:107:44)
    at callHookInternal (http://localhost:9876/_karma_webpack_/webpack:/node_modules/@angular/core/fesm2022/_debug_node-chunk.mjs:555:10)
    at callHook (http://localhost:9876/_karma_webpack_/webpack:/node_modules/@angular/core/fesm2022/_debug_node-chunk.mjs:570:7)
    at callHooks (http://localhost:9876/_karma_webpack_/webpack:/node_modules/@angular/core/fesm2022/_debug_node-chunk.mjs:544:9)
[1A[2KChrome 149.0.0.0 (Windows 10): Executed 58 of 199[32m SUCCESS[39m (0 secs / 0.598 secs)
[1A[2KLOG: [36m'[AccountSetup] ngOnInit: Checking user session...'[39m
Chrome 149.0.0.0 (Windows 10): Executed 58 of 199[32m SUCCESS[39m (0 secs / 0.598 secs)
LOG: '[AccountSetup] ngOnInit: Checking user session...'
[1A[2KLOG: [36m'[AccountSetup] ngOnInit: Current user:', Object{name: 'Alice', email: 'alice@company.com'}[39m
Chrome 149.0.0.0 (Windows 10): Executed 58 of 199[32m SUCCESS[39m (0 secs / 0.598 secs)
LOG: '[AccountSetup] ngOnInit: Current user:', Object{name: 'Alice', email: 'alice@company.com'}
[1A[2KLOG: [36m'[AccountSetup] ngOnInit: Querying bank details for user:', 'Alice'[39m
Chrome 149.0.0.0 (Windows 10): Executed 58 of 199[32m SUCCESS[39m (0 secs / 0.598 secs)
LOG: '[AccountSetup] ngOnInit: Querying bank details for user:', 'Alice'
[1A[2KLOG: [36m'[AccountSetup] ngOnInit: No existing bank details found. Staying on page. Error details:', Error: Not found
Error: Not found
    at errorFactory (http://localhost:9876/_karma_webpack_/webpack:/src/app/account-setup/account-setup.component.spec.ts:34:62)
    at Observable._subscribe (http://localhost:9876/_karma_webpack_/webpack:/node_modules/rxjs/dist/esm/internal/observable/throwError.js:5:51)
    at Observable._trySubscribe (http://localhost:9876/_karma_webpack_/webpack:/node_modules/rxjs/dist/esm/internal/Observable.js:37:25)
    at cb (http://localhost:9876/_karma_webpack_/webpack:/node_modules/rxjs/dist/esm/internal/Observable.js:31:30)
    at errorContext (http://localhost:9876/_karma_webpack_/webpack:/node_modules/rxjs/dist/esm/internal/util/errorContext.js:19:9)
    at Observable.subscribe (http://localhost:9876/_karma_webpack_/webpack:/node_modules/rxjs/dist/esm/internal/Observable.js:22:21)
    at AccountSetupComponent.call [as ngOnInit] (http://localhost:9876/_karma_webpack_/webpack:/src/app/account-setup/account-setup.component.ts:107:44)
    at callHookInternal (http://localhost:9876/_karma_webpack_/webpack:/node_modules/@angular/core/fesm2022/_debug_node-chunk.mjs:555:10)
    at callHook (http://localhost:9876/_karma_webpack_/webpack:/node_modules/@angular/core/fesm2022/_debug_node-chunk.mjs:570:7)
    at callHooks (http://localhost:9876/_karma_webpack_/webpack:/node_modules/@angular/core/fesm2022/_debug_node-chunk.mjs:544:9)[39m
Chrome 149.0.0.0 (Windows 10): Executed 58 of 199[32m SUCCESS[39m (0 secs / 0.598 secs)
LOG: '[AccountSetup] ngOnInit: No existing bank details found. Staying on page. Error details:', Error: Not found
Error: Not found
    at errorFactory (http://localhost:9876/_karma_webpack_/webpack:/src/app/account-setup/account-setup.component.spec.ts:34:62)
    at Observable._subscribe (http://localhost:9876/_karma_webpack_/webpack:/node_modules/rxjs/dist/esm/internal/observable/throwError.js:5:51)
    at Observable._trySubscribe (http://localhost:9876/_karma_webpack_/webpack:/node_modules/rxjs/dist/esm/internal/Observable.js:37:25)
    at cb (http://localhost:9876/_karma_webpack_/webpack:/node_modules/rxjs/dist/esm/internal/Observable.js:31:30)
    at errorContext (http://localhost:9876/_karma_webpack_/webpack:/node_modules/rxjs/dist/esm/internal/util/errorContext.js:19:9)
    at Observable.subscribe (http://localhost:9876/_karma_webpack_/webpack:/node_modules/rxjs/dist/esm/internal/Observable.js:22:21)
    at AccountSetupComponent.call [as ngOnInit] (http://localhost:9876/_karma_webpack_/webpack:/src/app/account-setup/account-setup.component.ts:107:44)
    at callHookInternal (http://localhost:9876/_karma_webpack_/webpack:/node_modules/@angular/core/fesm2022/_debug_node-chunk.mjs:555:10)
    at callHook (http://localhost:9876/_karma_webpack_/webpack:/node_modules/@angular/core/fesm2022/_debug_node-chunk.mjs:570:7)
    at callHooks (http://localhost:9876/_karma_webpack_/webpack:/node_modules/@angular/core/fesm2022/_debug_node-chunk.mjs:544:9)
[1A[2KChrome 149.0.0.0 (Windows 10): Executed 59 of 199[32m SUCCESS[39m (0 secs / 0.604 secs)
[1A[2KLOG: [36m'[AccountSetup] ngOnInit: Checking user session...'[39m
Chrome 149.0.0.0 (Windows 10): Executed 59 of 199[32m SUCCESS[39m (0 secs / 0.604 secs)
LOG: '[AccountSetup] ngOnInit: Checking user session...'
[1A[2KLOG: [36m'[AccountSetup] ngOnInit: Current user:', Object{name: 'Alice', email: 'alice@company.com'}[39m
Chrome 149.0.0.0 (Windows 10): Executed 59 of 199[32m SUCCESS[39m (0 secs / 0.604 secs)
LOG: '[AccountSetup] ngOnInit: Current user:', Object{name: 'Alice', email: 'alice@company.com'}
[1A[2KLOG: [36m'[AccountSetup] ngOnInit: Querying bank details for user:', 'Alice'[39m
Chrome 149.0.0.0 (Windows 10): Executed 59 of 199[32m SUCCESS[39m (0 secs / 0.604 secs)
LOG: '[AccountSetup] ngOnInit: Querying bank details for user:', 'Alice'
[1A[2KLOG: [36m'[AccountSetup] ngOnInit: No existing bank details found. Staying on page. Error details:', Error: Not found
Error: Not found
    at errorFactory (http://localhost:9876/_karma_webpack_/webpack:/src/app/account-setup/account-setup.component.spec.ts:34:62)
    at Observable._subscribe (http://localhost:9876/_karma_webpack_/webpack:/node_modules/rxjs/dist/esm/internal/observable/throwError.js:5:51)
    at Observable._trySubscribe (http://localhost:9876/_karma_webpack_/webpack:/node_modules/rxjs/dist/esm/internal/Observable.js:37:25)
    at cb (http://localhost:9876/_karma_webpack_/webpack:/node_modules/rxjs/dist/esm/internal/Observable.js:31:30)
    at errorContext (http://localhost:9876/_karma_webpack_/webpack:/node_modules/rxjs/dist/esm/internal/util/errorContext.js:19:9)
    at Observable.subscribe (http://localhost:9876/_karma_webpack_/webpack:/node_modules/rxjs/dist/esm/internal/Observable.js:22:21)
    at AccountSetupComponent.call [as ngOnInit] (http://localhost:9876/_karma_webpack_/webpack:/src/app/account-setup/account-setup.component.ts:107:44)
    at callHookInternal (http://localhost:9876/_karma_webpack_/webpack:/node_modules/@angular/core/fesm2022/_debug_node-chunk.mjs:555:10)
    at callHook (http://localhost:9876/_karma_webpack_/webpack:/node_modules/@angular/core/fesm2022/_debug_node-chunk.mjs:570:7)
    at callHooks (http://localhost:9876/_karma_webpack_/webpack:/node_modules/@angular/core/fesm2022/_debug_node-chunk.mjs:544:9)[39m
Chrome 149.0.0.0 (Windows 10): Executed 59 of 199[32m SUCCESS[39m (0 secs / 0.604 secs)
LOG: '[AccountSetup] ngOnInit: No existing bank details found. Staying on page. Error details:', Error: Not found
Error: Not found
    at errorFactory (http://localhost:9876/_karma_webpack_/webpack:/src/app/account-setup/account-setup.component.spec.ts:34:62)
    at Observable._subscribe (http://localhost:9876/_karma_webpack_/webpack:/node_modules/rxjs/dist/esm/internal/observable/throwError.js:5:51)
    at Observable._trySubscribe (http://localhost:9876/_karma_webpack_/webpack:/node_modules/rxjs/dist/esm/internal/Observable.js:37:25)
    at cb (http://localhost:9876/_karma_webpack_/webpack:/node_modules/rxjs/dist/esm/internal/Observable.js:31:30)
    at errorContext (http://localhost:9876/_karma_webpack_/webpack:/node_modules/rxjs/dist/esm/internal/util/errorContext.js:19:9)
    at Observable.subscribe (http://localhost:9876/_karma_webpack_/webpack:/node_modules/rxjs/dist/esm/internal/Observable.js:22:21)
    at AccountSetupComponent.call [as ngOnInit] (http://localhost:9876/_karma_webpack_/webpack:/src/app/account-setup/account-setup.component.ts:107:44)
    at callHookInternal (http://localhost:9876/_karma_webpack_/webpack:/node_modules/@angular/core/fesm2022/_debug_node-chunk.mjs:555:10)
    at callHook (http://localhost:9876/_karma_webpack_/webpack:/node_modules/@angular/core/fesm2022/_debug_node-chunk.mjs:570:7)
    at callHooks (http://localhost:9876/_karma_webpack_/webpack:/node_modules/@angular/core/fesm2022/_debug_node-chunk.mjs:544:9)
[1A[2KChrome 149.0.0.0 (Windows 10): Executed 60 of 199[32m SUCCESS[39m (0 secs / 0.611 secs)
[1A[2KLOG: [36m'[AccountSetup] ngOnInit: Checking user session...'[39m
Chrome 149.0.0.0 (Windows 10): Executed 60 of 199[32m SUCCESS[39m (0 secs / 0.611 secs)
LOG: '[AccountSetup] ngOnInit: Checking user session...'
[1A[2KLOG: [36m'[AccountSetup] ngOnInit: Current user:', Object{name: 'Alice', email: 'alice@company.com'}[39m
Chrome 149.0.0.0 (Windows 10): Executed 60 of 199[32m SUCCESS[39m (0 secs / 0.611 secs)
LOG: '[AccountSetup] ngOnInit: Current user:', Object{name: 'Alice', email: 'alice@company.com'}
[1A[2KLOG: [36m'[AccountSetup] ngOnInit: Querying bank details for user:', 'Alice'[39m
Chrome 149.0.0.0 (Windows 10): Executed 60 of 199[32m SUCCESS[39m (0 secs / 0.611 secs)
LOG: '[AccountSetup] ngOnInit: Querying bank details for user:', 'Alice'
[1A[2KLOG: [36m'[AccountSetup] ngOnInit: No existing bank details found. Staying on page. Error details:', Error: Not found
Error: Not found
    at errorFactory (http://localhost:9876/_karma_webpack_/webpack:/src/app/account-setup/account-setup.component.spec.ts:34:62)
    at Observable._subscribe (http://localhost:9876/_karma_webpack_/webpack:/node_modules/rxjs/dist/esm/internal/observable/throwError.js:5:51)
    at Observable._trySubscribe (http://localhost:9876/_karma_webpack_/webpack:/node_modules/rxjs/dist/esm/internal/Observable.js:37:25)
    at cb (http://localhost:9876/_karma_webpack_/webpack:/node_modules/rxjs/dist/esm/internal/Observable.js:31:30)
    at errorContext (http://localhost:9876/_karma_webpack_/webpack:/node_modules/rxjs/dist/esm/internal/util/errorContext.js:19:9)
    at Observable.subscribe (http://localhost:9876/_karma_webpack_/webpack:/node_modules/rxjs/dist/esm/internal/Observable.js:22:21)
    at AccountSetupComponent.call [as ngOnInit] (http://localhost:9876/_karma_webpack_/webpack:/src/app/account-setup/account-setup.component.ts:107:44)
    at callHookInternal (http://localhost:9876/_karma_webpack_/webpack:/node_modules/@angular/core/fesm2022/_debug_node-chunk.mjs:555:10)
    at callHook (http://localhost:9876/_karma_webpack_/webpack:/node_modules/@angular/core/fesm2022/_debug_node-chunk.mjs:570:7)
    at callHooks (http://localhost:9876/_karma_webpack_/webpack:/node_modules/@angular/core/fesm2022/_debug_node-chunk.mjs:544:9)[39m
Chrome 149.0.0.0 (Windows 10): Executed 60 of 199[32m SUCCESS[39m (0 secs / 0.611 secs)
LOG: '[AccountSetup] ngOnInit: No existing bank details found. Staying on page. Error details:', Error: Not found
Error: Not found
    at errorFactory (http://localhost:9876/_karma_webpack_/webpack:/src/app/account-setup/account-setup.component.spec.ts:34:62)
    at Observable._subscribe (http://localhost:9876/_karma_webpack_/webpack:/node_modules/rxjs/dist/esm/internal/observable/throwError.js:5:51)
    at Observable._trySubscribe (http://localhost:9876/_karma_webpack_/webpack:/node_modules/rxjs/dist/esm/internal/Observable.js:37:25)
    at cb (http://localhost:9876/_karma_webpack_/webpack:/node_modules/rxjs/dist/esm/internal/Observable.js:31:30)
    at errorContext (http://localhost:9876/_karma_webpack_/webpack:/node_modules/rxjs/dist/esm/internal/util/errorContext.js:19:9)
    at Observable.subscribe (http://localhost:9876/_karma_webpack_/webpack:/node_modules/rxjs/dist/esm/internal/Observable.js:22:21)
    at AccountSetupComponent.call [as ngOnInit] (http://localhost:9876/_karma_webpack_/webpack:/src/app/account-setup/account-setup.component.ts:107:44)
    at callHookInternal (http://localhost:9876/_karma_webpack_/webpack:/node_modules/@angular/core/fesm2022/_debug_node-chunk.mjs:555:10)
    at callHook (http://localhost:9876/_karma_webpack_/webpack:/node_modules/@angular/core/fesm2022/_debug_node-chunk.mjs:570:7)
    at callHooks (http://localhost:9876/_karma_webpack_/webpack:/node_modules/@angular/core/fesm2022/_debug_node-chunk.mjs:544:9)
[1A[2KChrome 149.0.0.0 (Windows 10): Executed 61 of 199[32m SUCCESS[39m (0 secs / 0.617 secs)
[1A[2KLOG: [36m'[AccountSetup] ngOnInit: Checking user session...'[39m
Chrome 149.0.0.0 (Windows 10): Executed 61 of 199[32m SUCCESS[39m (0 secs / 0.617 secs)
LOG: '[AccountSetup] ngOnInit: Checking user session...'
[1A[2KLOG: [36m'[AccountSetup] ngOnInit: Current user:', Object{name: 'Alice', email: 'alice@company.com'}[39m
Chrome 149.0.0.0 (Windows 10): Executed 61 of 199[32m SUCCESS[39m (0 secs / 0.617 secs)
LOG: '[AccountSetup] ngOnInit: Current user:', Object{name: 'Alice', email: 'alice@company.com'}
[1A[2KLOG: [36m'[AccountSetup] ngOnInit: Querying bank details for user:', 'Alice'[39m
Chrome 149.0.0.0 (Windows 10): Executed 61 of 199[32m SUCCESS[39m (0 secs / 0.617 secs)
LOG: '[AccountSetup] ngOnInit: Querying bank details for user:', 'Alice'
[1A[2KLOG: [36m'[AccountSetup] ngOnInit: No existing bank details found. Staying on page. Error details:', Error: Not found
Error: Not found
    at errorFactory (http://localhost:9876/_karma_webpack_/webpack:/src/app/account-setup/account-setup.component.spec.ts:34:62)
    at Observable._subscribe (http://localhost:9876/_karma_webpack_/webpack:/node_modules/rxjs/dist/esm/internal/observable/throwError.js:5:51)
    at Observable._trySubscribe (http://localhost:9876/_karma_webpack_/webpack:/node_modules/rxjs/dist/esm/internal/Observable.js:37:25)
    at cb (http://localhost:9876/_karma_webpack_/webpack:/node_modules/rxjs/dist/esm/internal/Observable.js:31:30)
    at errorContext (http://localhost:9876/_karma_webpack_/webpack:/node_modules/rxjs/dist/esm/internal/util/errorContext.js:19:9)
    at Observable.subscribe (http://localhost:9876/_karma_webpack_/webpack:/node_modules/rxjs/dist/esm/internal/Observable.js:22:21)
    at AccountSetupComponent.call [as ngOnInit] (http://localhost:9876/_karma_webpack_/webpack:/src/app/account-setup/account-setup.component.ts:107:44)
    at callHookInternal (http://localhost:9876/_karma_webpack_/webpack:/node_modules/@angular/core/fesm2022/_debug_node-chunk.mjs:555:10)
    at callHook (http://localhost:9876/_karma_webpack_/webpack:/node_modules/@angular/core/fesm2022/_debug_node-chunk.mjs:570:7)
    at callHooks (http://localhost:9876/_karma_webpack_/webpack:/node_modules/@angular/core/fesm2022/_debug_node-chunk.mjs:544:9)[39m
Chrome 149.0.0.0 (Windows 10): Executed 61 of 199[32m SUCCESS[39m (0 secs / 0.617 secs)
LOG: '[AccountSetup] ngOnInit: No existing bank details found. Staying on page. Error details:', Error: Not found
Error: Not found
    at errorFactory (http://localhost:9876/_karma_webpack_/webpack:/src/app/account-setup/account-setup.component.spec.ts:34:62)
    at Observable._subscribe (http://localhost:9876/_karma_webpack_/webpack:/node_modules/rxjs/dist/esm/internal/observable/throwError.js:5:51)
    at Observable._trySubscribe (http://localhost:9876/_karma_webpack_/webpack:/node_modules/rxjs/dist/esm/internal/Observable.js:37:25)
    at cb (http://localhost:9876/_karma_webpack_/webpack:/node_modules/rxjs/dist/esm/internal/Observable.js:31:30)
    at errorContext (http://localhost:9876/_karma_webpack_/webpack:/node_modules/rxjs/dist/esm/internal/util/errorContext.js:19:9)
    at Observable.subscribe (http://localhost:9876/_karma_webpack_/webpack:/node_modules/rxjs/dist/esm/internal/Observable.js:22:21)
    at AccountSetupComponent.call [as ngOnInit] (http://localhost:9876/_karma_webpack_/webpack:/src/app/account-setup/account-setup.component.ts:107:44)
    at callHookInternal (http://localhost:9876/_karma_webpack_/webpack:/node_modules/@angular/core/fesm2022/_debug_node-chunk.mjs:555:10)
    at callHook (http://localhost:9876/_karma_webpack_/webpack:/node_modules/@angular/core/fesm2022/_debug_node-chunk.mjs:570:7)
    at callHooks (http://localhost:9876/_karma_webpack_/webpack:/node_modules/@angular/core/fesm2022/_debug_node-chunk.mjs:544:9)
[1A[2KChrome 149.0.0.0 (Windows 10): Executed 62 of 199[32m SUCCESS[39m (0 secs / 0.623 secs)
[1A[2KLOG: [36m'[AccountSetup] ngOnInit: Checking user session...'[39m
Chrome 149.0.0.0 (Windows 10): Executed 62 of 199[32m SUCCESS[39m (0 secs / 0.623 secs)
LOG: '[AccountSetup] ngOnInit: Checking user session...'
[1A[2KLOG: [36m'[AccountSetup] ngOnInit: Current user:', Object{name: 'Alice', email: 'alice@company.com'}[39m
Chrome 149.0.0.0 (Windows 10): Executed 62 of 199[32m SUCCESS[39m (0 secs / 0.623 secs)
LOG: '[AccountSetup] ngOnInit: Current user:', Object{name: 'Alice', email: 'alice@company.com'}
[1A[2KLOG: [36m'[AccountSetup] ngOnInit: Querying bank details for user:', 'Alice'[39m
Chrome 149.0.0.0 (Windows 10): Executed 62 of 199[32m SUCCESS[39m (0 secs / 0.623 secs)
LOG: '[AccountSetup] ngOnInit: Querying bank details for user:', 'Alice'
[1A[2KLOG: [36m'[AccountSetup] ngOnInit: No existing bank details found. Staying on page. Error details:', Error: Not found
Error: Not found
    at errorFactory (http://localhost:9876/_karma_webpack_/webpack:/src/app/account-setup/account-setup.component.spec.ts:34:62)
    at Observable._subscribe (http://localhost:9876/_karma_webpack_/webpack:/node_modules/rxjs/dist/esm/internal/observable/throwError.js:5:51)
    at Observable._trySubscribe (http://localhost:9876/_karma_webpack_/webpack:/node_modules/rxjs/dist/esm/internal/Observable.js:37:25)
    at cb (http://localhost:9876/_karma_webpack_/webpack:/node_modules/rxjs/dist/esm/internal/Observable.js:31:30)
    at errorContext (http://localhost:9876/_karma_webpack_/webpack:/node_modules/rxjs/dist/esm/internal/util/errorContext.js:19:9)
    at Observable.subscribe (http://localhost:9876/_karma_webpack_/webpack:/node_modules/rxjs/dist/esm/internal/Observable.js:22:21)
    at AccountSetupComponent.call [as ngOnInit] (http://localhost:9876/_karma_webpack_/webpack:/src/app/account-setup/account-setup.component.ts:107:44)
    at callHookInternal (http://localhost:9876/_karma_webpack_/webpack:/node_modules/@angular/core/fesm2022/_debug_node-chunk.mjs:555:10)
    at callHook (http://localhost:9876/_karma_webpack_/webpack:/node_modules/@angular/core/fesm2022/_debug_node-chunk.mjs:570:7)
    at callHooks (http://localhost:9876/_karma_webpack_/webpack:/node_modules/@angular/core/fesm2022/_debug_node-chunk.mjs:544:9)[39m
Chrome 149.0.0.0 (Windows 10): Executed 62 of 199[32m SUCCESS[39m (0 secs / 0.623 secs)
LOG: '[AccountSetup] ngOnInit: No existing bank details found. Staying on page. Error details:', Error: Not found
Error: Not found
    at errorFactory (http://localhost:9876/_karma_webpack_/webpack:/src/app/account-setup/account-setup.component.spec.ts:34:62)
    at Observable._subscribe (http://localhost:9876/_karma_webpack_/webpack:/node_modules/rxjs/dist/esm/internal/observable/throwError.js:5:51)
    at Observable._trySubscribe (http://localhost:9876/_karma_webpack_/webpack:/node_modules/rxjs/dist/esm/internal/Observable.js:37:25)
    at cb (http://localhost:9876/_karma_webpack_/webpack:/node_modules/rxjs/dist/esm/internal/Observable.js:31:30)
    at errorContext (http://localhost:9876/_karma_webpack_/webpack:/node_modules/rxjs/dist/esm/internal/util/errorContext.js:19:9)
    at Observable.subscribe (http://localhost:9876/_karma_webpack_/webpack:/node_modules/rxjs/dist/esm/internal/Observable.js:22:21)
    at AccountSetupComponent.call [as ngOnInit] (http://localhost:9876/_karma_webpack_/webpack:/src/app/account-setup/account-setup.component.ts:107:44)
    at callHookInternal (http://localhost:9876/_karma_webpack_/webpack:/node_modules/@angular/core/fesm2022/_debug_node-chunk.mjs:555:10)
    at callHook (http://localhost:9876/_karma_webpack_/webpack:/node_modules/@angular/core/fesm2022/_debug_node-chunk.mjs:570:7)
    at callHooks (http://localhost:9876/_karma_webpack_/webpack:/node_modules/@angular/core/fesm2022/_debug_node-chunk.mjs:544:9)
[1A[2KChrome 149.0.0.0 (Windows 10): Executed 63 of 199[32m SUCCESS[39m (0 secs / 0.63 secs)
[1A[2KLOG: [36m'[AccountSetup] ngOnInit: Checking user session...'[39m
Chrome 149.0.0.0 (Windows 10): Executed 63 of 199[32m SUCCESS[39m (0 secs / 0.63 secs)
LOG: '[AccountSetup] ngOnInit: Checking user session...'
[1A[2KLOG: [36m'[AccountSetup] ngOnInit: Current user:', Object{name: 'Alice', email: 'alice@company.com'}[39m
Chrome 149.0.0.0 (Windows 10): Executed 63 of 199[32m SUCCESS[39m (0 secs / 0.63 secs)
LOG: '[AccountSetup] ngOnInit: Current user:', Object{name: 'Alice', email: 'alice@company.com'}
[1A[2KLOG: [36m'[AccountSetup] ngOnInit: Querying bank details for user:', 'Alice'[39m
Chrome 149.0.0.0 (Windows 10): Executed 63 of 199[32m SUCCESS[39m (0 secs / 0.63 secs)
LOG: '[AccountSetup] ngOnInit: Querying bank details for user:', 'Alice'
[1A[2KLOG: [36m'[AccountSetup] ngOnInit: No existing bank details found. Staying on page. Error details:', Error: Not found
Error: Not found
    at errorFactory (http://localhost:9876/_karma_webpack_/webpack:/src/app/account-setup/account-setup.component.spec.ts:34:62)
    at Observable._subscribe (http://localhost:9876/_karma_webpack_/webpack:/node_modules/rxjs/dist/esm/internal/observable/throwError.js:5:51)
    at Observable._trySubscribe (http://localhost:9876/_karma_webpack_/webpack:/node_modules/rxjs/dist/esm/internal/Observable.js:37:25)
    at cb (http://localhost:9876/_karma_webpack_/webpack:/node_modules/rxjs/dist/esm/internal/Observable.js:31:30)
    at errorContext (http://localhost:9876/_karma_webpack_/webpack:/node_modules/rxjs/dist/esm/internal/util/errorContext.js:19:9)
    at Observable.subscribe (http://localhost:9876/_karma_webpack_/webpack:/node_modules/rxjs/dist/esm/internal/Observable.js:22:21)
    at AccountSetupComponent.call [as ngOnInit] (http://localhost:9876/_karma_webpack_/webpack:/src/app/account-setup/account-setup.component.ts:107:44)
    at callHookInternal (http://localhost:9876/_karma_webpack_/webpack:/node_modules/@angular/core/fesm2022/_debug_node-chunk.mjs:555:10)
    at callHook (http://localhost:9876/_karma_webpack_/webpack:/node_modules/@angular/core/fesm2022/_debug_node-chunk.mjs:570:7)
    at callHooks (http://localhost:9876/_karma_webpack_/webpack:/node_modules/@angular/core/fesm2022/_debug_node-chunk.mjs:544:9)[39m
Chrome 149.0.0.0 (Windows 10): Executed 63 of 199[32m SUCCESS[39m (0 secs / 0.63 secs)
LOG: '[AccountSetup] ngOnInit: No existing bank details found. Staying on page. Error details:', Error: Not found
Error: Not found
    at errorFactory (http://localhost:9876/_karma_webpack_/webpack:/src/app/account-setup/account-setup.component.spec.ts:34:62)
    at Observable._subscribe (http://localhost:9876/_karma_webpack_/webpack:/node_modules/rxjs/dist/esm/internal/observable/throwError.js:5:51)
    at Observable._trySubscribe (http://localhost:9876/_karma_webpack_/webpack:/node_modules/rxjs/dist/esm/internal/Observable.js:37:25)
    at cb (http://localhost:9876/_karma_webpack_/webpack:/node_modules/rxjs/dist/esm/internal/Observable.js:31:30)
    at errorContext (http://localhost:9876/_karma_webpack_/webpack:/node_modules/rxjs/dist/esm/internal/util/errorContext.js:19:9)
    at Observable.subscribe (http://localhost:9876/_karma_webpack_/webpack:/node_modules/rxjs/dist/esm/internal/Observable.js:22:21)
    at AccountSetupComponent.call [as ngOnInit] (http://localhost:9876/_karma_webpack_/webpack:/src/app/account-setup/account-setup.component.ts:107:44)
    at callHookInternal (http://localhost:9876/_karma_webpack_/webpack:/node_modules/@angular/core/fesm2022/_debug_node-chunk.mjs:555:10)
    at callHook (http://localhost:9876/_karma_webpack_/webpack:/node_modules/@angular/core/fesm2022/_debug_node-chunk.mjs:570:7)
    at callHooks (http://localhost:9876/_karma_webpack_/webpack:/node_modules/@angular/core/fesm2022/_debug_node-chunk.mjs:544:9)
[1A[2KLOG: [36m'[AccountSetup] submit: Starting account setup form submission...'[39m
Chrome 149.0.0.0 (Windows 10): Executed 63 of 199[32m SUCCESS[39m (0 secs / 0.63 secs)
LOG: '[AccountSetup] submit: Starting account setup form submission...'
[1A[2KLOG: [36m'[AccountSetup] submit: Form valid status:', true[39m
Chrome 149.0.0.0 (Windows 10): Executed 63 of 199[32m SUCCESS[39m (0 secs / 0.63 secs)
LOG: '[AccountSetup] submit: Form valid status:', true
[1A[2KLOG: [36m'[AccountSetup] submit: Form value:', Object{accountNumber: '1234567890', bankName: 'Test Bank', branchName: 'Test Branch', address: 'Test Addr', ifscCode: 'IFSC123', email: 'test@test.com', phoneNumber: '1234567890', creditCardNumber: '1111222233334444', cvv: '123', expiryDate: '12/28', otp: '123456'}[39m
Chrome 149.0.0.0 (Windows 10): Executed 63 of 199[32m SUCCESS[39m (0 secs / 0.63 secs)
LOG: '[AccountSetup] submit: Form value:', Object{accountNumber: '1234567890', bankName: 'Test Bank', branchName: 'Test Branch', address: 'Test Addr', ifscCode: 'IFSC123', email: 'test@test.com', phoneNumber: '1234567890', creditCardNumber: '1111222233334444', cvv: '123', expiryDate: '12/28', otp: '123456'}
[1A[2KLOG: [36m'[AccountSetup] submit: Validating account number format:', '1234567890'[39m
Chrome 149.0.0.0 (Windows 10): Executed 63 of 199[32m SUCCESS[39m (0 secs / 0.63 secs)
LOG: '[AccountSetup] submit: Validating account number format:', '1234567890'
[1A[2KLOG: [36m'[AccountSetup] submit: Checking email verification status. isEmailVerified:', true[39m
Chrome 149.0.0.0 (Windows 10): Executed 63 of 199[32m SUCCESS[39m (0 secs / 0.63 secs)
LOG: '[AccountSetup] submit: Checking email verification status. isEmailVerified:', true
[1A[2KLOG: [36m'[AccountSetup] submit: Fetching current session user:', Object{name: 'Alice', email: 'alice@company.com'}[39m
Chrome 149.0.0.0 (Windows 10): Executed 63 of 199[32m SUCCESS[39m (0 secs / 0.63 secs)
LOG: '[AccountSetup] submit: Fetching current session user:', Object{name: 'Alice', email: 'alice@company.com'}
[1A[2KLOG: [36m'[AccountSetup] submit: Sending account setup payload to backend:', Object{accountNumber: '1234567890', bankName: 'Test Bank', branchName: 'Test Branch', address: 'Test Addr', ifscCode: 'IFSC123', email: 'test@test.com', phoneNumber: '1234567890', creditCardNumber: '1111222233334444', cvv: '123', expiryDate: '12/28', otp: '123456', userName: 'Alice'}[39m
Chrome 149.0.0.0 (Windows 10): Executed 63 of 199[32m SUCCESS[39m (0 secs / 0.63 secs)
LOG: '[AccountSetup] submit: Sending account setup payload to backend:', Object{accountNumber: '1234567890', bankName: 'Test Bank', branchName: 'Test Branch', address: 'Test Addr', ifscCode: 'IFSC123', email: 'test@test.com', phoneNumber: '1234567890', creditCardNumber: '1111222233334444', cvv: '123', expiryDate: '12/28', otp: '123456', userName: 'Alice'}
[1A[2KERROR: [36m'[AccountSetup] submit: Account setup FAILED. Backend error object:', Object{error: Object{message: 'Database error'}}[39m
Chrome 149.0.0.0 (Windows 10): Executed 63 of 199[32m SUCCESS[39m (0 secs / 0.63 secs)
ERROR: '[AccountSetup] submit: Account setup FAILED. Backend error object:', Object{error: Object{message: 'Database error'}}
[1A[2KERROR: [36m'[AccountSetup] submit: Extracted error message to show user:', 'Database error'[39m
Chrome 149.0.0.0 (Windows 10): Executed 63 of 199[32m SUCCESS[39m (0 secs / 0.63 secs)
ERROR: '[AccountSetup] submit: Extracted error message to show user:', 'Database error'
[1A[2KChrome 149.0.0.0 (Windows 10): Executed 64 of 199[32m SUCCESS[39m (0 secs / 0.637 secs)
[1A[2KLOG: [36m'[AccountSetup] ngOnInit: Checking user session...'[39m
Chrome 149.0.0.0 (Windows 10): Executed 64 of 199[32m SUCCESS[39m (0 secs / 0.637 secs)
LOG: '[AccountSetup] ngOnInit: Checking user session...'
[1A[2KLOG: [36m'[AccountSetup] ngOnInit: Current user:', Object{name: 'Alice', email: 'alice@company.com'}[39m
Chrome 149.0.0.0 (Windows 10): Executed 64 of 199[32m SUCCESS[39m (0 secs / 0.637 secs)
LOG: '[AccountSetup] ngOnInit: Current user:', Object{name: 'Alice', email: 'alice@company.com'}
[1A[2KLOG: [36m'[AccountSetup] ngOnInit: Querying bank details for user:', 'Alice'[39m
Chrome 149.0.0.0 (Windows 10): Executed 64 of 199[32m SUCCESS[39m (0 secs / 0.637 secs)
LOG: '[AccountSetup] ngOnInit: Querying bank details for user:', 'Alice'
[1A[2KLOG: [36m'[AccountSetup] ngOnInit: No existing bank details found. Staying on page. Error details:', Error: Not found
Error: Not found
    at errorFactory (http://localhost:9876/_karma_webpack_/webpack:/src/app/account-setup/account-setup.component.spec.ts:34:62)
    at Observable._subscribe (http://localhost:9876/_karma_webpack_/webpack:/node_modules/rxjs/dist/esm/internal/observable/throwError.js:5:51)
    at Observable._trySubscribe (http://localhost:9876/_karma_webpack_/webpack:/node_modules/rxjs/dist/esm/internal/Observable.js:37:25)
    at cb (http://localhost:9876/_karma_webpack_/webpack:/node_modules/rxjs/dist/esm/internal/Observable.js:31:30)
    at errorContext (http://localhost:9876/_karma_webpack_/webpack:/node_modules/rxjs/dist/esm/internal/util/errorContext.js:19:9)
    at Observable.subscribe (http://localhost:9876/_karma_webpack_/webpack:/node_modules/rxjs/dist/esm/internal/Observable.js:22:21)
    at AccountSetupComponent.call [as ngOnInit] (http://localhost:9876/_karma_webpack_/webpack:/src/app/account-setup/account-setup.component.ts:107:44)
    at callHookInternal (http://localhost:9876/_karma_webpack_/webpack:/node_modules/@angular/core/fesm2022/_debug_node-chunk.mjs:555:10)
    at callHook (http://localhost:9876/_karma_webpack_/webpack:/node_modules/@angular/core/fesm2022/_debug_node-chunk.mjs:570:7)
    at callHooks (http://localhost:9876/_karma_webpack_/webpack:/node_modules/@angular/core/fesm2022/_debug_node-chunk.mjs:544:9)[39m
Chrome 149.0.0.0 (Windows 10): Executed 64 of 199[32m SUCCESS[39m (0 secs / 0.637 secs)
LOG: '[AccountSetup] ngOnInit: No existing bank details found. Staying on page. Error details:', Error: Not found
Error: Not found
    at errorFactory (http://localhost:9876/_karma_webpack_/webpack:/src/app/account-setup/account-setup.component.spec.ts:34:62)
    at Observable._subscribe (http://localhost:9876/_karma_webpack_/webpack:/node_modules/rxjs/dist/esm/internal/observable/throwError.js:5:51)
    at Observable._trySubscribe (http://localhost:9876/_karma_webpack_/webpack:/node_modules/rxjs/dist/esm/internal/Observable.js:37:25)
    at cb (http://localhost:9876/_karma_webpack_/webpack:/node_modules/rxjs/dist/esm/internal/Observable.js:31:30)
    at errorContext (http://localhost:9876/_karma_webpack_/webpack:/node_modules/rxjs/dist/esm/internal/util/errorContext.js:19:9)
    at Observable.subscribe (http://localhost:9876/_karma_webpack_/webpack:/node_modules/rxjs/dist/esm/internal/Observable.js:22:21)
    at AccountSetupComponent.call [as ngOnInit] (http://localhost:9876/_karma_webpack_/webpack:/src/app/account-setup/account-setup.component.ts:107:44)
    at callHookInternal (http://localhost:9876/_karma_webpack_/webpack:/node_modules/@angular/core/fesm2022/_debug_node-chunk.mjs:555:10)
    at callHook (http://localhost:9876/_karma_webpack_/webpack:/node_modules/@angular/core/fesm2022/_debug_node-chunk.mjs:570:7)
    at callHooks (http://localhost:9876/_karma_webpack_/webpack:/node_modules/@angular/core/fesm2022/_debug_node-chunk.mjs:544:9)
[1A[2KChrome 149.0.0.0 (Windows 10): Executed 65 of 199[32m SUCCESS[39m (0 secs / 0.643 secs)
[1A[2KLOG: [36m'[AccountSetup] ngOnInit: Checking user session...'[39m
Chrome 149.0.0.0 (Windows 10): Executed 65 of 199[32m SUCCESS[39m (0 secs / 0.643 secs)
LOG: '[AccountSetup] ngOnInit: Checking user session...'
[1A[2KLOG: [36m'[AccountSetup] ngOnInit: Current user:', Object{name: 'Alice', email: 'alice@company.com'}[39m
Chrome 149.0.0.0 (Windows 10): Executed 65 of 199[32m SUCCESS[39m (0 secs / 0.643 secs)
LOG: '[AccountSetup] ngOnInit: Current user:', Object{name: 'Alice', email: 'alice@company.com'}
[1A[2KLOG: [36m'[AccountSetup] ngOnInit: Querying bank details for user:', 'Alice'[39m
Chrome 149.0.0.0 (Windows 10): Executed 65 of 199[32m SUCCESS[39m (0 secs / 0.643 secs)
LOG: '[AccountSetup] ngOnInit: Querying bank details for user:', 'Alice'
[1A[2KLOG: [36m'[AccountSetup] ngOnInit: No existing bank details found. Staying on page. Error details:', Error: Not found
Error: Not found
    at errorFactory (http://localhost:9876/_karma_webpack_/webpack:/src/app/account-setup/account-setup.component.spec.ts:34:62)
    at Observable._subscribe (http://localhost:9876/_karma_webpack_/webpack:/node_modules/rxjs/dist/esm/internal/observable/throwError.js:5:51)
    at Observable._trySubscribe (http://localhost:9876/_karma_webpack_/webpack:/node_modules/rxjs/dist/esm/internal/Observable.js:37:25)
    at cb (http://localhost:9876/_karma_webpack_/webpack:/node_modules/rxjs/dist/esm/internal/Observable.js:31:30)
    at errorContext (http://localhost:9876/_karma_webpack_/webpack:/node_modules/rxjs/dist/esm/internal/util/errorContext.js:19:9)
    at Observable.subscribe (http://localhost:9876/_karma_webpack_/webpack:/node_modules/rxjs/dist/esm/internal/Observable.js:22:21)
    at AccountSetupComponent.call [as ngOnInit] (http://localhost:9876/_karma_webpack_/webpack:/src/app/account-setup/account-setup.component.ts:107:44)
    at callHookInternal (http://localhost:9876/_karma_webpack_/webpack:/node_modules/@angular/core/fesm2022/_debug_node-chunk.mjs:555:10)
    at callHook (http://localhost:9876/_karma_webpack_/webpack:/node_modules/@angular/core/fesm2022/_debug_node-chunk.mjs:570:7)
    at callHooks (http://localhost:9876/_karma_webpack_/webpack:/node_modules/@angular/core/fesm2022/_debug_node-chunk.mjs:544:9)[39m
Chrome 149.0.0.0 (Windows 10): Executed 65 of 199[32m SUCCESS[39m (0 secs / 0.643 secs)
LOG: '[AccountSetup] ngOnInit: No existing bank details found. Staying on page. Error details:', Error: Not found
Error: Not found
    at errorFactory (http://localhost:9876/_karma_webpack_/webpack:/src/app/account-setup/account-setup.component.spec.ts:34:62)
    at Observable._subscribe (http://localhost:9876/_karma_webpack_/webpack:/node_modules/rxjs/dist/esm/internal/observable/throwError.js:5:51)
    at Observable._trySubscribe (http://localhost:9876/_karma_webpack_/webpack:/node_modules/rxjs/dist/esm/internal/Observable.js:37:25)
    at cb (http://localhost:9876/_karma_webpack_/webpack:/node_modules/rxjs/dist/esm/internal/Observable.js:31:30)
    at errorContext (http://localhost:9876/_karma_webpack_/webpack:/node_modules/rxjs/dist/esm/internal/util/errorContext.js:19:9)
    at Observable.subscribe (http://localhost:9876/_karma_webpack_/webpack:/node_modules/rxjs/dist/esm/internal/Observable.js:22:21)
    at AccountSetupComponent.call [as ngOnInit] (http://localhost:9876/_karma_webpack_/webpack:/src/app/account-setup/account-setup.component.ts:107:44)
    at callHookInternal (http://localhost:9876/_karma_webpack_/webpack:/node_modules/@angular/core/fesm2022/_debug_node-chunk.mjs:555:10)
    at callHook (http://localhost:9876/_karma_webpack_/webpack:/node_modules/@angular/core/fesm2022/_debug_node-chunk.mjs:570:7)
    at callHooks (http://localhost:9876/_karma_webpack_/webpack:/node_modules/@angular/core/fesm2022/_debug_node-chunk.mjs:544:9)
[1A[2KLOG: [36m'[AccountSetup] sendOtp: Attempting to send OTP to contact:', 'test@example.com'[39m
Chrome 149.0.0.0 (Windows 10): Executed 65 of 199[32m SUCCESS[39m (0 secs / 0.643 secs)
LOG: '[AccountSetup] sendOtp: Attempting to send OTP to contact:', 'test@example.com'
[1A[2KLOG: [36m'[AccountSetup] sendOtp: OTP sent successfully. Response:', Object{}[39m
Chrome 149.0.0.0 (Windows 10): Executed 65 of 199[32m SUCCESS[39m (0 secs / 0.643 secs)
LOG: '[AccountSetup] sendOtp: OTP sent successfully. Response:', Object{}
[1A[2KChrome 149.0.0.0 (Windows 10): Executed 66 of 199[32m SUCCESS[39m (0 secs / 0.649 secs)
[1A[2KLOG: [36m'[AccountSetup] ngOnInit: Checking user session...'[39m
Chrome 149.0.0.0 (Windows 10): Executed 66 of 199[32m SUCCESS[39m (0 secs / 0.649 secs)
LOG: '[AccountSetup] ngOnInit: Checking user session...'
[1A[2KLOG: [36m'[AccountSetup] ngOnInit: Current user:', Object{name: 'Alice', email: 'alice@company.com'}[39m
Chrome 149.0.0.0 (Windows 10): Executed 66 of 199[32m SUCCESS[39m (0 secs / 0.649 secs)
LOG: '[AccountSetup] ngOnInit: Current user:', Object{name: 'Alice', email: 'alice@company.com'}
[1A[2KLOG: [36m'[AccountSetup] ngOnInit: Querying bank details for user:', 'Alice'[39m
Chrome 149.0.0.0 (Windows 10): Executed 66 of 199[32m SUCCESS[39m (0 secs / 0.649 secs)
LOG: '[AccountSetup] ngOnInit: Querying bank details for user:', 'Alice'
[1A[2KLOG: [36m'[AccountSetup] ngOnInit: No existing bank details found. Staying on page. Error details:', Error: Not found
Error: Not found
    at errorFactory (http://localhost:9876/_karma_webpack_/webpack:/src/app/account-setup/account-setup.component.spec.ts:34:62)
    at Observable._subscribe (http://localhost:9876/_karma_webpack_/webpack:/node_modules/rxjs/dist/esm/internal/observable/throwError.js:5:51)
    at Observable._trySubscribe (http://localhost:9876/_karma_webpack_/webpack:/node_modules/rxjs/dist/esm/internal/Observable.js:37:25)
    at cb (http://localhost:9876/_karma_webpack_/webpack:/node_modules/rxjs/dist/esm/internal/Observable.js:31:30)
    at errorContext (http://localhost:9876/_karma_webpack_/webpack:/node_modules/rxjs/dist/esm/internal/util/errorContext.js:19:9)
    at Observable.subscribe (http://localhost:9876/_karma_webpack_/webpack:/node_modules/rxjs/dist/esm/internal/Observable.js:22:21)
    at AccountSetupComponent.call [as ngOnInit] (http://localhost:9876/_karma_webpack_/webpack:/src/app/account-setup/account-setup.component.ts:107:44)
    at callHookInternal (http://localhost:9876/_karma_webpack_/webpack:/node_modules/@angular/core/fesm2022/_debug_node-chunk.mjs:555:10)
    at callHook (http://localhost:9876/_karma_webpack_/webpack:/node_modules/@angular/core/fesm2022/_debug_node-chunk.mjs:570:7)
    at callHooks (http://localhost:9876/_karma_webpack_/webpack:/node_modules/@angular/core/fesm2022/_debug_node-chunk.mjs:544:9)[39m
Chrome 149.0.0.0 (Windows 10): Executed 66 of 199[32m SUCCESS[39m (0 secs / 0.649 secs)
LOG: '[AccountSetup] ngOnInit: No existing bank details found. Staying on page. Error details:', Error: Not found
Error: Not found
    at errorFactory (http://localhost:9876/_karma_webpack_/webpack:/src/app/account-setup/account-setup.component.spec.ts:34:62)
    at Observable._subscribe (http://localhost:9876/_karma_webpack_/webpack:/node_modules/rxjs/dist/esm/internal/observable/throwError.js:5:51)
    at Observable._trySubscribe (http://localhost:9876/_karma_webpack_/webpack:/node_modules/rxjs/dist/esm/internal/Observable.js:37:25)
    at cb (http://localhost:9876/_karma_webpack_/webpack:/node_modules/rxjs/dist/esm/internal/Observable.js:31:30)
    at errorContext (http://localhost:9876/_karma_webpack_/webpack:/node_modules/rxjs/dist/esm/internal/util/errorContext.js:19:9)
    at Observable.subscribe (http://localhost:9876/_karma_webpack_/webpack:/node_modules/rxjs/dist/esm/internal/Observable.js:22:21)
    at AccountSetupComponent.call [as ngOnInit] (http://localhost:9876/_karma_webpack_/webpack:/src/app/account-setup/account-setup.component.ts:107:44)
    at callHookInternal (http://localhost:9876/_karma_webpack_/webpack:/node_modules/@angular/core/fesm2022/_debug_node-chunk.mjs:555:10)
    at callHook (http://localhost:9876/_karma_webpack_/webpack:/node_modules/@angular/core/fesm2022/_debug_node-chunk.mjs:570:7)
    at callHooks (http://localhost:9876/_karma_webpack_/webpack:/node_modules/@angular/core/fesm2022/_debug_node-chunk.mjs:544:9)
[1A[2KLOG: [36m'[AccountSetup] submit: Starting account setup form submission...'[39m
Chrome 149.0.0.0 (Windows 10): Executed 66 of 199[32m SUCCESS[39m (0 secs / 0.649 secs)
LOG: '[AccountSetup] submit: Starting account setup form submission...'
[1A[2KLOG: [36m'[AccountSetup] submit: Form valid status:', true[39m
Chrome 149.0.0.0 (Windows 10): Executed 66 of 199[32m SUCCESS[39m (0 secs / 0.649 secs)
LOG: '[AccountSetup] submit: Form valid status:', true
[1A[2KLOG: [36m'[AccountSetup] submit: Form value:', Object{accountNumber: '1234567890', bankName: 'Test Bank', branchName: 'Test Branch', address: 'Test Addr', ifscCode: 'IFSC123', email: 'test@test.com', phoneNumber: '1234567890', creditCardNumber: '1111222233334444', cvv: '123', expiryDate: '12/28', otp: '123456'}[39m
Chrome 149.0.0.0 (Windows 10): Executed 66 of 199[32m SUCCESS[39m (0 secs / 0.649 secs)
LOG: '[AccountSetup] submit: Form value:', Object{accountNumber: '1234567890', bankName: 'Test Bank', branchName: 'Test Branch', address: 'Test Addr', ifscCode: 'IFSC123', email: 'test@test.com', phoneNumber: '1234567890', creditCardNumber: '1111222233334444', cvv: '123', expiryDate: '12/28', otp: '123456'}
[1A[2KLOG: [36m'[AccountSetup] submit: Validating account number format:', '1234567890'[39m
Chrome 149.0.0.0 (Windows 10): Executed 66 of 199[32m SUCCESS[39m (0 secs / 0.649 secs)
LOG: '[AccountSetup] submit: Validating account number format:', '1234567890'
[1A[2KLOG: [36m'[AccountSetup] submit: Checking email verification status. isEmailVerified:', true[39m
Chrome 149.0.0.0 (Windows 10): Executed 66 of 199[32m SUCCESS[39m (0 secs / 0.649 secs)
LOG: '[AccountSetup] submit: Checking email verification status. isEmailVerified:', true
[1A[2KLOG: [36m'[AccountSetup] submit: Fetching current session user:', Object{name: 'Alice', email: 'alice@company.com'}[39m
Chrome 149.0.0.0 (Windows 10): Executed 66 of 199[32m SUCCESS[39m (0 secs / 0.649 secs)
LOG: '[AccountSetup] submit: Fetching current session user:', Object{name: 'Alice', email: 'alice@company.com'}
[1A[2KLOG: [36m'[AccountSetup] submit: Sending account setup payload to backend:', Object{accountNumber: '1234567890', bankName: 'Test Bank', branchName: 'Test Branch', address: 'Test Addr', ifscCode: 'IFSC123', email: 'test@test.com', phoneNumber: '1234567890', creditCardNumber: '1111222233334444', cvv: '123', expiryDate: '12/28', otp: '123456', userName: 'Alice'}[39m
Chrome 149.0.0.0 (Windows 10): Executed 66 of 199[32m SUCCESS[39m (0 secs / 0.649 secs)
LOG: '[AccountSetup] submit: Sending account setup payload to backend:', Object{accountNumber: '1234567890', bankName: 'Test Bank', branchName: 'Test Branch', address: 'Test Addr', ifscCode: 'IFSC123', email: 'test@test.com', phoneNumber: '1234567890', creditCardNumber: '1111222233334444', cvv: '123', expiryDate: '12/28', otp: '123456', userName: 'Alice'}
[1A[2KLOG: [36m'[AccountSetup] submit: Account setup SUCCESS. Response from backend:', Object{}[39m
Chrome 149.0.0.0 (Windows 10): Executed 66 of 199[32m SUCCESS[39m (0 secs / 0.649 secs)
LOG: '[AccountSetup] submit: Account setup SUCCESS. Response from backend:', Object{}
[1A[2KChrome 149.0.0.0 (Windows 10): Executed 67 of 199[32m SUCCESS[39m (0 secs / 0.656 secs)
[1A[2KLOG: [36m'[AccountSetup] ngOnInit: Checking user session...'[39m
Chrome 149.0.0.0 (Windows 10): Executed 67 of 199[32m SUCCESS[39m (0 secs / 0.656 secs)
LOG: '[AccountSetup] ngOnInit: Checking user session...'
[1A[2KLOG: [36m'[AccountSetup] ngOnInit: Current user:', Object{name: 'Alice', email: 'alice@company.com'}[39m
Chrome 149.0.0.0 (Windows 10): Executed 67 of 199[32m SUCCESS[39m (0 secs / 0.656 secs)
LOG: '[AccountSetup] ngOnInit: Current user:', Object{name: 'Alice', email: 'alice@company.com'}
[1A[2KLOG: [36m'[AccountSetup] ngOnInit: Querying bank details for user:', 'Alice'[39m
Chrome 149.0.0.0 (Windows 10): Executed 67 of 199[32m SUCCESS[39m (0 secs / 0.656 secs)
LOG: '[AccountSetup] ngOnInit: Querying bank details for user:', 'Alice'
[1A[2KLOG: [36m'[AccountSetup] ngOnInit: No existing bank details found. Staying on page. Error details:', Error: Not found
Error: Not found
    at errorFactory (http://localhost:9876/_karma_webpack_/webpack:/src/app/account-setup/account-setup.component.spec.ts:34:62)
    at Observable._subscribe (http://localhost:9876/_karma_webpack_/webpack:/node_modules/rxjs/dist/esm/internal/observable/throwError.js:5:51)
    at Observable._trySubscribe (http://localhost:9876/_karma_webpack_/webpack:/node_modules/rxjs/dist/esm/internal/Observable.js:37:25)
    at cb (http://localhost:9876/_karma_webpack_/webpack:/node_modules/rxjs/dist/esm/internal/Observable.js:31:30)
    at errorContext (http://localhost:9876/_karma_webpack_/webpack:/node_modules/rxjs/dist/esm/internal/util/errorContext.js:19:9)
    at Observable.subscribe (http://localhost:9876/_karma_webpack_/webpack:/node_modules/rxjs/dist/esm/internal/Observable.js:22:21)
    at AccountSetupComponent.call [as ngOnInit] (http://localhost:9876/_karma_webpack_/webpack:/src/app/account-setup/account-setup.component.ts:107:44)
    at callHookInternal (http://localhost:9876/_karma_webpack_/webpack:/node_modules/@angular/core/fesm2022/_debug_node-chunk.mjs:555:10)
    at callHook (http://localhost:9876/_karma_webpack_/webpack:/node_modules/@angular/core/fesm2022/_debug_node-chunk.mjs:570:7)
    at callHooks (http://localhost:9876/_karma_webpack_/webpack:/node_modules/@angular/core/fesm2022/_debug_node-chunk.mjs:544:9)[39m
Chrome 149.0.0.0 (Windows 10): Executed 67 of 199[32m SUCCESS[39m (0 secs / 0.656 secs)
LOG: '[AccountSetup] ngOnInit: No existing bank details found. Staying on page. Error details:', Error: Not found
Error: Not found
    at errorFactory (http://localhost:9876/_karma_webpack_/webpack:/src/app/account-setup/account-setup.component.spec.ts:34:62)
    at Observable._subscribe (http://localhost:9876/_karma_webpack_/webpack:/node_modules/rxjs/dist/esm/internal/observable/throwError.js:5:51)
    at Observable._trySubscribe (http://localhost:9876/_karma_webpack_/webpack:/node_modules/rxjs/dist/esm/internal/Observable.js:37:25)
    at cb (http://localhost:9876/_karma_webpack_/webpack:/node_modules/rxjs/dist/esm/internal/Observable.js:31:30)
    at errorContext (http://localhost:9876/_karma_webpack_/webpack:/node_modules/rxjs/dist/esm/internal/util/errorContext.js:19:9)
    at Observable.subscribe (http://localhost:9876/_karma_webpack_/webpack:/node_modules/rxjs/dist/esm/internal/Observable.js:22:21)
    at AccountSetupComponent.call [as ngOnInit] (http://localhost:9876/_karma_webpack_/webpack:/src/app/account-setup/account-setup.component.ts:107:44)
    at callHookInternal (http://localhost:9876/_karma_webpack_/webpack:/node_modules/@angular/core/fesm2022/_debug_node-chunk.mjs:555:10)
    at callHook (http://localhost:9876/_karma_webpack_/webpack:/node_modules/@angular/core/fesm2022/_debug_node-chunk.mjs:570:7)
    at callHooks (http://localhost:9876/_karma_webpack_/webpack:/node_modules/@angular/core/fesm2022/_debug_node-chunk.mjs:544:9)
[1A[2KChrome 149.0.0.0 (Windows 10): Executed 68 of 199[32m SUCCESS[39m (0 secs / 0.662 secs)
[1A[2KLOG: [36m'[AccountSetup] ngOnInit: Checking user session...'[39m
Chrome 149.0.0.0 (Windows 10): Executed 68 of 199[32m SUCCESS[39m (0 secs / 0.662 secs)
LOG: '[AccountSetup] ngOnInit: Checking user session...'
[1A[2KLOG: [36m'[AccountSetup] ngOnInit: Current user:', Object{name: 'Alice', email: 'alice@company.com'}[39m
Chrome 149.0.0.0 (Windows 10): Executed 68 of 199[32m SUCCESS[39m (0 secs / 0.662 secs)
LOG: '[AccountSetup] ngOnInit: Current user:', Object{name: 'Alice', email: 'alice@company.com'}
[1A[2KLOG: [36m'[AccountSetup] ngOnInit: Querying bank details for user:', 'Alice'[39m
Chrome 149.0.0.0 (Windows 10): Executed 68 of 199[32m SUCCESS[39m (0 secs / 0.662 secs)
LOG: '[AccountSetup] ngOnInit: Querying bank details for user:', 'Alice'
[1A[2KLOG: [36m'[AccountSetup] ngOnInit: No existing bank details found. Staying on page. Error details:', Error: Not found
Error: Not found
    at errorFactory (http://localhost:9876/_karma_webpack_/webpack:/src/app/account-setup/account-setup.component.spec.ts:34:62)
    at Observable._subscribe (http://localhost:9876/_karma_webpack_/webpack:/node_modules/rxjs/dist/esm/internal/observable/throwError.js:5:51)
    at Observable._trySubscribe (http://localhost:9876/_karma_webpack_/webpack:/node_modules/rxjs/dist/esm/internal/Observable.js:37:25)
    at cb (http://localhost:9876/_karma_webpack_/webpack:/node_modules/rxjs/dist/esm/internal/Observable.js:31:30)
    at errorContext (http://localhost:9876/_karma_webpack_/webpack:/node_modules/rxjs/dist/esm/internal/util/errorContext.js:19:9)
    at Observable.subscribe (http://localhost:9876/_karma_webpack_/webpack:/node_modules/rxjs/dist/esm/internal/Observable.js:22:21)
    at AccountSetupComponent.call [as ngOnInit] (http://localhost:9876/_karma_webpack_/webpack:/src/app/account-setup/account-setup.component.ts:107:44)
    at callHookInternal (http://localhost:9876/_karma_webpack_/webpack:/node_modules/@angular/core/fesm2022/_debug_node-chunk.mjs:555:10)
    at callHook (http://localhost:9876/_karma_webpack_/webpack:/node_modules/@angular/core/fesm2022/_debug_node-chunk.mjs:570:7)
    at callHooks (http://localhost:9876/_karma_webpack_/webpack:/node_modules/@angular/core/fesm2022/_debug_node-chunk.mjs:544:9)[39m
Chrome 149.0.0.0 (Windows 10): Executed 68 of 199[32m SUCCESS[39m (0 secs / 0.662 secs)
LOG: '[AccountSetup] ngOnInit: No existing bank details found. Staying on page. Error details:', Error: Not found
Error: Not found
    at errorFactory (http://localhost:9876/_karma_webpack_/webpack:/src/app/account-setup/account-setup.component.spec.ts:34:62)
    at Observable._subscribe (http://localhost:9876/_karma_webpack_/webpack:/node_modules/rxjs/dist/esm/internal/observable/throwError.js:5:51)
    at Observable._trySubscribe (http://localhost:9876/_karma_webpack_/webpack:/node_modules/rxjs/dist/esm/internal/Observable.js:37:25)
    at cb (http://localhost:9876/_karma_webpack_/webpack:/node_modules/rxjs/dist/esm/internal/Observable.js:31:30)
    at errorContext (http://localhost:9876/_karma_webpack_/webpack:/node_modules/rxjs/dist/esm/internal/util/errorContext.js:19:9)
    at Observable.subscribe (http://localhost:9876/_karma_webpack_/webpack:/node_modules/rxjs/dist/esm/internal/Observable.js:22:21)
    at AccountSetupComponent.call [as ngOnInit] (http://localhost:9876/_karma_webpack_/webpack:/src/app/account-setup/account-setup.component.ts:107:44)
    at callHookInternal (http://localhost:9876/_karma_webpack_/webpack:/node_modules/@angular/core/fesm2022/_debug_node-chunk.mjs:555:10)
    at callHook (http://localhost:9876/_karma_webpack_/webpack:/node_modules/@angular/core/fesm2022/_debug_node-chunk.mjs:570:7)
    at callHooks (http://localhost:9876/_karma_webpack_/webpack:/node_modules/@angular/core/fesm2022/_debug_node-chunk.mjs:544:9)
[1A[2KChrome 149.0.0.0 (Windows 10): Executed 69 of 199[32m SUCCESS[39m (0 secs / 0.677 secs)
[1A[2KLOG: [36m'[AccountSetup] ngOnInit: Checking user session...'[39m
Chrome 149.0.0.0 (Windows 10): Executed 69 of 199[32m SUCCESS[39m (0 secs / 0.677 secs)
LOG: '[AccountSetup] ngOnInit: Checking user session...'
[1A[2KLOG: [36m'[AccountSetup] ngOnInit: Current user:', Object{name: 'Alice', email: 'alice@company.com'}[39m
Chrome 149.0.0.0 (Windows 10): Executed 69 of 199[32m SUCCESS[39m (0 secs / 0.677 secs)
LOG: '[AccountSetup] ngOnInit: Current user:', Object{name: 'Alice', email: 'alice@company.com'}
[1A[2KLOG: [36m'[AccountSetup] ngOnInit: Querying bank details for user:', 'Alice'[39m
Chrome 149.0.0.0 (Windows 10): Executed 69 of 199[32m SUCCESS[39m (0 secs / 0.677 secs)
LOG: '[AccountSetup] ngOnInit: Querying bank details for user:', 'Alice'
[1A[2KLOG: [36m'[AccountSetup] ngOnInit: No existing bank details found. Staying on page. Error details:', Error: Not found
Error: Not found
    at errorFactory (http://localhost:9876/_karma_webpack_/webpack:/src/app/account-setup/account-setup.component.spec.ts:34:62)
    at Observable._subscribe (http://localhost:9876/_karma_webpack_/webpack:/node_modules/rxjs/dist/esm/internal/observable/throwError.js:5:51)
    at Observable._trySubscribe (http://localhost:9876/_karma_webpack_/webpack:/node_modules/rxjs/dist/esm/internal/Observable.js:37:25)
    at cb (http://localhost:9876/_karma_webpack_/webpack:/node_modules/rxjs/dist/esm/internal/Observable.js:31:30)
    at errorContext (http://localhost:9876/_karma_webpack_/webpack:/node_modules/rxjs/dist/esm/internal/util/errorContext.js:19:9)
    at Observable.subscribe (http://localhost:9876/_karma_webpack_/webpack:/node_modules/rxjs/dist/esm/internal/Observable.js:22:21)
    at AccountSetupComponent.call [as ngOnInit] (http://localhost:9876/_karma_webpack_/webpack:/src/app/account-setup/account-setup.component.ts:107:44)
    at callHookInternal (http://localhost:9876/_karma_webpack_/webpack:/node_modules/@angular/core/fesm2022/_debug_node-chunk.mjs:555:10)
    at callHook (http://localhost:9876/_karma_webpack_/webpack:/node_modules/@angular/core/fesm2022/_debug_node-chunk.mjs:570:7)
    at callHooks (http://localhost:9876/_karma_webpack_/webpack:/node_modules/@angular/core/fesm2022/_debug_node-chunk.mjs:544:9)[39m
Chrome 149.0.0.0 (Windows 10): Executed 69 of 199[32m SUCCESS[39m (0 secs / 0.677 secs)
LOG: '[AccountSetup] ngOnInit: No existing bank details found. Staying on page. Error details:', Error: Not found
Error: Not found
    at errorFactory (http://localhost:9876/_karma_webpack_/webpack:/src/app/account-setup/account-setup.component.spec.ts:34:62)
    at Observable._subscribe (http://localhost:9876/_karma_webpack_/webpack:/node_modules/rxjs/dist/esm/internal/observable/throwError.js:5:51)
    at Observable._trySubscribe (http://localhost:9876/_karma_webpack_/webpack:/node_modules/rxjs/dist/esm/internal/Observable.js:37:25)
    at cb (http://localhost:9876/_karma_webpack_/webpack:/node_modules/rxjs/dist/esm/internal/Observable.js:31:30)
    at errorContext (http://localhost:9876/_karma_webpack_/webpack:/node_modules/rxjs/dist/esm/internal/util/errorContext.js:19:9)
    at Observable.subscribe (http://localhost:9876/_karma_webpack_/webpack:/node_modules/rxjs/dist/esm/internal/Observable.js:22:21)
    at AccountSetupComponent.call [as ngOnInit] (http://localhost:9876/_karma_webpack_/webpack:/src/app/account-setup/account-setup.component.ts:107:44)
    at callHookInternal (http://localhost:9876/_karma_webpack_/webpack:/node_modules/@angular/core/fesm2022/_debug_node-chunk.mjs:555:10)
    at callHook (http://localhost:9876/_karma_webpack_/webpack:/node_modules/@angular/core/fesm2022/_debug_node-chunk.mjs:570:7)
    at callHooks (http://localhost:9876/_karma_webpack_/webpack:/node_modules/@angular/core/fesm2022/_debug_node-chunk.mjs:544:9)
[1A[2KLOG: [36m'[AccountSetup] sendOtp: Attempting to send OTP to contact:', 'test@example.com'[39m
Chrome 149.0.0.0 (Windows 10): Executed 69 of 199[32m SUCCESS[39m (0 secs / 0.677 secs)
LOG: '[AccountSetup] sendOtp: Attempting to send OTP to contact:', 'test@example.com'
[1A[2KERROR: [36m'[AccountSetup] sendOtp: Failed to send OTP. Error:', Object{error: Object{message: 'SMTP error'}}[39m
Chrome 149.0.0.0 (Windows 10): Executed 69 of 199[32m SUCCESS[39m (0 secs / 0.677 secs)
ERROR: '[AccountSetup] sendOtp: Failed to send OTP. Error:', Object{error: Object{message: 'SMTP error'}}
[1A[2KChrome 149.0.0.0 (Windows 10): Executed 70 of 199[32m SUCCESS[39m (0 secs / 0.684 secs)
[1A[2KChrome 149.0.0.0 (Windows 10): Executed 71 of 199[32m SUCCESS[39m (0 secs / 0.7 secs)
[1A[2KChrome 149.0.0.0 (Windows 10): Executed 72 of 199[32m SUCCESS[39m (0 secs / 0.704 secs)
[1A[2KChrome 149.0.0.0 (Windows 10): Executed 73 of 199[32m SUCCESS[39m (0 secs / 0.707 secs)
[1A[2KChrome 149.0.0.0 (Windows 10): Executed 74 of 199[32m SUCCESS[39m (0 secs / 0.709 secs)
[1A[2KChrome 149.0.0.0 (Windows 10): Executed 75 of 199[32m SUCCESS[39m (0 secs / 0.713 secs)
[1A[2KChrome 149.0.0.0 (Windows 10): Executed 76 of 199[32m SUCCESS[39m (0 secs / 0.716 secs)
[1A[2KChrome 149.0.0.0 (Windows 10): Executed 77 of 199[32m SUCCESS[39m (0 secs / 0.72 secs)
[1A[2KChrome 149.0.0.0 (Windows 10): Executed 78 of 199[32m SUCCESS[39m (0 secs / 0.722 secs)
[1A[2KChrome 149.0.0.0 (Windows 10): Executed 79 of 199[32m SUCCESS[39m (0 secs / 0.725 secs)
[1A[2KChrome 149.0.0.0 (Windows 10): Executed 80 of 199[32m SUCCESS[39m (0 secs / 0.744 secs)
[1A[2KChrome 149.0.0.0 (Windows 10): Executed 81 of 199[32m SUCCESS[39m (0 secs / 0.749 secs)
[1A[2KChrome 149.0.0.0 (Windows 10): Executed 82 of 199[32m SUCCESS[39m (0 secs / 0.755 secs)
[1A[2KChrome 149.0.0.0 (Windows 10): Executed 83 of 199[32m SUCCESS[39m (0 secs / 0.759 secs)
[1A[2KChrome 149.0.0.0 (Windows 10): Executed 84 of 199[32m SUCCESS[39m (0 secs / 0.764 secs)
[1A[2KChrome 149.0.0.0 (Windows 10): Executed 85 of 199[32m SUCCESS[39m (0 secs / 0.786 secs)
[1A[2KChrome 149.0.0.0 (Windows 10): Executed 86 of 199[32m SUCCESS[39m (0 secs / 0.791 secs)
[1A[2KChrome 149.0.0.0 (Windows 10): Executed 87 of 199[32m SUCCESS[39m (0 secs / 0.794 secs)
[1A[2KChrome 149.0.0.0 (Windows 10): Executed 88 of 199[32m SUCCESS[39m (0 secs / 0.797 secs)
[1A[2KChrome 149.0.0.0 (Windows 10): Executed 89 of 199[32m SUCCESS[39m (0 secs / 0.8 secs)
[1A[2KChrome 149.0.0.0 (Windows 10): Executed 90 of 199[32m SUCCESS[39m (0 secs / 0.803 secs)
[1A[2KChrome 149.0.0.0 (Windows 10): Executed 91 of 199[32m SUCCESS[39m (0 secs / 0.806 secs)
[1A[2KChrome 149.0.0.0 (Windows 10): Executed 92 of 199[32m SUCCESS[39m (0 secs / 0.809 secs)
[1A[2KChrome 149.0.0.0 (Windows 10): Executed 93 of 199[32m SUCCESS[39m (0 secs / 0.811 secs)
[1A[2KChrome 149.0.0.0 (Windows 10): Executed 94 of 199[32m SUCCESS[39m (0 secs / 0.813 secs)
[1A[2KChrome 149.0.0.0 (Windows 10): Executed 95 of 199[32m SUCCESS[39m (0 secs / 0.816 secs)
[1A[2KChrome 149.0.0.0 (Windows 10): Executed 96 of 199[32m SUCCESS[39m (0 secs / 0.819 secs)
[1A[2KERROR: [36m'Full Transfer Error Objekt:', Object{error: Object{message: 'Insufficient balance'}, status: 400}[39m
Chrome 149.0.0.0 (Windows 10): Executed 96 of 199[32m SUCCESS[39m (0 secs / 0.819 secs)
ERROR: 'Full Transfer Error Objekt:', Object{error: Object{message: 'Insufficient balance'}, status: 400}
[1A[2KChrome 149.0.0.0 (Windows 10): Executed 97 of 199[32m SUCCESS[39m (0 secs / 0.823 secs)
[1A[2KChrome 149.0.0.0 (Windows 10): Executed 98 of 199[32m SUCCESS[39m (0 secs / 0.826 secs)
[1A[2KChrome 149.0.0.0 (Windows 10): Executed 99 of 199[32m SUCCESS[39m (0 secs / 0.828 secs)
[1A[2KChrome 149.0.0.0 (Windows 10): Executed 100 of 199[32m SUCCESS[39m (0 secs / 0.83 secs)
[1A[2KChrome 149.0.0.0 (Windows 10): Executed 101 of 199[32m SUCCESS[39m (0 secs / 0.833 secs)
[1A[2KChrome 149.0.0.0 (Windows 10): Executed 102 of 199[32m SUCCESS[39m (0 secs / 0.836 secs)
[1A[2KChrome 149.0.0.0 (Windows 10): Executed 103 of 199[32m SUCCESS[39m (0 secs / 0.838 secs)
[1A[2KChrome 149.0.0.0 (Windows 10): Executed 104 of 199[32m SUCCESS[39m (0 secs / 0.839 secs)
[1A[2KChrome 149.0.0.0 (Windows 10): Executed 105 of 199[32m SUCCESS[39m (0 secs / 0.839 secs)
[1A[2KChrome 149.0.0.0 (Windows 10): Executed 106 of 199[32m SUCCESS[39m (0 secs / 0.839 secs)
[1A[2KChrome 149.0.0.0 (Windows 10): Executed 107 of 199[32m SUCCESS[39m (0 secs / 0.84 secs)
[1A[2KChrome 149.0.0.0 (Windows 10): Executed 108 of 199[32m SUCCESS[39m (0 secs / 0.84 secs)
[1A[2KChrome 149.0.0.0 (Windows 10): Executed 109 of 199[32m SUCCESS[39m (0 secs / 0.84 secs)
[1A[2KChrome 149.0.0.0 (Windows 10): Executed 110 of 199[32m SUCCESS[39m (0 secs / 0.841 secs)
[1A[2KChrome 149.0.0.0 (Windows 10): Executed 111 of 199[32m SUCCESS[39m (0 secs / 0.842 secs)
[1A[2KChrome 149.0.0.0 (Windows 10): Executed 112 of 199[32m SUCCESS[39m (0 secs / 0.842 secs)
[1A[2KChrome 149.0.0.0 (Windows 10): Executed 113 of 199[32m SUCCESS[39m (0 secs / 0.848 secs)
[1A[2KChrome 149.0.0.0 (Windows 10): Executed 114 of 199[32m SUCCESS[39m (0 secs / 0.85 secs)
[1A[2KChrome 149.0.0.0 (Windows 10): Executed 115 of 199[32m SUCCESS[39m (0 secs / 0.851 secs)
[1A[2KChrome 149.0.0.0 (Windows 10): Executed 116 of 199[32m SUCCESS[39m (0 secs / 0.853 secs)
[1A[2KChrome 149.0.0.0 (Windows 10): Executed 117 of 199[32m SUCCESS[39m (0 secs / 0.855 secs)
[1A[2KChrome 149.0.0.0 (Windows 10): Executed 118 of 199[32m SUCCESS[39m (0 secs / 0.856 secs)
[1A[2KChrome 149.0.0.0 (Windows 10): Executed 119 of 199[32m SUCCESS[39m (0 secs / 0.858 secs)
[1A[2KChrome 149.0.0.0 (Windows 10): Executed 120 of 199[32m SUCCESS[39m (0 secs / 0.859 secs)
[1A[2KChrome 149.0.0.0 (Windows 10): Executed 121 of 199[32m SUCCESS[39m (0 secs / 0.86 secs)
[1A[2KChrome 149.0.0.0 (Windows 10): Executed 122 of 199[32m SUCCESS[39m (0 secs / 0.861 secs)
[1A[2KChrome 149.0.0.0 (Windows 10): Executed 123 of 199[32m SUCCESS[39m (0 secs / 0.861 secs)
[1A[2KChrome 149.0.0.0 (Windows 10): Executed 124 of 199[32m SUCCESS[39m (0 secs / 0.88 secs)
[1A[2K[31mChrome 149.0.0.0 (Windows 10) ResetPasswordComponent should reset password successfully and navigate to dashboard FAILED[39m
	Expected spy alert to have been called with:
	  [ 'Password has been reset successfully! Redirecting to dashboard...' ]
	but actual calls were:
	  [ 'Password has been reset successfully! Redirecting to sign-in...' ].
	
	Call 0:
	  Expected $[0] = 'Password has been reset successfully! Redirecting to sign-in...' to equal 'Password has been reset successfully! Redirecting to dashboard...'.
	Error: Expected spy alert to have been called with:
	  [ 'Password has been reset successfully! Redirecting to dashboard...' ]
	but actual calls were:
	  [ 'Password has been reset successfully! Redirecting to sign-in...' ].
	Call 0:
	  Expected $[0] = 'Password has been reset successfully! Redirecting to sign-in...' to equal 'Password has been reset successfully! Redirecting to dashboard...'.
	    at <Jasmine>
	    at UserContext.apply (src/app/reset-password/reset-password.component.spec.ts:99:22)
	    at _ZoneDelegate.invoke (node_modules/zone.js/fesm2015/zone.js:358:158)
	    at _ProxyZoneSpec.onInvoke (node_modules/zone.js/fesm2015/zone-testing.js:956:33)
	    at _ZoneDelegate.invoke (node_modules/zone.js/fesm2015/zone.js:358:46)
	Expected spy Router.navigate to have been called with:
	  [ [ '/dashboard' ] ]
	but actual calls were:
	  [ [ '/' ] ].
	
	Call 0:
	  Expected $[0][0] = '/' to equal '/dashboard'.
	Error: Expected spy Router.navigate to have been called with:
	  [ [ '/dashboard' ] ]
	but actual calls were:
	  [ [ '/' ] ].
	Call 0:
	  Expected $[0][0] = '/' to equal '/dashboard'.
	    at <Jasmine>
	    at UserContext.apply (src/app/reset-password/reset-password.component.spec.ts:100:32)
	    at _ZoneDelegate.invoke (node_modules/zone.js/fesm2015/zone.js:358:158)
	    at _ProxyZoneSpec.onInvoke (node_modules/zone.js/fesm2015/zone-testing.js:956:33)
	    at _ZoneDelegate.invoke (node_modules/zone.js/fesm2015/zone.js:358:46)
Chrome 149.0.0.0 (Windows 10): Executed 125 of 199[31m (1 FAILED)[39m (0 secs / 0.888 secs)
[1A[2KChrome 149.0.0.0 (Windows 10): Executed 126 of 199[31m (1 FAILED)[39m (0 secs / 0.892 secs)
[1A[2KChrome 149.0.0.0 (Windows 10): Executed 127 of 199[31m (1 FAILED)[39m (0 secs / 0.896 secs)
[1A[2KERROR: [36m'Reset failed:', Error: Expired token
Error: Expired token
    at errorFactory (http://localhost:9876/_karma_webpack_/webpack:/src/app/reset-password/reset-password.component.spec.ts:108:67)
    at Observable._subscribe (http://localhost:9876/_karma_webpack_/webpack:/node_modules/rxjs/dist/esm/internal/observable/throwError.js:5:51)
    at Observable._trySubscribe (http://localhost:9876/_karma_webpack_/webpack:/node_modules/rxjs/dist/esm/internal/Observable.js:37:25)
    at cb (http://localhost:9876/_karma_webpack_/webpack:/node_modules/rxjs/dist/esm/internal/Observable.js:31:30)
    at errorContext (http://localhost:9876/_karma_webpack_/webpack:/node_modules/rxjs/dist/esm/internal/util/errorContext.js:19:9)
    at Observable.subscribe (http://localhost:9876/_karma_webpack_/webpack:/node_modules/rxjs/dist/esm/internal/Observable.js:22:21)
    at ResetPasswordComponent.submit (http://localhost:9876/_karma_webpack_/webpack:/src/app/reset-password/reset-password.component.ts:66:86)
    at UserContext.apply (http://localhost:9876/_karma_webpack_/webpack:/src/app/reset-password/reset-password.component.spec.ts:114:15)
    at _ZoneDelegate.invoke (http://localhost:9876/_karma_webpack_/webpack:/node_modules/zone.js/fesm2015/zone.js:358:158)
    at _ProxyZoneSpec.onInvoke (http://localhost:9876/_karma_webpack_/webpack:/node_modules/zone.js/fesm2015/zone-testing.js:956:33)[39m
Chrome 149.0.0.0 (Windows 10): Executed 127 of 199[31m (1 FAILED)[39m (0 secs / 0.896 secs)
ERROR: 'Reset failed:', Error: Expired token
Error: Expired token
    at errorFactory (http://localhost:9876/_karma_webpack_/webpack:/src/app/reset-password/reset-password.component.spec.ts:108:67)
    at Observable._subscribe (http://localhost:9876/_karma_webpack_/webpack:/node_modules/rxjs/dist/esm/internal/observable/throwError.js:5:51)
    at Observable._trySubscribe (http://localhost:9876/_karma_webpack_/webpack:/node_modules/rxjs/dist/esm/internal/Observable.js:37:25)
    at cb (http://localhost:9876/_karma_webpack_/webpack:/node_modules/rxjs/dist/esm/internal/Observable.js:31:30)
    at errorContext (http://localhost:9876/_karma_webpack_/webpack:/node_modules/rxjs/dist/esm/internal/util/errorContext.js:19:9)
    at Observable.subscribe (http://localhost:9876/_karma_webpack_/webpack:/node_modules/rxjs/dist/esm/internal/Observable.js:22:21)
    at ResetPasswordComponent.submit (http://localhost:9876/_karma_webpack_/webpack:/src/app/reset-password/reset-password.component.ts:66:86)
    at UserContext.apply (http://localhost:9876/_karma_webpack_/webpack:/src/app/reset-password/reset-password.component.spec.ts:114:15)
    at _ZoneDelegate.invoke (http://localhost:9876/_karma_webpack_/webpack:/node_modules/zone.js/fesm2015/zone.js:358:158)
    at _ProxyZoneSpec.onInvoke (http://localhost:9876/_karma_webpack_/webpack:/node_modules/zone.js/fesm2015/zone-testing.js:956:33)
[1A[2KChrome 149.0.0.0 (Windows 10): Executed 128 of 199[31m (1 FAILED)[39m (0 secs / 0.903 secs)
[1A[2K[31mChrome 149.0.0.0 (Windows 10) SignupComponent should validate username minlength and show alert FAILED[39m
	Expected spy alert to have been called with:
	  [ 'Validation Error: Username must be at least 3 characters long.' ]
	but it was never called.
	    at <Jasmine>
	    at UserContext.apply (src/app/signup/signup.component.spec.ts:71:22)
	    at _ZoneDelegate.invoke (node_modules/zone.js/fesm2015/zone.js:358:158)
	    at _ProxyZoneSpec.onInvoke (node_modules/zone.js/fesm2015/zone-testing.js:956:33)
	    at _ZoneDelegate.invoke (node_modules/zone.js/fesm2015/zone.js:358:46)
Chrome 149.0.0.0 (Windows 10): Executed 129 of 199[31m (2 FAILED)[39m (0 secs / 0.926 secs)
[1A[2K[31mChrome 149.0.0.0 (Windows 10) SignupComponent should handle generic signup error with fallback message FAILED[39m
	Expected spy alert to have been called with:
	  [ 'Signup failed. Please try again.' ]
	but it was never called.
	    at <Jasmine>
	    at UserContext.apply (src/app/signup/signup.component.spec.ts:241:22)
	    at _ZoneDelegate.invoke (node_modules/zone.js/fesm2015/zone.js:358:158)
	    at _ProxyZoneSpec.onInvoke (node_modules/zone.js/fesm2015/zone-testing.js:956:33)
	    at _ZoneDelegate.invoke (node_modules/zone.js/fesm2015/zone.js:358:46)
Chrome 149.0.0.0 (Windows 10): Executed 130 of 199[31m (3 FAILED)[39m (0 secs / 0.936 secs)
[1A[2K[31mChrome 149.0.0.0 (Windows 10) SignupComponent should handle signup error with status 409 FAILED[39m
	Expected spy alert to have been called with:
	  [ 'Username is already taken.' ]
	but it was never called.
	    at <Jasmine>
	    at UserContext.apply (src/app/signup/signup.component.spec.ts:186:22)
	    at _ZoneDelegate.invoke (node_modules/zone.js/fesm2015/zone.js:358:158)
	    at _ProxyZoneSpec.onInvoke (node_modules/zone.js/fesm2015/zone-testing.js:956:33)
	    at _ZoneDelegate.invoke (node_modules/zone.js/fesm2015/zone.js:358:46)
	Expected 'takenUser' to be ''.
	    at <Jasmine>
	    at UserContext.apply (src/app/signup/signup.component.spec.ts:187:51)
	    at _ZoneDelegate.invoke (node_modules/zone.js/fesm2015/zone.js:358:158)
	    at _ProxyZoneSpec.onInvoke (node_modules/zone.js/fesm2015/zone-testing.js:956:33)
	    at _ZoneDelegate.invoke (node_modules/zone.js/fesm2015/zone.js:358:46)
Chrome 149.0.0.0 (Windows 10): Executed 131 of 199[31m (4 FAILED)[39m (0 secs / 0.945 secs)
[1A[2K[31mChrome 149.0.0.0 (Windows 10) SignupComponent should validate password mismatch and show alert FAILED[39m
	Expected spy alert to have been called with:
	  [ 'Validation Error: Passwords do not match.' ]
	but it was never called.
	    at <Jasmine>
	    at UserContext.apply (src/app/signup/signup.component.spec.ts:57:22)
	    at _ZoneDelegate.invoke (node_modules/zone.js/fesm2015/zone.js:358:158)
	    at _ProxyZoneSpec.onInvoke (node_modules/zone.js/fesm2015/zone-testing.js:956:33)
	    at _ZoneDelegate.invoke (node_modules/zone.js/fesm2015/zone.js:358:46)
Chrome 149.0.0.0 (Windows 10): Executed 132 of 199[31m (5 FAILED)[39m (0 secs / 0.954 secs)
[1A[2K[31mChrome 149.0.0.0 (Windows 10) SignupComponent should submit and login successfully (not first login -> dashboard) FAILED[39m
	Expected spy navigate to have been called with:
	  [ [ '/dashboard' ] ]
	but it was never called.
	    at <Jasmine>
	    at UserContext.apply (src/app/signup/signup.component.spec.ts:168:29)
	    at _ZoneDelegate.invoke (node_modules/zone.js/fesm2015/zone.js:358:158)
	    at _ProxyZoneSpec.onInvoke (node_modules/zone.js/fesm2015/zone-testing.js:956:33)
	    at _ZoneDelegate.invoke (node_modules/zone.js/fesm2015/zone.js:358:46)
Chrome 149.0.0.0 (Windows 10): Executed 133 of 199[31m (6 FAILED)[39m (0 secs / 0.964 secs)
[1A[2K[31mChrome 149.0.0.0 (Windows 10) SignupComponent should handle generic signup error FAILED[39m
	Expected spy alert to have been called with:
	  [ 'Internal server error.' ]
	but it was never called.
	    at <Jasmine>
	    at UserContext.apply (src/app/signup/signup.component.spec.ts:223:22)
	    at _ZoneDelegate.invoke (node_modules/zone.js/fesm2015/zone.js:358:158)
	    at _ProxyZoneSpec.onInvoke (node_modules/zone.js/fesm2015/zone-testing.js:956:33)
	    at _ZoneDelegate.invoke (node_modules/zone.js/fesm2015/zone.js:358:46)
Chrome 149.0.0.0 (Windows 10): Executed 134 of 199[31m (7 FAILED)[39m (0 secs / 0.973 secs)
[1A[2K[31mChrome 149.0.0.0 (Windows 10) SignupComponent should validate email format and show alert FAILED[39m
	Expected spy alert to have been called with:
	  [ 'Validation Error: Please enter a valid email address.' ]
	but it was never called.
	    at <Jasmine>
	    at UserContext.apply (src/app/signup/signup.component.spec.ts:82:22)
	    at _ZoneDelegate.invoke (node_modules/zone.js/fesm2015/zone.js:358:158)
	    at _ProxyZoneSpec.onInvoke (node_modules/zone.js/fesm2015/zone-testing.js:956:33)
	    at _ZoneDelegate.invoke (node_modules/zone.js/fesm2015/zone.js:358:46)
Chrome 149.0.0.0 (Windows 10): Executed 135 of 199[31m (8 FAILED)[39m (0 secs / 0.982 secs)
[1A[2K[31mChrome 149.0.0.0 (Windows 10) SignupComponent should handle signup error with status 409 with fallback message FAILED[39m
	Expected spy alert to have been called with:
	  [ 'Username or email is already in use.' ]
	but it was never called.
	    at <Jasmine>
	    at UserContext.apply (src/app/signup/signup.component.spec.ts:205:22)
	    at _ZoneDelegate.invoke (node_modules/zone.js/fesm2015/zone.js:358:158)
	    at _ProxyZoneSpec.onInvoke (node_modules/zone.js/fesm2015/zone-testing.js:956:33)
	    at _ZoneDelegate.invoke (node_modules/zone.js/fesm2015/zone.js:358:46)
Chrome 149.0.0.0 (Windows 10): Executed 136 of 199[31m (9 FAILED)[39m (0 secs / 0.991 secs)
[1A[2KChrome 149.0.0.0 (Windows 10): Executed 137 of 199[31m (9 FAILED)[39m (0 secs / 0.997 secs)
[1A[2K[31mChrome 149.0.0.0 (Windows 10) SignupComponent should show generic alert if form is invalid for other reasons FAILED[39m
	Expected spy alert to have been called with:
	  [ 'Please fill in all fields correctly.' ]
	but it was never called.
	    at <Jasmine>
	    at UserContext.apply (src/app/signup/signup.component.spec.ts:104:22)
	    at _ZoneDelegate.invoke (node_modules/zone.js/fesm2015/zone.js:358:158)
	    at _ProxyZoneSpec.onInvoke (node_modules/zone.js/fesm2015/zone-testing.js:956:33)
	    at _ZoneDelegate.invoke (node_modules/zone.js/fesm2015/zone.js:358:46)
Chrome 149.0.0.0 (Windows 10): Executed 138 of 199[31m (10 FAILED)[39m (0 secs / 1.004 secs)
[1A[2K[31mChrome 149.0.0.0 (Windows 10) SignupComponent should validate password minlength and show alert FAILED[39m
	Expected spy alert to have been called with:
	  [ 'Validation Error: Password must be at least 8 characters long.' ]
	but it was never called.
	    at <Jasmine>
	    at UserContext.apply (src/app/signup/signup.component.spec.ts:93:22)
	    at _ZoneDelegate.invoke (node_modules/zone.js/fesm2015/zone.js:358:158)
	    at _ProxyZoneSpec.onInvoke (node_modules/zone.js/fesm2015/zone-testing.js:956:33)
	    at _ZoneDelegate.invoke (node_modules/zone.js/fesm2015/zone.js:358:46)
Chrome 149.0.0.0 (Windows 10): Executed 139 of 199[31m (11 FAILED)[39m (0 secs / 1.012 secs)
[1A[2K[31mChrome 149.0.0.0 (Windows 10) SignupComponent should submit and login successfully (first login -> account setup) FAILED[39m
	Expected spy navigate to have been called with:
	  [ [ '/account-setup' ] ]
	but it was never called.
	    at <Jasmine>
	    at UserContext.apply (src/app/signup/signup.component.spec.ts:147:29)
	    at _ZoneDelegate.invoke (node_modules/zone.js/fesm2015/zone.js:358:158)
	    at _ProxyZoneSpec.onInvoke (node_modules/zone.js/fesm2015/zone-testing.js:956:33)
	    at _ZoneDelegate.invoke (node_modules/zone.js/fesm2015/zone.js:358:46)
Chrome 149.0.0.0 (Windows 10): Executed 140 of 199[31m (12 FAILED)[39m (0 secs / 1.021 secs)
[1A[2K[31mChrome 149.0.0.0 (Windows 10) SignupComponent should submit successfully and navigate to home FAILED[39m
	Expected spy AuthService.signup to have been called with:
	  [ Object({ name: 'validUser', email: 'test@example.com', password: 'password123' }) ]
	but it was never called.
	    at <Jasmine>
	    at UserContext.apply (src/app/signup/signup.component.spec.ts:117:35)
	    at _ZoneDelegate.invoke (node_modules/zone.js/fesm2015/zone.js:358:158)
	    at _ProxyZoneSpec.onInvoke (node_modules/zone.js/fesm2015/zone-testing.js:956:33)
	    at _ZoneDelegate.invoke (node_modules/zone.js/fesm2015/zone.js:358:46)
	Expected spy alert to have been called with:
	  [ 'Signup successful! Please log in to complete your account setup.' ]
	but it was never called.
	    at <Jasmine>
	    at UserContext.apply (src/app/signup/signup.component.spec.ts:122:22)
	    at _ZoneDelegate.invoke (node_modules/zone.js/fesm2015/zone.js:358:158)
	    at _ProxyZoneSpec.onInvoke (node_modules/zone.js/fesm2015/zone-testing.js:956:33)
	    at _ZoneDelegate.invoke (node_modules/zone.js/fesm2015/zone.js:358:46)
	Expected spy navigate to have been called with:
	  [ [ '/' ] ]
	but it was never called.
	    at <Jasmine>
	    at UserContext.apply (src/app/signup/signup.component.spec.ts:123:29)
	    at _ZoneDelegate.invoke (node_modules/zone.js/fesm2015/zone.js:358:158)
	    at _ProxyZoneSpec.onInvoke (node_modules/zone.js/fesm2015/zone-testing.js:956:33)
	    at _ZoneDelegate.invoke (node_modules/zone.js/fesm2015/zone.js:358:46)
Chrome 149.0.0.0 (Windows 10): Executed 141 of 199[31m (13 FAILED)[39m (0 secs / 1.029 secs)
[1A[2KChrome 149.0.0.0 (Windows 10): Executed 142 of 199[31m (13 FAILED)[39m (0 secs / 1.03 secs)
[1A[2KChrome 149.0.0.0 (Windows 10): Executed 143 of 199[31m (13 FAILED)[39m (0 secs / 1.031 secs)
[1A[2KChrome 149.0.0.0 (Windows 10): Executed 144 of 199[31m (13 FAILED)[39m (0 secs / 1.031 secs)
[1A[2KChrome 149.0.0.0 (Windows 10): Executed 145 of 199[31m (13 FAILED)[39m (0 secs / 1.032 secs)
[1A[2KChrome 149.0.0.0 (Windows 10): Executed 146 of 199[31m (13 FAILED)[39m (0 secs / 1.033 secs)
[1A[2KChrome 149.0.0.0 (Windows 10): Executed 147 of 199[31m (13 FAILED)[39m (0 secs / 1.034 secs)
[1A[2KChrome 149.0.0.0 (Windows 10): Executed 148 of 199[31m (13 FAILED)[39m (0 secs / 1.035 secs)
[1A[2KChrome 149.0.0.0 (Windows 10): Executed 149 of 199[31m (13 FAILED)[39m (0 secs / 1.036 secs)
[1A[2KChrome 149.0.0.0 (Windows 10): Executed 150 of 199[31m (13 FAILED)[39m (0 secs / 1.036 secs)
[1A[2KChrome 149.0.0.0 (Windows 10): Executed 151 of 199[31m (13 FAILED)[39m (0 secs / 1.036 secs)
[1A[2KChrome 149.0.0.0 (Windows 10): Executed 152 of 199[31m (13 FAILED)[39m (0 secs / 1.037 secs)
[1A[2KChrome 149.0.0.0 (Windows 10): Executed 153 of 199[31m (13 FAILED)[39m (0 secs / 1.037 secs)
[1A[2KChrome 149.0.0.0 (Windows 10): Executed 154 of 199[31m (13 FAILED)[39m (0 secs / 1.037 secs)
[1A[2KChrome 149.0.0.0 (Windows 10): Executed 155 of 199[31m (13 FAILED)[39m (0 secs / 1.038 secs)
[1A[2KChrome 149.0.0.0 (Windows 10): Executed 156 of 199[31m (13 FAILED)[39m (0 secs / 1.039 secs)
[1A[2KChrome 149.0.0.0 (Windows 10): Executed 157 of 199[31m (13 FAILED)[39m (0 secs / 1.043 secs)
[1A[2KLOG: [36m'[App] Session replaced by another tab. Marking this session as expired.'[39m
Chrome 149.0.0.0 (Windows 10): Executed 157 of 199[31m (13 FAILED)[39m (0 secs / 1.043 secs)
LOG: '[App] Session replaced by another tab. Marking this session as expired.'
[1A[2KChrome 149.0.0.0 (Windows 10): Executed 158 of 199[31m (13 FAILED)[39m (0 secs / 1.045 secs)
[1A[2KChrome 149.0.0.0 (Windows 10): Executed 159 of 199[31m (13 FAILED)[39m (0 secs / 1.046 secs)
[1A[2KChrome 149.0.0.0 (Windows 10): Executed 160 of 199[31m (13 FAILED)[39m (0 secs / 1.055 secs)
[1A[2KLOG: [36m'[App] Session replaced by another tab. Marking this session as expired.'[39m
Chrome 149.0.0.0 (Windows 10): Executed 160 of 199[31m (13 FAILED)[39m (0 secs / 1.055 secs)
LOG: '[App] Session replaced by another tab. Marking this session as expired.'
[1A[2KChrome 149.0.0.0 (Windows 10): Executed 161 of 199[31m (13 FAILED)[39m (0 secs / 1.057 secs)
[1A[2KChrome 149.0.0.0 (Windows 10): Executed 162 of 199[31m (13 FAILED)[39m (0 secs / 1.059 secs)
[1A[2KChrome 149.0.0.0 (Windows 10): Executed 163 of 199[31m (13 FAILED)[39m (0 secs / 1.06 secs)
[1A[2KChrome 149.0.0.0 (Windows 10): Executed 164 of 199[31m (13 FAILED)[39m (0 secs / 1.06 secs)
[1A[2KChrome 149.0.0.0 (Windows 10): Executed 165 of 199[31m (13 FAILED)[39m (0 secs / 1.06 secs)
[1A[2KChrome 149.0.0.0 (Windows 10): Executed 166 of 199[31m (13 FAILED)[39m (0 secs / 1.061 secs)
[1A[2KChrome 149.0.0.0 (Windows 10): Executed 167 of 199[31m (13 FAILED)[39m (0 secs / 1.062 secs)
[1A[2KChrome 149.0.0.0 (Windows 10): Executed 168 of 199[31m (13 FAILED)[39m (0 secs / 1.062 secs)
[1A[2KChrome 149.0.0.0 (Windows 10): Executed 169 of 199[31m (13 FAILED)[39m (0 secs / 1.062 secs)
[1A[2KChrome 149.0.0.0 (Windows 10): Executed 170 of 199[31m (13 FAILED)[39m (0 secs / 1.063 secs)
[1A[2KChrome 149.0.0.0 (Windows 10): Executed 171 of 199[31m (13 FAILED)[39m (0 secs / 1.064 secs)
[1A[2KChrome 149.0.0.0 (Windows 10): Executed 172 of 199[31m (13 FAILED)[39m (0 secs / 1.066 secs)
[1A[2KChrome 149.0.0.0 (Windows 10): Executed 173 of 199[31m (13 FAILED)[39m (0 secs / 1.068 secs)
[1A[2KChrome 149.0.0.0 (Windows 10): Executed 174 of 199[31m (13 FAILED)[39m (0 secs / 1.069 secs)
[1A[2KChrome 149.0.0.0 (Windows 10): Executed 175 of 199[31m (13 FAILED)[39m (0 secs / 1.07 secs)
[1A[2KERROR: [36m'Error loading transactions from storage', SyntaxError: Unexpected token 'o', "not-valid-json" is not valid JSON
SyntaxError: Unexpected token 'o', "not-valid-json" is not valid JSON
    at JSON.parse (<anonymous>)
    at TransactionService.loadTransactionsFromStorage (http://localhost:9876/_karma_webpack_/webpack:/src/app/services/transaction.service.ts:52:35)
    at new TransactionService (http://localhost:9876/_karma_webpack_/webpack:/src/app/services/transaction.service.ts:33:10)
    at Object.factory (ng:///TransactionService/╔╡fac.js:4:10)
    at callback (http://localhost:9876/_karma_webpack_/webpack:/node_modules/@angular/core/fesm2022/_effect-chunk2.mjs:1316:35)
    at runInInjectorProfilerContext (http://localhost:9876/_karma_webpack_/webpack:/node_modules/@angular/core/fesm2022/_effect-chunk2.mjs:444:5)
    at R3Injector.hydrate (http://localhost:9876/_karma_webpack_/webpack:/node_modules/@angular/core/fesm2022/_effect-chunk2.mjs:1314:11)
    at R3Injector.get (http://localhost:9876/_karma_webpack_/webpack:/node_modules/@angular/core/fesm2022/_effect-chunk2.mjs:1203:23)
    at TestBedImpl.inject (http://localhost:9876/_karma_webpack_/webpack:/node_modules/@angular/core/fesm2022/testing.mjs:1413:48)
    at TestBedImpl.inject (http://localhost:9876/_karma_webpack_/webpack:/node_modules/@angular/core/fesm2022/testing.mjs:1300:33)[39m
Chrome 149.0.0.0 (Windows 10): Executed 175 of 199[31m (13 FAILED)[39m (0 secs / 1.07 secs)
ERROR: 'Error loading transactions from storage', SyntaxError: Unexpected token 'o', "not-valid-json" is not valid JSON
SyntaxError: Unexpected token 'o', "not-valid-json" is not valid JSON
    at JSON.parse (<anonymous>)
    at TransactionService.loadTransactionsFromStorage (http://localhost:9876/_karma_webpack_/webpack:/src/app/services/transaction.service.ts:52:35)
    at new TransactionService (http://localhost:9876/_karma_webpack_/webpack:/src/app/services/transaction.service.ts:33:10)
    at Object.factory (ng:///TransactionService/╔╡fac.js:4:10)
    at callback (http://localhost:9876/_karma_webpack_/webpack:/node_modules/@angular/core/fesm2022/_effect-chunk2.mjs:1316:35)
    at runInInjectorProfilerContext (http://localhost:9876/_karma_webpack_/webpack:/node_modules/@angular/core/fesm2022/_effect-chunk2.mjs:444:5)
    at R3Injector.hydrate (http://localhost:9876/_karma_webpack_/webpack:/node_modules/@angular/core/fesm2022/_effect-chunk2.mjs:1314:11)
    at R3Injector.get (http://localhost:9876/_karma_webpack_/webpack:/node_modules/@angular/core/fesm2022/_effect-chunk2.mjs:1203:23)
    at TestBedImpl.inject (http://localhost:9876/_karma_webpack_/webpack:/node_modules/@angular/core/fesm2022/testing.mjs:1413:48)
    at TestBedImpl.inject (http://localhost:9876/_karma_webpack_/webpack:/node_modules/@angular/core/fesm2022/testing.mjs:1300:33)
[1A[2KChrome 149.0.0.0 (Windows 10): Executed 176 of 199[31m (13 FAILED)[39m (0 secs / 1.074 secs)
[1A[2KChrome 149.0.0.0 (Windows 10): Executed 177 of 199[31m (13 FAILED)[39m (0 secs / 1.075 secs)
[1A[2KChrome 149.0.0.0 (Windows 10): Executed 178 of 199[31m (13 FAILED)[39m (0 secs / 1.076 secs)
[1A[2KChrome 149.0.0.0 (Windows 10): Executed 179 of 199[31m (13 FAILED)[39m (0 secs / 1.077 secs)
[1A[2KChrome 149.0.0.0 (Windows 10): Executed 180 of 199[31m (13 FAILED)[39m (0 secs / 1.077 secs)
[1A[2KChrome 149.0.0.0 (Windows 10): Executed 181 of 199[31m (13 FAILED)[39m (0 secs / 1.087 secs)
[1A[2KChrome 149.0.0.0 (Windows 10): Executed 182 of 199[31m (13 FAILED)[39m (0 secs / 1.095 secs)
[1A[2KERROR: [36m'Failed to create chart: can't acquire context from the given item'[39m
Chrome 149.0.0.0 (Windows 10): Executed 182 of 199[31m (13 FAILED)[39m (0 secs / 1.095 secs)
ERROR: 'Failed to create chart: can't acquire context from the given item'
[1A[2KERROR: [36m'Failed to create chart: can't acquire context from the given item'[39m
Chrome 149.0.0.0 (Windows 10): Executed 182 of 199[31m (13 FAILED)[39m (0 secs / 1.095 secs)
ERROR: 'Failed to create chart: can't acquire context from the given item'
[1A[2KERROR: [36m'Failed to create chart: can't acquire context from the given item'[39m
Chrome 149.0.0.0 (Windows 10): Executed 182 of 199[31m (13 FAILED)[39m (0 secs / 1.095 secs)
ERROR: 'Failed to create chart: can't acquire context from the given item'
[1A[2KERROR: [36m'Failed to create chart: can't acquire context from the given item'[39m
Chrome 149.0.0.0 (Windows 10): Executed 182 of 199[31m (13 FAILED)[39m (0 secs / 1.095 secs)
ERROR: 'Failed to create chart: can't acquire context from the given item'
[1A[2KChrome 149.0.0.0 (Windows 10): Executed 183 of 199[31m (13 FAILED)[39m (0 secs / 1.1 secs)
[1A[2KChrome 149.0.0.0 (Windows 10): Executed 184 of 199[31m (13 FAILED)[39m (0 secs / 1.103 secs)
[1A[2KChrome 149.0.0.0 (Windows 10): Executed 185 of 199[31m (13 FAILED)[39m (0 secs / 1.106 secs)
[1A[2KChrome 149.0.0.0 (Windows 10): Executed 186 of 199[31m (13 FAILED)[39m (0 secs / 1.109 secs)
[1A[2KChrome 149.0.0.0 (Windows 10): Executed 187 of 199[31m (13 FAILED)[39m (0 secs / 1.112 secs)
[1A[2KChrome 149.0.0.0 (Windows 10): Executed 188 of 199[31m (13 FAILED)[39m (0 secs / 1.115 secs)
[1A[2KChrome 149.0.0.0 (Windows 10): Executed 189 of 199[31m (13 FAILED)[39m (0 secs / 1.118 secs)
[1A[2KChrome 149.0.0.0 (Windows 10): Executed 190 of 199[31m (13 FAILED)[39m (0 secs / 1.121 secs)
[1A[2KChrome 149.0.0.0 (Windows 10): Executed 191 of 199[31m (13 FAILED)[39m (0 secs / 1.122 secs)
[1A[2KChrome 149.0.0.0 (Windows 10): Executed 192 of 199[31m (13 FAILED)[39m (0 secs / 1.123 secs)
[1A[2KChrome 149.0.0.0 (Windows 10): Executed 193 of 199[31m (13 FAILED)[39m (0 secs / 1.124 secs)
[1A[2KChrome 149.0.0.0 (Windows 10): Executed 194 of 199[31m (13 FAILED)[39m (0 secs / 1.125 secs)
[1A[2KChrome 149.0.0.0 (Windows 10): Executed 195 of 199[31m (13 FAILED)[39m (0 secs / 1.126 secs)
[1A[2KChrome 149.0.0.0 (Windows 10): Executed 196 of 199[31m (13 FAILED)[39m (0 secs / 1.127 secs)
[1A[2KChrome 149.0.0.0 (Windows 10): Executed 197 of 199[31m (13 FAILED)[39m (0 secs / 1.127 secs)
[1A[2KChrome 149.0.0.0 (Windows 10): Executed 198 of 199[31m (13 FAILED)[39m (0 secs / 1.128 secs)
[1A[2KChrome 149.0.0.0 (Windows 10): Executed 199 of 199[31m (13 FAILED)[39m (0 secs / 1.129 secs)
[1A[2KChrome 149.0.0.0 (Windows 10): Executed 199 of 199[31m (13 FAILED)[39m (1.252 secs / 1.129 secs)
[31mTOTAL: 13 FAILED, 186 SUCCESS[39m
[32mΓêÜ[39m Browser application bundle generation complete.
