
> frontend@0.0.0 test
> ng test --watch=false

node.exe : - Generating browser application bundles (phase: setup)...
At line:1 char:1
+ & "C:\Program Files\nodejs/node.exe" "C:\Program Files\nodejs/node_mo ...
+ ~~~~~~~~~~~~~~~~~~~~~~~~~~~~~~~~~~~~~~~~~~~~~~~~~~~~~~~~~~~~~~~~~~~~~
    + CategoryInfo          : NotSpecified: (- Generating br...hase: setup)...:String) [], RemoteException
    + FullyQualifiedErrorId : NativeCommandError
 
[32mΓêÜ[39m Browser application bundle generation complete.
[32m22 06 2026 19:10:44.737:INFO [karma-server]: [39mKarma v6.4.4 server started at http://localhost:9876/
[32m22 06 2026 19:10:44.739:INFO [launcher]: [39mLaunching browsers Chrome with concurrency unlimited
[32m22 06 2026 19:10:44.758:INFO [launcher]: [39mStarting browser Chrome
[32m22 06 2026 19:10:45.875:INFO [Chrome 149.0.0.0 (Windows 10)]: [39mConnected on socket SqWfAwRatYPSTnEyAAAB with id 73758865
Chrome 149.0.0.0 (Windows 10): Executed 0 of 170[32m SUCCESS[39m (0 secs / 0 secs)
[1A[2KChrome 149.0.0.0 (Windows 10): Executed 1 of 170[32m SUCCESS[39m (0 secs / 0.011 secs)
[1A[2KChrome 149.0.0.0 (Windows 10): Executed 2 of 170[32m SUCCESS[39m (0 secs / 0.013 secs)
[1A[2KChrome 149.0.0.0 (Windows 10): Executed 3 of 170[32m SUCCESS[39m (0 secs / 0.014 secs)
[1A[2KChrome 149.0.0.0 (Windows 10): Executed 4 of 170[32m SUCCESS[39m (0 secs / 0.015 secs)
[1A[2KChrome 149.0.0.0 (Windows 10): Executed 5 of 170[32m SUCCESS[39m (0 secs / 0.016 secs)
[1A[2KChrome 149.0.0.0 (Windows 10): Executed 6 of 170[32m SUCCESS[39m (0 secs / 0.017 secs)
[1A[2KChrome 149.0.0.0 (Windows 10): Executed 7 of 170[32m SUCCESS[39m (0 secs / 0.018 secs)
[1A[2KChrome 149.0.0.0 (Windows 10): Executed 8 of 170[32m SUCCESS[39m (0 secs / 0.019 secs)
[1A[2KChrome 149.0.0.0 (Windows 10): Executed 9 of 170[32m SUCCESS[39m (0 secs / 0.019 secs)
[1A[2KChrome 149.0.0.0 (Windows 10): Executed 10 of 170[32m SUCCESS[39m (0 secs / 0.093 secs)
[1A[2KChrome 149.0.0.0 (Windows 10): Executed 11 of 170[32m SUCCESS[39m (0 secs / 0.119 secs)
[1A[2KChrome 149.0.0.0 (Windows 10): Executed 12 of 170[32m SUCCESS[39m (0 secs / 0.131 secs)
[1A[2KChrome 149.0.0.0 (Windows 10): Executed 13 of 170[32m SUCCESS[39m (0 secs / 0.14 secs)
[1A[2KChrome 149.0.0.0 (Windows 10): Executed 14 of 170[32m SUCCESS[39m (0 secs / 0.149 secs)
[1A[2KChrome 149.0.0.0 (Windows 10): Executed 15 of 170[32m SUCCESS[39m (0 secs / 0.173 secs)
[1A[2KChrome 149.0.0.0 (Windows 10): Executed 16 of 170[32m SUCCESS[39m (0 secs / 0.178 secs)
[1A[2KChrome 149.0.0.0 (Windows 10): Executed 17 of 170[32m SUCCESS[39m (0 secs / 0.183 secs)
[1A[2KChrome 149.0.0.0 (Windows 10): Executed 18 of 170[32m SUCCESS[39m (0 secs / 0.189 secs)
[1A[2KChrome 149.0.0.0 (Windows 10): Executed 19 of 170[32m SUCCESS[39m (0 secs / 0.193 secs)
[1A[2KChrome 149.0.0.0 (Windows 10): Executed 20 of 170[32m SUCCESS[39m (0 secs / 0.196 secs)
[1A[2KERROR: [36m'Full Transfer Error Objekt:', Object{error: Object{message: 'Insufficient balance'}, status: 400}[39m
Chrome 149.0.0.0 (Windows 10): Executed 20 of 170[32m SUCCESS[39m (0 secs / 0.196 secs)
ERROR: 'Full Transfer Error Objekt:', Object{error: Object{message: 'Insufficient balance'}, status: 400}
[1A[2KChrome 149.0.0.0 (Windows 10): Executed 21 of 170[32m SUCCESS[39m (0 secs / 0.201 secs)
[1A[2KChrome 149.0.0.0 (Windows 10): Executed 22 of 170[32m SUCCESS[39m (0 secs / 0.206 secs)
[1A[2KChrome 149.0.0.0 (Windows 10): Executed 23 of 170[32m SUCCESS[39m (0 secs / 0.211 secs)
[1A[2KChrome 149.0.0.0 (Windows 10): Executed 24 of 170[32m SUCCESS[39m (0 secs / 0.223 secs)
[1A[2KChrome 149.0.0.0 (Windows 10): Executed 25 of 170[32m SUCCESS[39m (0 secs / 0.228 secs)
[1A[2KChrome 149.0.0.0 (Windows 10): Executed 26 of 170[32m SUCCESS[39m (0 secs / 0.233 secs)
[1A[2KChrome 149.0.0.0 (Windows 10): Executed 27 of 170[32m SUCCESS[39m (0 secs / 0.238 secs)
[1A[2KChrome 149.0.0.0 (Windows 10): Executed 28 of 170[32m SUCCESS[39m (0 secs / 0.251 secs)
[1A[2KChrome 149.0.0.0 (Windows 10): Executed 29 of 170[32m SUCCESS[39m (0 secs / 0.256 secs)
[1A[2KChrome 149.0.0.0 (Windows 10): Executed 30 of 170[32m SUCCESS[39m (0 secs / 0.261 secs)
[1A[2KChrome 149.0.0.0 (Windows 10): Executed 31 of 170[32m SUCCESS[39m (0 secs / 0.266 secs)
[1A[2KChrome 149.0.0.0 (Windows 10): Executed 32 of 170[32m SUCCESS[39m (0 secs / 0.269 secs)
[1A[2KChrome 149.0.0.0 (Windows 10): Executed 33 of 170[32m SUCCESS[39m (0 secs / 0.272 secs)
[1A[2KChrome 149.0.0.0 (Windows 10): Executed 34 of 170[32m SUCCESS[39m (0 secs / 0.274 secs)
[1A[2KChrome 149.0.0.0 (Windows 10): Executed 35 of 170[32m SUCCESS[39m (0 secs / 0.274 secs)
[1A[2KChrome 149.0.0.0 (Windows 10): Executed 36 of 170[32m SUCCESS[39m (0 secs / 0.274 secs)
[1A[2KChrome 149.0.0.0 (Windows 10): Executed 37 of 170[32m SUCCESS[39m (0 secs / 0.275 secs)
[1A[2KChrome 149.0.0.0 (Windows 10): Executed 38 of 170[32m SUCCESS[39m (0 secs / 0.275 secs)
[1A[2KChrome 149.0.0.0 (Windows 10): Executed 39 of 170[32m SUCCESS[39m (0 secs / 0.276 secs)
[1A[2KChrome 149.0.0.0 (Windows 10): Executed 40 of 170[32m SUCCESS[39m (0 secs / 0.277 secs)
[1A[2KChrome 149.0.0.0 (Windows 10): Executed 41 of 170[32m SUCCESS[39m (0 secs / 0.297 secs)
[1A[2KChrome 149.0.0.0 (Windows 10): Executed 42 of 170[32m SUCCESS[39m (0 secs / 0.303 secs)
[1A[2K[31mChrome 149.0.0.0 (Windows 10) DashboardComponent should load account data on init FAILED[39m
	Error: <spyOn> : getAccountHistory has already been spied upon
	Usage: spyOn(<object>, <methodName>)
	    at <Jasmine>
	    at UserContext.apply (src/app/dashboard/dashboard.component.spec.ts:95:9)
	    at _ZoneDelegate.invoke (node_modules/zone.js/fesm2015/zone.js:358:158)
	    at _ProxyZoneSpec.onInvoke (node_modules/zone.js/fesm2015/zone-testing.js:956:33)
	    at _ZoneDelegate.invoke (node_modules/zone.js/fesm2015/zone.js:358:46)
	    at _ZoneImpl.run (node_modules/zone.js/fesm2015/zone.js:127:35)
	    at runInTestZone (node_modules/zone.js/fesm2015/zone-testing.js:192:30)
	    at UserContext.<anonymous> (node_modules/zone.js/fesm2015/zone-testing.js:199:16)
Chrome 149.0.0.0 (Windows 10): Executed 43 of 170[31m (1 FAILED)[39m (0 secs / 0.307 secs)
[1A[2KChrome 149.0.0.0 (Windows 10): Executed 44 of 170[31m (1 FAILED)[39m (0 secs / 0.31 secs)
[1A[2KChrome 149.0.0.0 (Windows 10): Executed 45 of 170[31m (1 FAILED)[39m (0 secs / 0.314 secs)
[1A[2KChrome 149.0.0.0 (Windows 10): Executed 46 of 170[31m (1 FAILED)[39m (0 secs / 0.318 secs)
[1A[2KLOG: [36m'≡ƒöì [History] Component initializing...'[39m
Chrome 149.0.0.0 (Windows 10): Executed 46 of 170[31m (1 FAILED)[39m (0 secs / 0.318 secs)
LOG: '≡ƒöì [History] Component initializing...'
[1A[2KLOG: [36m'≡ƒöä [History] Service transactions updated, syncing UI...'[39m
Chrome 149.0.0.0 (Windows 10): Executed 46 of 170[31m (1 FAILED)[39m (0 secs / 0.318 secs)
LOG: '≡ƒöä [History] Service transactions updated, syncing UI...'
[1A[2KLOG: [36m'≡ƒôí [History] Starting fresh data fetch...'[39m
Chrome 149.0.0.0 (Windows 10): Executed 46 of 170[31m (1 FAILED)[39m (0 secs / 0.318 secs)
LOG: '≡ƒôí [History] Starting fresh data fetch...'
[1A[2KLOG: [36m'≡ƒÆ░ [History] Balance loaded:', '1000.00'[39m
Chrome 149.0.0.0 (Windows 10): Executed 46 of 170[31m (1 FAILED)[39m (0 secs / 0.318 secs)
LOG: '≡ƒÆ░ [History] Balance loaded:', '1000.00'
[1A[2KLOG: [36m'≡ƒôí [History] Fetching transactions for account ID:', 1[39m
Chrome 149.0.0.0 (Windows 10): Executed 46 of 170[31m (1 FAILED)[39m (0 secs / 0.318 secs)
LOG: '≡ƒôí [History] Fetching transactions for account ID:', 1
[1A[2KLOG: [36m'Γ£à [History] Data pipeline complete, transactions count:', 0[39m
Chrome 149.0.0.0 (Windows 10): Executed 46 of 170[31m (1 FAILED)[39m (0 secs / 0.318 secs)
LOG: 'Γ£à [History] Data pipeline complete, transactions count:', 0
[1A[2KChrome 149.0.0.0 (Windows 10): Executed 47 of 170[31m (1 FAILED)[39m (0 secs / 0.34 secs)
[1A[2KLOG: [36m'≡ƒöì [History] Component initializing...'[39m
Chrome 149.0.0.0 (Windows 10): Executed 47 of 170[31m (1 FAILED)[39m (0 secs / 0.34 secs)
LOG: '≡ƒöì [History] Component initializing...'
[1A[2KLOG: [36m'≡ƒöä [History] Service transactions updated, syncing UI...'[39m
Chrome 149.0.0.0 (Windows 10): Executed 47 of 170[31m (1 FAILED)[39m (0 secs / 0.34 secs)
LOG: '≡ƒöä [History] Service transactions updated, syncing UI...'
[1A[2KLOG: [36m'≡ƒôí [History] Starting fresh data fetch...'[39m
Chrome 149.0.0.0 (Windows 10): Executed 47 of 170[31m (1 FAILED)[39m (0 secs / 0.34 secs)
LOG: '≡ƒôí [History] Starting fresh data fetch...'
[1A[2KLOG: [36m'≡ƒÆ░ [History] Balance loaded:', '1000.00'[39m
Chrome 149.0.0.0 (Windows 10): Executed 47 of 170[31m (1 FAILED)[39m (0 secs / 0.34 secs)
LOG: '≡ƒÆ░ [History] Balance loaded:', '1000.00'
[1A[2KLOG: [36m'≡ƒôí [History] Fetching transactions for account ID:', 1[39m
Chrome 149.0.0.0 (Windows 10): Executed 47 of 170[31m (1 FAILED)[39m (0 secs / 0.34 secs)
LOG: '≡ƒôí [History] Fetching transactions for account ID:', 1
[1A[2KLOG: [36m'Γ£à [History] Data pipeline complete, transactions count:', 0[39m
Chrome 149.0.0.0 (Windows 10): Executed 47 of 170[31m (1 FAILED)[39m (0 secs / 0.34 secs)
LOG: 'Γ£à [History] Data pipeline complete, transactions count:', 0
[1A[2KChrome 149.0.0.0 (Windows 10): Executed 48 of 170[31m (1 FAILED)[39m (0 secs / 0.345 secs)
[1A[2KLOG: [36m'≡ƒöì [History] Component initializing...'[39m
Chrome 149.0.0.0 (Windows 10): Executed 48 of 170[31m (1 FAILED)[39m (0 secs / 0.345 secs)
LOG: '≡ƒöì [History] Component initializing...'
[1A[2KLOG: [36m'≡ƒöä [History] Service transactions updated, syncing UI...'[39m
Chrome 149.0.0.0 (Windows 10): Executed 48 of 170[31m (1 FAILED)[39m (0 secs / 0.345 secs)
LOG: '≡ƒöä [History] Service transactions updated, syncing UI...'
[1A[2KLOG: [36m'≡ƒôí [History] Starting fresh data fetch...'[39m
Chrome 149.0.0.0 (Windows 10): Executed 48 of 170[31m (1 FAILED)[39m (0 secs / 0.345 secs)
LOG: '≡ƒôí [History] Starting fresh data fetch...'
[1A[2KLOG: [36m'≡ƒÆ░ [History] Balance loaded:', '1000.00'[39m
Chrome 149.0.0.0 (Windows 10): Executed 48 of 170[31m (1 FAILED)[39m (0 secs / 0.345 secs)
LOG: '≡ƒÆ░ [History] Balance loaded:', '1000.00'
[1A[2KLOG: [36m'≡ƒôí [History] Fetching transactions for account ID:', 1[39m
Chrome 149.0.0.0 (Windows 10): Executed 48 of 170[31m (1 FAILED)[39m (0 secs / 0.345 secs)
LOG: '≡ƒôí [History] Fetching transactions for account ID:', 1
[1A[2KLOG: [36m'Γ£à [History] Data pipeline complete, transactions count:', 0[39m
Chrome 149.0.0.0 (Windows 10): Executed 48 of 170[31m (1 FAILED)[39m (0 secs / 0.345 secs)
LOG: 'Γ£à [History] Data pipeline complete, transactions count:', 0
[1A[2KChrome 149.0.0.0 (Windows 10): Executed 49 of 170[31m (1 FAILED)[39m (0 secs / 0.349 secs)
[1A[2KLOG: [36m'≡ƒöì [History] Component initializing...'[39m
Chrome 149.0.0.0 (Windows 10): Executed 49 of 170[31m (1 FAILED)[39m (0 secs / 0.349 secs)
LOG: '≡ƒöì [History] Component initializing...'
[1A[2KLOG: [36m'≡ƒöä [History] Service transactions updated, syncing UI...'[39m
Chrome 149.0.0.0 (Windows 10): Executed 49 of 170[31m (1 FAILED)[39m (0 secs / 0.349 secs)
LOG: '≡ƒöä [History] Service transactions updated, syncing UI...'
[1A[2KLOG: [36m'≡ƒôí [History] Starting fresh data fetch...'[39m
Chrome 149.0.0.0 (Windows 10): Executed 49 of 170[31m (1 FAILED)[39m (0 secs / 0.349 secs)
LOG: '≡ƒôí [History] Starting fresh data fetch...'
[1A[2KLOG: [36m'≡ƒÆ░ [History] Balance loaded:', '1000.00'[39m
Chrome 149.0.0.0 (Windows 10): Executed 49 of 170[31m (1 FAILED)[39m (0 secs / 0.349 secs)
LOG: '≡ƒÆ░ [History] Balance loaded:', '1000.00'
[1A[2KLOG: [36m'≡ƒôí [History] Fetching transactions for account ID:', 1[39m
Chrome 149.0.0.0 (Windows 10): Executed 49 of 170[31m (1 FAILED)[39m (0 secs / 0.349 secs)
LOG: '≡ƒôí [History] Fetching transactions for account ID:', 1
[1A[2KLOG: [36m'Γ£à [History] Data pipeline complete, transactions count:', 0[39m
Chrome 149.0.0.0 (Windows 10): Executed 49 of 170[31m (1 FAILED)[39m (0 secs / 0.349 secs)
LOG: 'Γ£à [History] Data pipeline complete, transactions count:', 0
[1A[2KChrome 149.0.0.0 (Windows 10): Executed 50 of 170[31m (1 FAILED)[39m (0 secs / 0.357 secs)
[1A[2KLOG: [36m'≡ƒöì [History] Component initializing...'[39m
Chrome 149.0.0.0 (Windows 10): Executed 50 of 170[31m (1 FAILED)[39m (0 secs / 0.357 secs)
LOG: '≡ƒöì [History] Component initializing...'
[1A[2KLOG: [36m'≡ƒöä [History] Service transactions updated, syncing UI...'[39m
Chrome 149.0.0.0 (Windows 10): Executed 50 of 170[31m (1 FAILED)[39m (0 secs / 0.357 secs)
LOG: '≡ƒöä [History] Service transactions updated, syncing UI...'
[1A[2KLOG: [36m'≡ƒôí [History] Starting fresh data fetch...'[39m
Chrome 149.0.0.0 (Windows 10): Executed 50 of 170[31m (1 FAILED)[39m (0 secs / 0.357 secs)
LOG: '≡ƒôí [History] Starting fresh data fetch...'
[1A[2KLOG: [36m'≡ƒÆ░ [History] Balance loaded:', '1000.00'[39m
Chrome 149.0.0.0 (Windows 10): Executed 50 of 170[31m (1 FAILED)[39m (0 secs / 0.357 secs)
LOG: '≡ƒÆ░ [History] Balance loaded:', '1000.00'
[1A[2KLOG: [36m'≡ƒôí [History] Fetching transactions for account ID:', 1[39m
Chrome 149.0.0.0 (Windows 10): Executed 50 of 170[31m (1 FAILED)[39m (0 secs / 0.357 secs)
LOG: '≡ƒôí [History] Fetching transactions for account ID:', 1
[1A[2KLOG: [36m'Γ£à [History] Data pipeline complete, transactions count:', 0[39m
Chrome 149.0.0.0 (Windows 10): Executed 50 of 170[31m (1 FAILED)[39m (0 secs / 0.357 secs)
LOG: 'Γ£à [History] Data pipeline complete, transactions count:', 0
[1A[2KChrome 149.0.0.0 (Windows 10): Executed 51 of 170[31m (1 FAILED)[39m (0 secs / 0.362 secs)
[1A[2KLOG: [36m'≡ƒöì [History] Component initializing...'[39m
Chrome 149.0.0.0 (Windows 10): Executed 51 of 170[31m (1 FAILED)[39m (0 secs / 0.362 secs)
LOG: '≡ƒöì [History] Component initializing...'
[1A[2KLOG: [36m'≡ƒöä [History] Service transactions updated, syncing UI...'[39m
Chrome 149.0.0.0 (Windows 10): Executed 51 of 170[31m (1 FAILED)[39m (0 secs / 0.362 secs)
LOG: '≡ƒöä [History] Service transactions updated, syncing UI...'
[1A[2KLOG: [36m'≡ƒôí [History] Starting fresh data fetch...'[39m
Chrome 149.0.0.0 (Windows 10): Executed 51 of 170[31m (1 FAILED)[39m (0 secs / 0.362 secs)
LOG: '≡ƒôí [History] Starting fresh data fetch...'
[1A[2KLOG: [36m'≡ƒÆ░ [History] Balance loaded:', '1000.00'[39m
Chrome 149.0.0.0 (Windows 10): Executed 51 of 170[31m (1 FAILED)[39m (0 secs / 0.362 secs)
LOG: '≡ƒÆ░ [History] Balance loaded:', '1000.00'
[1A[2KLOG: [36m'≡ƒôí [History] Fetching transactions for account ID:', 1[39m
Chrome 149.0.0.0 (Windows 10): Executed 51 of 170[31m (1 FAILED)[39m (0 secs / 0.362 secs)
LOG: '≡ƒôí [History] Fetching transactions for account ID:', 1
[1A[2KLOG: [36m'Γ£à [History] Data pipeline complete, transactions count:', 0[39m
Chrome 149.0.0.0 (Windows 10): Executed 51 of 170[31m (1 FAILED)[39m (0 secs / 0.362 secs)
LOG: 'Γ£à [History] Data pipeline complete, transactions count:', 0
[1A[2KChrome 149.0.0.0 (Windows 10): Executed 52 of 170[31m (1 FAILED)[39m (0 secs / 0.366 secs)
[1A[2KLOG: [36m'≡ƒöì [History] Component initializing...'[39m
Chrome 149.0.0.0 (Windows 10): Executed 52 of 170[31m (1 FAILED)[39m (0 secs / 0.366 secs)
LOG: '≡ƒöì [History] Component initializing...'
[1A[2KLOG: [36m'≡ƒöä [History] Service transactions updated, syncing UI...'[39m
Chrome 149.0.0.0 (Windows 10): Executed 52 of 170[31m (1 FAILED)[39m (0 secs / 0.366 secs)
LOG: '≡ƒöä [History] Service transactions updated, syncing UI...'
[1A[2KLOG: [36m'≡ƒôí [History] Starting fresh data fetch...'[39m
Chrome 149.0.0.0 (Windows 10): Executed 52 of 170[31m (1 FAILED)[39m (0 secs / 0.366 secs)
LOG: '≡ƒôí [History] Starting fresh data fetch...'
[1A[2KLOG: [36m'≡ƒÆ░ [History] Balance loaded:', '1000.00'[39m
Chrome 149.0.0.0 (Windows 10): Executed 52 of 170[31m (1 FAILED)[39m (0 secs / 0.366 secs)
LOG: '≡ƒÆ░ [History] Balance loaded:', '1000.00'
[1A[2KLOG: [36m'≡ƒôí [History] Fetching transactions for account ID:', 1[39m
Chrome 149.0.0.0 (Windows 10): Executed 52 of 170[31m (1 FAILED)[39m (0 secs / 0.366 secs)
LOG: '≡ƒôí [History] Fetching transactions for account ID:', 1
[1A[2KLOG: [36m'Γ£à [History] Data pipeline complete, transactions count:', 0[39m
Chrome 149.0.0.0 (Windows 10): Executed 52 of 170[31m (1 FAILED)[39m (0 secs / 0.366 secs)
LOG: 'Γ£à [History] Data pipeline complete, transactions count:', 0
[1A[2KChrome 149.0.0.0 (Windows 10): Executed 53 of 170[31m (1 FAILED)[39m (0 secs / 0.371 secs)
[1A[2KLOG: [36m'≡ƒöì [History] Component initializing...'[39m
Chrome 149.0.0.0 (Windows 10): Executed 53 of 170[31m (1 FAILED)[39m (0 secs / 0.371 secs)
LOG: '≡ƒöì [History] Component initializing...'
[1A[2KLOG: [36m'≡ƒöä [History] Service transactions updated, syncing UI...'[39m
Chrome 149.0.0.0 (Windows 10): Executed 53 of 170[31m (1 FAILED)[39m (0 secs / 0.371 secs)
LOG: '≡ƒöä [History] Service transactions updated, syncing UI...'
[1A[2KLOG: [36m'≡ƒôí [History] Starting fresh data fetch...'[39m
Chrome 149.0.0.0 (Windows 10): Executed 53 of 170[31m (1 FAILED)[39m (0 secs / 0.371 secs)
LOG: '≡ƒôí [History] Starting fresh data fetch...'
[1A[2KLOG: [36m'≡ƒÆ░ [History] Balance loaded:', '1000.00'[39m
Chrome 149.0.0.0 (Windows 10): Executed 53 of 170[31m (1 FAILED)[39m (0 secs / 0.371 secs)
LOG: '≡ƒÆ░ [History] Balance loaded:', '1000.00'
[1A[2KLOG: [36m'≡ƒôí [History] Fetching transactions for account ID:', 1[39m
Chrome 149.0.0.0 (Windows 10): Executed 53 of 170[31m (1 FAILED)[39m (0 secs / 0.371 secs)
LOG: '≡ƒôí [History] Fetching transactions for account ID:', 1
[1A[2KLOG: [36m'Γ£à [History] Data pipeline complete, transactions count:', 0[39m
Chrome 149.0.0.0 (Windows 10): Executed 53 of 170[31m (1 FAILED)[39m (0 secs / 0.371 secs)
LOG: 'Γ£à [History] Data pipeline complete, transactions count:', 0
[1A[2KChrome 149.0.0.0 (Windows 10): Executed 54 of 170[31m (1 FAILED)[39m (0 secs / 0.38 secs)
[1A[2KLOG: [36m'≡ƒöì [History] Component initializing...'[39m
Chrome 149.0.0.0 (Windows 10): Executed 54 of 170[31m (1 FAILED)[39m (0 secs / 0.38 secs)
LOG: '≡ƒöì [History] Component initializing...'
[1A[2KLOG: [36m'≡ƒöä [History] Service transactions updated, syncing UI...'[39m
Chrome 149.0.0.0 (Windows 10): Executed 54 of 170[31m (1 FAILED)[39m (0 secs / 0.38 secs)
LOG: '≡ƒöä [History] Service transactions updated, syncing UI...'
[1A[2KLOG: [36m'≡ƒôí [History] Starting fresh data fetch...'[39m
Chrome 149.0.0.0 (Windows 10): Executed 54 of 170[31m (1 FAILED)[39m (0 secs / 0.38 secs)
LOG: '≡ƒôí [History] Starting fresh data fetch...'
[1A[2KLOG: [36m'≡ƒÆ░ [History] Balance loaded:', '1000.00'[39m
Chrome 149.0.0.0 (Windows 10): Executed 54 of 170[31m (1 FAILED)[39m (0 secs / 0.38 secs)
LOG: '≡ƒÆ░ [History] Balance loaded:', '1000.00'
[1A[2KLOG: [36m'≡ƒôí [History] Fetching transactions for account ID:', 1[39m
Chrome 149.0.0.0 (Windows 10): Executed 54 of 170[31m (1 FAILED)[39m (0 secs / 0.38 secs)
LOG: '≡ƒôí [History] Fetching transactions for account ID:', 1
[1A[2KLOG: [36m'Γ£à [History] Data pipeline complete, transactions count:', 0[39m
Chrome 149.0.0.0 (Windows 10): Executed 54 of 170[31m (1 FAILED)[39m (0 secs / 0.38 secs)
LOG: 'Γ£à [History] Data pipeline complete, transactions count:', 0
[1A[2KChrome 149.0.0.0 (Windows 10): Executed 55 of 170[31m (1 FAILED)[39m (0 secs / 0.385 secs)
[1A[2KLOG: [36m'[AccountSetup] ngOnInit: Checking user session...'[39m
Chrome 149.0.0.0 (Windows 10): Executed 55 of 170[31m (1 FAILED)[39m (0 secs / 0.385 secs)
LOG: '[AccountSetup] ngOnInit: Checking user session...'
[1A[2KLOG: [36m'[AccountSetup] ngOnInit: Current user:', Object{name: 'Alice', email: 'alice@company.com'}[39m
Chrome 149.0.0.0 (Windows 10): Executed 55 of 170[31m (1 FAILED)[39m (0 secs / 0.385 secs)
LOG: '[AccountSetup] ngOnInit: Current user:', Object{name: 'Alice', email: 'alice@company.com'}
[1A[2KLOG: [36m'[AccountSetup] ngOnInit: Querying bank details for user:', 'Alice'[39m
Chrome 149.0.0.0 (Windows 10): Executed 55 of 170[31m (1 FAILED)[39m (0 secs / 0.385 secs)
LOG: '[AccountSetup] ngOnInit: Querying bank details for user:', 'Alice'
[1A[2KLOG: [36m'[AccountSetup] ngOnInit: No existing bank details found. Staying on page. Error details:', Error: Not found
Error: Not found
    at errorFactory (http://localhost:9876/_karma_webpack_/webpack:/src/app/account-setup/account-setup.component.spec.ts:34:62)
    at Observable._subscribe (http://localhost:9876/_karma_webpack_/webpack:/node_modules/rxjs/dist/esm/internal/observable/throwError.js:5:51)
    at Observable._trySubscribe (http://localhost:9876/_karma_webpack_/webpack:/node_modules/rxjs/dist/esm/internal/Observable.js:37:25)
    at cb (http://localhost:9876/_karma_webpack_/webpack:/node_modules/rxjs/dist/esm/internal/Observable.js:31:30)
    at errorContext (http://localhost:9876/_karma_webpack_/webpack:/node_modules/rxjs/dist/esm/internal/util/errorContext.js:19:9)
    at Observable.subscribe (http://localhost:9876/_karma_webpack_/webpack:/node_modules/rxjs/dist/esm/internal/Observable.js:22:21)
    at AccountSetupComponent.call [as ngOnInit] (http://localhost:9876/_karma_webpack_/webpack:/src/app/account-setup/account-setup.component.ts:87:44)
    at callHookInternal (http://localhost:9876/_karma_webpack_/webpack:/node_modules/@angular/core/fesm2022/_debug_node-chunk.mjs:555:10)
    at callHook (http://localhost:9876/_karma_webpack_/webpack:/node_modules/@angular/core/fesm2022/_debug_node-chunk.mjs:570:7)
    at callHooks (http://localhost:9876/_karma_webpack_/webpack:/node_modules/@angular/core/fesm2022/_debug_node-chunk.mjs:544:9)[39m
Chrome 149.0.0.0 (Windows 10): Executed 55 of 170[31m (1 FAILED)[39m (0 secs / 0.385 secs)
LOG: '[AccountSetup] ngOnInit: No existing bank details found. Staying on page. Error details:', Error: Not found
Error: Not found
    at errorFactory (http://localhost:9876/_karma_webpack_/webpack:/src/app/account-setup/account-setup.component.spec.ts:34:62)
    at Observable._subscribe (http://localhost:9876/_karma_webpack_/webpack:/node_modules/rxjs/dist/esm/internal/observable/throwError.js:5:51)
    at Observable._trySubscribe (http://localhost:9876/_karma_webpack_/webpack:/node_modules/rxjs/dist/esm/internal/Observable.js:37:25)
    at cb (http://localhost:9876/_karma_webpack_/webpack:/node_modules/rxjs/dist/esm/internal/Observable.js:31:30)
    at errorContext (http://localhost:9876/_karma_webpack_/webpack:/node_modules/rxjs/dist/esm/internal/util/errorContext.js:19:9)
    at Observable.subscribe (http://localhost:9876/_karma_webpack_/webpack:/node_modules/rxjs/dist/esm/internal/Observable.js:22:21)
    at AccountSetupComponent.call [as ngOnInit] (http://localhost:9876/_karma_webpack_/webpack:/src/app/account-setup/account-setup.component.ts:87:44)
    at callHookInternal (http://localhost:9876/_karma_webpack_/webpack:/node_modules/@angular/core/fesm2022/_debug_node-chunk.mjs:555:10)
    at callHook (http://localhost:9876/_karma_webpack_/webpack:/node_modules/@angular/core/fesm2022/_debug_node-chunk.mjs:570:7)
    at callHooks (http://localhost:9876/_karma_webpack_/webpack:/node_modules/@angular/core/fesm2022/_debug_node-chunk.mjs:544:9)
[1A[2KChrome 149.0.0.0 (Windows 10): Executed 56 of 170[31m (1 FAILED)[39m (0 secs / 0.411 secs)
[1A[2KLOG: [36m'[AccountSetup] ngOnInit: Checking user session...'[39m
Chrome 149.0.0.0 (Windows 10): Executed 56 of 170[31m (1 FAILED)[39m (0 secs / 0.411 secs)
LOG: '[AccountSetup] ngOnInit: Checking user session...'
[1A[2KLOG: [36m'[AccountSetup] ngOnInit: Current user:', Object{name: 'Alice', email: 'alice@company.com'}[39m
Chrome 149.0.0.0 (Windows 10): Executed 56 of 170[31m (1 FAILED)[39m (0 secs / 0.411 secs)
LOG: '[AccountSetup] ngOnInit: Current user:', Object{name: 'Alice', email: 'alice@company.com'}
[1A[2KLOG: [36m'[AccountSetup] ngOnInit: Querying bank details for user:', 'Alice'[39m
Chrome 149.0.0.0 (Windows 10): Executed 56 of 170[31m (1 FAILED)[39m (0 secs / 0.411 secs)
LOG: '[AccountSetup] ngOnInit: Querying bank details for user:', 'Alice'
[1A[2KLOG: [36m'[AccountSetup] ngOnInit: No existing bank details found. Staying on page. Error details:', Error: Not found
Error: Not found
    at errorFactory (http://localhost:9876/_karma_webpack_/webpack:/src/app/account-setup/account-setup.component.spec.ts:34:62)
    at Observable._subscribe (http://localhost:9876/_karma_webpack_/webpack:/node_modules/rxjs/dist/esm/internal/observable/throwError.js:5:51)
    at Observable._trySubscribe (http://localhost:9876/_karma_webpack_/webpack:/node_modules/rxjs/dist/esm/internal/Observable.js:37:25)
    at cb (http://localhost:9876/_karma_webpack_/webpack:/node_modules/rxjs/dist/esm/internal/Observable.js:31:30)
    at errorContext (http://localhost:9876/_karma_webpack_/webpack:/node_modules/rxjs/dist/esm/internal/util/errorContext.js:19:9)
    at Observable.subscribe (http://localhost:9876/_karma_webpack_/webpack:/node_modules/rxjs/dist/esm/internal/Observable.js:22:21)
    at AccountSetupComponent.call [as ngOnInit] (http://localhost:9876/_karma_webpack_/webpack:/src/app/account-setup/account-setup.component.ts:87:44)
    at callHookInternal (http://localhost:9876/_karma_webpack_/webpack:/node_modules/@angular/core/fesm2022/_debug_node-chunk.mjs:555:10)
    at callHook (http://localhost:9876/_karma_webpack_/webpack:/node_modules/@angular/core/fesm2022/_debug_node-chunk.mjs:570:7)
    at callHooks (http://localhost:9876/_karma_webpack_/webpack:/node_modules/@angular/core/fesm2022/_debug_node-chunk.mjs:544:9)[39m
Chrome 149.0.0.0 (Windows 10): Executed 56 of 170[31m (1 FAILED)[39m (0 secs / 0.411 secs)
LOG: '[AccountSetup] ngOnInit: No existing bank details found. Staying on page. Error details:', Error: Not found
Error: Not found
    at errorFactory (http://localhost:9876/_karma_webpack_/webpack:/src/app/account-setup/account-setup.component.spec.ts:34:62)
    at Observable._subscribe (http://localhost:9876/_karma_webpack_/webpack:/node_modules/rxjs/dist/esm/internal/observable/throwError.js:5:51)
    at Observable._trySubscribe (http://localhost:9876/_karma_webpack_/webpack:/node_modules/rxjs/dist/esm/internal/Observable.js:37:25)
    at cb (http://localhost:9876/_karma_webpack_/webpack:/node_modules/rxjs/dist/esm/internal/Observable.js:31:30)
    at errorContext (http://localhost:9876/_karma_webpack_/webpack:/node_modules/rxjs/dist/esm/internal/util/errorContext.js:19:9)
    at Observable.subscribe (http://localhost:9876/_karma_webpack_/webpack:/node_modules/rxjs/dist/esm/internal/Observable.js:22:21)
    at AccountSetupComponent.call [as ngOnInit] (http://localhost:9876/_karma_webpack_/webpack:/src/app/account-setup/account-setup.component.ts:87:44)
    at callHookInternal (http://localhost:9876/_karma_webpack_/webpack:/node_modules/@angular/core/fesm2022/_debug_node-chunk.mjs:555:10)
    at callHook (http://localhost:9876/_karma_webpack_/webpack:/node_modules/@angular/core/fesm2022/_debug_node-chunk.mjs:570:7)
    at callHooks (http://localhost:9876/_karma_webpack_/webpack:/node_modules/@angular/core/fesm2022/_debug_node-chunk.mjs:544:9)
[1A[2KChrome 149.0.0.0 (Windows 10): Executed 57 of 170[31m (1 FAILED)[39m (0 secs / 0.419 secs)
[1A[2KLOG: [36m'[AccountSetup] ngOnInit: Checking user session...'[39m
Chrome 149.0.0.0 (Windows 10): Executed 57 of 170[31m (1 FAILED)[39m (0 secs / 0.419 secs)
LOG: '[AccountSetup] ngOnInit: Checking user session...'
[1A[2KLOG: [36m'[AccountSetup] ngOnInit: Current user:', Object{name: 'Alice', email: 'alice@company.com'}[39m
Chrome 149.0.0.0 (Windows 10): Executed 57 of 170[31m (1 FAILED)[39m (0 secs / 0.419 secs)
LOG: '[AccountSetup] ngOnInit: Current user:', Object{name: 'Alice', email: 'alice@company.com'}
[1A[2KLOG: [36m'[AccountSetup] ngOnInit: Querying bank details for user:', 'Alice'[39m
Chrome 149.0.0.0 (Windows 10): Executed 57 of 170[31m (1 FAILED)[39m (0 secs / 0.419 secs)
LOG: '[AccountSetup] ngOnInit: Querying bank details for user:', 'Alice'
[1A[2KLOG: [36m'[AccountSetup] ngOnInit: No existing bank details found. Staying on page. Error details:', Error: Not found
Error: Not found
    at errorFactory (http://localhost:9876/_karma_webpack_/webpack:/src/app/account-setup/account-setup.component.spec.ts:34:62)
    at Observable._subscribe (http://localhost:9876/_karma_webpack_/webpack:/node_modules/rxjs/dist/esm/internal/observable/throwError.js:5:51)
    at Observable._trySubscribe (http://localhost:9876/_karma_webpack_/webpack:/node_modules/rxjs/dist/esm/internal/Observable.js:37:25)
    at cb (http://localhost:9876/_karma_webpack_/webpack:/node_modules/rxjs/dist/esm/internal/Observable.js:31:30)
    at errorContext (http://localhost:9876/_karma_webpack_/webpack:/node_modules/rxjs/dist/esm/internal/util/errorContext.js:19:9)
    at Observable.subscribe (http://localhost:9876/_karma_webpack_/webpack:/node_modules/rxjs/dist/esm/internal/Observable.js:22:21)
    at AccountSetupComponent.call [as ngOnInit] (http://localhost:9876/_karma_webpack_/webpack:/src/app/account-setup/account-setup.component.ts:87:44)
    at callHookInternal (http://localhost:9876/_karma_webpack_/webpack:/node_modules/@angular/core/fesm2022/_debug_node-chunk.mjs:555:10)
    at callHook (http://localhost:9876/_karma_webpack_/webpack:/node_modules/@angular/core/fesm2022/_debug_node-chunk.mjs:570:7)
    at callHooks (http://localhost:9876/_karma_webpack_/webpack:/node_modules/@angular/core/fesm2022/_debug_node-chunk.mjs:544:9)[39m
Chrome 149.0.0.0 (Windows 10): Executed 57 of 170[31m (1 FAILED)[39m (0 secs / 0.419 secs)
LOG: '[AccountSetup] ngOnInit: No existing bank details found. Staying on page. Error details:', Error: Not found
Error: Not found
    at errorFactory (http://localhost:9876/_karma_webpack_/webpack:/src/app/account-setup/account-setup.component.spec.ts:34:62)
    at Observable._subscribe (http://localhost:9876/_karma_webpack_/webpack:/node_modules/rxjs/dist/esm/internal/observable/throwError.js:5:51)
    at Observable._trySubscribe (http://localhost:9876/_karma_webpack_/webpack:/node_modules/rxjs/dist/esm/internal/Observable.js:37:25)
    at cb (http://localhost:9876/_karma_webpack_/webpack:/node_modules/rxjs/dist/esm/internal/Observable.js:31:30)
    at errorContext (http://localhost:9876/_karma_webpack_/webpack:/node_modules/rxjs/dist/esm/internal/util/errorContext.js:19:9)
    at Observable.subscribe (http://localhost:9876/_karma_webpack_/webpack:/node_modules/rxjs/dist/esm/internal/Observable.js:22:21)
    at AccountSetupComponent.call [as ngOnInit] (http://localhost:9876/_karma_webpack_/webpack:/src/app/account-setup/account-setup.component.ts:87:44)
    at callHookInternal (http://localhost:9876/_karma_webpack_/webpack:/node_modules/@angular/core/fesm2022/_debug_node-chunk.mjs:555:10)
    at callHook (http://localhost:9876/_karma_webpack_/webpack:/node_modules/@angular/core/fesm2022/_debug_node-chunk.mjs:570:7)
    at callHooks (http://localhost:9876/_karma_webpack_/webpack:/node_modules/@angular/core/fesm2022/_debug_node-chunk.mjs:544:9)
[1A[2KChrome 149.0.0.0 (Windows 10): Executed 58 of 170[31m (1 FAILED)[39m (0 secs / 0.429 secs)
[1A[2KLOG: [36m'[AccountSetup] ngOnInit: Checking user session...'[39m
Chrome 149.0.0.0 (Windows 10): Executed 58 of 170[31m (1 FAILED)[39m (0 secs / 0.429 secs)
LOG: '[AccountSetup] ngOnInit: Checking user session...'
[1A[2KLOG: [36m'[AccountSetup] ngOnInit: Current user:', Object{name: 'Alice', email: 'alice@company.com'}[39m
Chrome 149.0.0.0 (Windows 10): Executed 58 of 170[31m (1 FAILED)[39m (0 secs / 0.429 secs)
LOG: '[AccountSetup] ngOnInit: Current user:', Object{name: 'Alice', email: 'alice@company.com'}
[1A[2KLOG: [36m'[AccountSetup] ngOnInit: Querying bank details for user:', 'Alice'[39m
Chrome 149.0.0.0 (Windows 10): Executed 58 of 170[31m (1 FAILED)[39m (0 secs / 0.429 secs)
LOG: '[AccountSetup] ngOnInit: Querying bank details for user:', 'Alice'
[1A[2KLOG: [36m'[AccountSetup] ngOnInit: No existing bank details found. Staying on page. Error details:', Error: Not found
Error: Not found
    at errorFactory (http://localhost:9876/_karma_webpack_/webpack:/src/app/account-setup/account-setup.component.spec.ts:34:62)
    at Observable._subscribe (http://localhost:9876/_karma_webpack_/webpack:/node_modules/rxjs/dist/esm/internal/observable/throwError.js:5:51)
    at Observable._trySubscribe (http://localhost:9876/_karma_webpack_/webpack:/node_modules/rxjs/dist/esm/internal/Observable.js:37:25)
    at cb (http://localhost:9876/_karma_webpack_/webpack:/node_modules/rxjs/dist/esm/internal/Observable.js:31:30)
    at errorContext (http://localhost:9876/_karma_webpack_/webpack:/node_modules/rxjs/dist/esm/internal/util/errorContext.js:19:9)
    at Observable.subscribe (http://localhost:9876/_karma_webpack_/webpack:/node_modules/rxjs/dist/esm/internal/Observable.js:22:21)
    at AccountSetupComponent.call [as ngOnInit] (http://localhost:9876/_karma_webpack_/webpack:/src/app/account-setup/account-setup.component.ts:87:44)
    at callHookInternal (http://localhost:9876/_karma_webpack_/webpack:/node_modules/@angular/core/fesm2022/_debug_node-chunk.mjs:555:10)
    at callHook (http://localhost:9876/_karma_webpack_/webpack:/node_modules/@angular/core/fesm2022/_debug_node-chunk.mjs:570:7)
    at callHooks (http://localhost:9876/_karma_webpack_/webpack:/node_modules/@angular/core/fesm2022/_debug_node-chunk.mjs:544:9)[39m
Chrome 149.0.0.0 (Windows 10): Executed 58 of 170[31m (1 FAILED)[39m (0 secs / 0.429 secs)
LOG: '[AccountSetup] ngOnInit: No existing bank details found. Staying on page. Error details:', Error: Not found
Error: Not found
    at errorFactory (http://localhost:9876/_karma_webpack_/webpack:/src/app/account-setup/account-setup.component.spec.ts:34:62)
    at Observable._subscribe (http://localhost:9876/_karma_webpack_/webpack:/node_modules/rxjs/dist/esm/internal/observable/throwError.js:5:51)
    at Observable._trySubscribe (http://localhost:9876/_karma_webpack_/webpack:/node_modules/rxjs/dist/esm/internal/Observable.js:37:25)
    at cb (http://localhost:9876/_karma_webpack_/webpack:/node_modules/rxjs/dist/esm/internal/Observable.js:31:30)
    at errorContext (http://localhost:9876/_karma_webpack_/webpack:/node_modules/rxjs/dist/esm/internal/util/errorContext.js:19:9)
    at Observable.subscribe (http://localhost:9876/_karma_webpack_/webpack:/node_modules/rxjs/dist/esm/internal/Observable.js:22:21)
    at AccountSetupComponent.call [as ngOnInit] (http://localhost:9876/_karma_webpack_/webpack:/src/app/account-setup/account-setup.component.ts:87:44)
    at callHookInternal (http://localhost:9876/_karma_webpack_/webpack:/node_modules/@angular/core/fesm2022/_debug_node-chunk.mjs:555:10)
    at callHook (http://localhost:9876/_karma_webpack_/webpack:/node_modules/@angular/core/fesm2022/_debug_node-chunk.mjs:570:7)
    at callHooks (http://localhost:9876/_karma_webpack_/webpack:/node_modules/@angular/core/fesm2022/_debug_node-chunk.mjs:544:9)
[1A[2KChrome 149.0.0.0 (Windows 10): Executed 59 of 170[31m (1 FAILED)[39m (0 secs / 0.437 secs)
[1A[2KLOG: [36m'[AccountSetup] ngOnInit: Checking user session...'[39m
Chrome 149.0.0.0 (Windows 10): Executed 59 of 170[31m (1 FAILED)[39m (0 secs / 0.437 secs)
LOG: '[AccountSetup] ngOnInit: Checking user session...'
[1A[2KLOG: [36m'[AccountSetup] ngOnInit: Current user:', Object{name: 'Alice', email: 'alice@company.com'}[39m
Chrome 149.0.0.0 (Windows 10): Executed 59 of 170[31m (1 FAILED)[39m (0 secs / 0.437 secs)
LOG: '[AccountSetup] ngOnInit: Current user:', Object{name: 'Alice', email: 'alice@company.com'}
[1A[2KLOG: [36m'[AccountSetup] ngOnInit: Querying bank details for user:', 'Alice'[39m
Chrome 149.0.0.0 (Windows 10): Executed 59 of 170[31m (1 FAILED)[39m (0 secs / 0.437 secs)
LOG: '[AccountSetup] ngOnInit: Querying bank details for user:', 'Alice'
[1A[2KLOG: [36m'[AccountSetup] ngOnInit: No existing bank details found. Staying on page. Error details:', Error: Not found
Error: Not found
    at errorFactory (http://localhost:9876/_karma_webpack_/webpack:/src/app/account-setup/account-setup.component.spec.ts:34:62)
    at Observable._subscribe (http://localhost:9876/_karma_webpack_/webpack:/node_modules/rxjs/dist/esm/internal/observable/throwError.js:5:51)
    at Observable._trySubscribe (http://localhost:9876/_karma_webpack_/webpack:/node_modules/rxjs/dist/esm/internal/Observable.js:37:25)
    at cb (http://localhost:9876/_karma_webpack_/webpack:/node_modules/rxjs/dist/esm/internal/Observable.js:31:30)
    at errorContext (http://localhost:9876/_karma_webpack_/webpack:/node_modules/rxjs/dist/esm/internal/util/errorContext.js:19:9)
    at Observable.subscribe (http://localhost:9876/_karma_webpack_/webpack:/node_modules/rxjs/dist/esm/internal/Observable.js:22:21)
    at AccountSetupComponent.call [as ngOnInit] (http://localhost:9876/_karma_webpack_/webpack:/src/app/account-setup/account-setup.component.ts:87:44)
    at callHookInternal (http://localhost:9876/_karma_webpack_/webpack:/node_modules/@angular/core/fesm2022/_debug_node-chunk.mjs:555:10)
    at callHook (http://localhost:9876/_karma_webpack_/webpack:/node_modules/@angular/core/fesm2022/_debug_node-chunk.mjs:570:7)
    at callHooks (http://localhost:9876/_karma_webpack_/webpack:/node_modules/@angular/core/fesm2022/_debug_node-chunk.mjs:544:9)[39m
Chrome 149.0.0.0 (Windows 10): Executed 59 of 170[31m (1 FAILED)[39m (0 secs / 0.437 secs)
LOG: '[AccountSetup] ngOnInit: No existing bank details found. Staying on page. Error details:', Error: Not found
Error: Not found
    at errorFactory (http://localhost:9876/_karma_webpack_/webpack:/src/app/account-setup/account-setup.component.spec.ts:34:62)
    at Observable._subscribe (http://localhost:9876/_karma_webpack_/webpack:/node_modules/rxjs/dist/esm/internal/observable/throwError.js:5:51)
    at Observable._trySubscribe (http://localhost:9876/_karma_webpack_/webpack:/node_modules/rxjs/dist/esm/internal/Observable.js:37:25)
    at cb (http://localhost:9876/_karma_webpack_/webpack:/node_modules/rxjs/dist/esm/internal/Observable.js:31:30)
    at errorContext (http://localhost:9876/_karma_webpack_/webpack:/node_modules/rxjs/dist/esm/internal/util/errorContext.js:19:9)
    at Observable.subscribe (http://localhost:9876/_karma_webpack_/webpack:/node_modules/rxjs/dist/esm/internal/Observable.js:22:21)
    at AccountSetupComponent.call [as ngOnInit] (http://localhost:9876/_karma_webpack_/webpack:/src/app/account-setup/account-setup.component.ts:87:44)
    at callHookInternal (http://localhost:9876/_karma_webpack_/webpack:/node_modules/@angular/core/fesm2022/_debug_node-chunk.mjs:555:10)
    at callHook (http://localhost:9876/_karma_webpack_/webpack:/node_modules/@angular/core/fesm2022/_debug_node-chunk.mjs:570:7)
    at callHooks (http://localhost:9876/_karma_webpack_/webpack:/node_modules/@angular/core/fesm2022/_debug_node-chunk.mjs:544:9)
[1A[2KChrome 149.0.0.0 (Windows 10): Executed 60 of 170[31m (1 FAILED)[39m (0 secs / 0.445 secs)
[1A[2KLOG: [36m'[AccountSetup] ngOnInit: Checking user session...'[39m
Chrome 149.0.0.0 (Windows 10): Executed 60 of 170[31m (1 FAILED)[39m (0 secs / 0.445 secs)
LOG: '[AccountSetup] ngOnInit: Checking user session...'
[1A[2KLOG: [36m'[AccountSetup] ngOnInit: Current user:', Object{name: 'Alice', email: 'alice@company.com'}[39m
Chrome 149.0.0.0 (Windows 10): Executed 60 of 170[31m (1 FAILED)[39m (0 secs / 0.445 secs)
LOG: '[AccountSetup] ngOnInit: Current user:', Object{name: 'Alice', email: 'alice@company.com'}
[1A[2KLOG: [36m'[AccountSetup] ngOnInit: Querying bank details for user:', 'Alice'[39m
Chrome 149.0.0.0 (Windows 10): Executed 60 of 170[31m (1 FAILED)[39m (0 secs / 0.445 secs)
LOG: '[AccountSetup] ngOnInit: Querying bank details for user:', 'Alice'
[1A[2KLOG: [36m'[AccountSetup] ngOnInit: No existing bank details found. Staying on page. Error details:', Error: Not found
Error: Not found
    at errorFactory (http://localhost:9876/_karma_webpack_/webpack:/src/app/account-setup/account-setup.component.spec.ts:34:62)
    at Observable._subscribe (http://localhost:9876/_karma_webpack_/webpack:/node_modules/rxjs/dist/esm/internal/observable/throwError.js:5:51)
    at Observable._trySubscribe (http://localhost:9876/_karma_webpack_/webpack:/node_modules/rxjs/dist/esm/internal/Observable.js:37:25)
    at cb (http://localhost:9876/_karma_webpack_/webpack:/node_modules/rxjs/dist/esm/internal/Observable.js:31:30)
    at errorContext (http://localhost:9876/_karma_webpack_/webpack:/node_modules/rxjs/dist/esm/internal/util/errorContext.js:19:9)
    at Observable.subscribe (http://localhost:9876/_karma_webpack_/webpack:/node_modules/rxjs/dist/esm/internal/Observable.js:22:21)
    at AccountSetupComponent.call [as ngOnInit] (http://localhost:9876/_karma_webpack_/webpack:/src/app/account-setup/account-setup.component.ts:87:44)
    at callHookInternal (http://localhost:9876/_karma_webpack_/webpack:/node_modules/@angular/core/fesm2022/_debug_node-chunk.mjs:555:10)
    at callHook (http://localhost:9876/_karma_webpack_/webpack:/node_modules/@angular/core/fesm2022/_debug_node-chunk.mjs:570:7)
    at callHooks (http://localhost:9876/_karma_webpack_/webpack:/node_modules/@angular/core/fesm2022/_debug_node-chunk.mjs:544:9)[39m
Chrome 149.0.0.0 (Windows 10): Executed 60 of 170[31m (1 FAILED)[39m (0 secs / 0.445 secs)
LOG: '[AccountSetup] ngOnInit: No existing bank details found. Staying on page. Error details:', Error: Not found
Error: Not found
    at errorFactory (http://localhost:9876/_karma_webpack_/webpack:/src/app/account-setup/account-setup.component.spec.ts:34:62)
    at Observable._subscribe (http://localhost:9876/_karma_webpack_/webpack:/node_modules/rxjs/dist/esm/internal/observable/throwError.js:5:51)
    at Observable._trySubscribe (http://localhost:9876/_karma_webpack_/webpack:/node_modules/rxjs/dist/esm/internal/Observable.js:37:25)
    at cb (http://localhost:9876/_karma_webpack_/webpack:/node_modules/rxjs/dist/esm/internal/Observable.js:31:30)
    at errorContext (http://localhost:9876/_karma_webpack_/webpack:/node_modules/rxjs/dist/esm/internal/util/errorContext.js:19:9)
    at Observable.subscribe (http://localhost:9876/_karma_webpack_/webpack:/node_modules/rxjs/dist/esm/internal/Observable.js:22:21)
    at AccountSetupComponent.call [as ngOnInit] (http://localhost:9876/_karma_webpack_/webpack:/src/app/account-setup/account-setup.component.ts:87:44)
    at callHookInternal (http://localhost:9876/_karma_webpack_/webpack:/node_modules/@angular/core/fesm2022/_debug_node-chunk.mjs:555:10)
    at callHook (http://localhost:9876/_karma_webpack_/webpack:/node_modules/@angular/core/fesm2022/_debug_node-chunk.mjs:570:7)
    at callHooks (http://localhost:9876/_karma_webpack_/webpack:/node_modules/@angular/core/fesm2022/_debug_node-chunk.mjs:544:9)
[1A[2KChrome 149.0.0.0 (Windows 10): Executed 61 of 170[31m (1 FAILED)[39m (0 secs / 0.453 secs)
[1A[2KLOG: [36m'[AccountSetup] ngOnInit: Checking user session...'[39m
Chrome 149.0.0.0 (Windows 10): Executed 61 of 170[31m (1 FAILED)[39m (0 secs / 0.453 secs)
LOG: '[AccountSetup] ngOnInit: Checking user session...'
[1A[2KLOG: [36m'[AccountSetup] ngOnInit: Current user:', Object{name: 'Alice', email: 'alice@company.com'}[39m
Chrome 149.0.0.0 (Windows 10): Executed 61 of 170[31m (1 FAILED)[39m (0 secs / 0.453 secs)
LOG: '[AccountSetup] ngOnInit: Current user:', Object{name: 'Alice', email: 'alice@company.com'}
[1A[2KLOG: [36m'[AccountSetup] ngOnInit: Querying bank details for user:', 'Alice'[39m
Chrome 149.0.0.0 (Windows 10): Executed 61 of 170[31m (1 FAILED)[39m (0 secs / 0.453 secs)
LOG: '[AccountSetup] ngOnInit: Querying bank details for user:', 'Alice'
[1A[2KLOG: [36m'[AccountSetup] ngOnInit: No existing bank details found. Staying on page. Error details:', Error: Not found
Error: Not found
    at errorFactory (http://localhost:9876/_karma_webpack_/webpack:/src/app/account-setup/account-setup.component.spec.ts:34:62)
    at Observable._subscribe (http://localhost:9876/_karma_webpack_/webpack:/node_modules/rxjs/dist/esm/internal/observable/throwError.js:5:51)
    at Observable._trySubscribe (http://localhost:9876/_karma_webpack_/webpack:/node_modules/rxjs/dist/esm/internal/Observable.js:37:25)
    at cb (http://localhost:9876/_karma_webpack_/webpack:/node_modules/rxjs/dist/esm/internal/Observable.js:31:30)
    at errorContext (http://localhost:9876/_karma_webpack_/webpack:/node_modules/rxjs/dist/esm/internal/util/errorContext.js:19:9)
    at Observable.subscribe (http://localhost:9876/_karma_webpack_/webpack:/node_modules/rxjs/dist/esm/internal/Observable.js:22:21)
    at AccountSetupComponent.call [as ngOnInit] (http://localhost:9876/_karma_webpack_/webpack:/src/app/account-setup/account-setup.component.ts:87:44)
    at callHookInternal (http://localhost:9876/_karma_webpack_/webpack:/node_modules/@angular/core/fesm2022/_debug_node-chunk.mjs:555:10)
    at callHook (http://localhost:9876/_karma_webpack_/webpack:/node_modules/@angular/core/fesm2022/_debug_node-chunk.mjs:570:7)
    at callHooks (http://localhost:9876/_karma_webpack_/webpack:/node_modules/@angular/core/fesm2022/_debug_node-chunk.mjs:544:9)[39m
Chrome 149.0.0.0 (Windows 10): Executed 61 of 170[31m (1 FAILED)[39m (0 secs / 0.453 secs)
LOG: '[AccountSetup] ngOnInit: No existing bank details found. Staying on page. Error details:', Error: Not found
Error: Not found
    at errorFactory (http://localhost:9876/_karma_webpack_/webpack:/src/app/account-setup/account-setup.component.spec.ts:34:62)
    at Observable._subscribe (http://localhost:9876/_karma_webpack_/webpack:/node_modules/rxjs/dist/esm/internal/observable/throwError.js:5:51)
    at Observable._trySubscribe (http://localhost:9876/_karma_webpack_/webpack:/node_modules/rxjs/dist/esm/internal/Observable.js:37:25)
    at cb (http://localhost:9876/_karma_webpack_/webpack:/node_modules/rxjs/dist/esm/internal/Observable.js:31:30)
    at errorContext (http://localhost:9876/_karma_webpack_/webpack:/node_modules/rxjs/dist/esm/internal/util/errorContext.js:19:9)
    at Observable.subscribe (http://localhost:9876/_karma_webpack_/webpack:/node_modules/rxjs/dist/esm/internal/Observable.js:22:21)
    at AccountSetupComponent.call [as ngOnInit] (http://localhost:9876/_karma_webpack_/webpack:/src/app/account-setup/account-setup.component.ts:87:44)
    at callHookInternal (http://localhost:9876/_karma_webpack_/webpack:/node_modules/@angular/core/fesm2022/_debug_node-chunk.mjs:555:10)
    at callHook (http://localhost:9876/_karma_webpack_/webpack:/node_modules/@angular/core/fesm2022/_debug_node-chunk.mjs:570:7)
    at callHooks (http://localhost:9876/_karma_webpack_/webpack:/node_modules/@angular/core/fesm2022/_debug_node-chunk.mjs:544:9)
[1A[2KChrome 149.0.0.0 (Windows 10): Executed 62 of 170[31m (1 FAILED)[39m (0 secs / 0.46 secs)
[1A[2KLOG: [36m'[AccountSetup] ngOnInit: Checking user session...'[39m
Chrome 149.0.0.0 (Windows 10): Executed 62 of 170[31m (1 FAILED)[39m (0 secs / 0.46 secs)
LOG: '[AccountSetup] ngOnInit: Checking user session...'
[1A[2KLOG: [36m'[AccountSetup] ngOnInit: Current user:', Object{name: 'Alice', email: 'alice@company.com'}[39m
Chrome 149.0.0.0 (Windows 10): Executed 62 of 170[31m (1 FAILED)[39m (0 secs / 0.46 secs)
LOG: '[AccountSetup] ngOnInit: Current user:', Object{name: 'Alice', email: 'alice@company.com'}
[1A[2KLOG: [36m'[AccountSetup] ngOnInit: Querying bank details for user:', 'Alice'[39m
Chrome 149.0.0.0 (Windows 10): Executed 62 of 170[31m (1 FAILED)[39m (0 secs / 0.46 secs)
LOG: '[AccountSetup] ngOnInit: Querying bank details for user:', 'Alice'
[1A[2KLOG: [36m'[AccountSetup] ngOnInit: No existing bank details found. Staying on page. Error details:', Error: Not found
Error: Not found
    at errorFactory (http://localhost:9876/_karma_webpack_/webpack:/src/app/account-setup/account-setup.component.spec.ts:34:62)
    at Observable._subscribe (http://localhost:9876/_karma_webpack_/webpack:/node_modules/rxjs/dist/esm/internal/observable/throwError.js:5:51)
    at Observable._trySubscribe (http://localhost:9876/_karma_webpack_/webpack:/node_modules/rxjs/dist/esm/internal/Observable.js:37:25)
    at cb (http://localhost:9876/_karma_webpack_/webpack:/node_modules/rxjs/dist/esm/internal/Observable.js:31:30)
    at errorContext (http://localhost:9876/_karma_webpack_/webpack:/node_modules/rxjs/dist/esm/internal/util/errorContext.js:19:9)
    at Observable.subscribe (http://localhost:9876/_karma_webpack_/webpack:/node_modules/rxjs/dist/esm/internal/Observable.js:22:21)
    at AccountSetupComponent.call [as ngOnInit] (http://localhost:9876/_karma_webpack_/webpack:/src/app/account-setup/account-setup.component.ts:87:44)
    at callHookInternal (http://localhost:9876/_karma_webpack_/webpack:/node_modules/@angular/core/fesm2022/_debug_node-chunk.mjs:555:10)
    at callHook (http://localhost:9876/_karma_webpack_/webpack:/node_modules/@angular/core/fesm2022/_debug_node-chunk.mjs:570:7)
    at callHooks (http://localhost:9876/_karma_webpack_/webpack:/node_modules/@angular/core/fesm2022/_debug_node-chunk.mjs:544:9)[39m
Chrome 149.0.0.0 (Windows 10): Executed 62 of 170[31m (1 FAILED)[39m (0 secs / 0.46 secs)
LOG: '[AccountSetup] ngOnInit: No existing bank details found. Staying on page. Error details:', Error: Not found
Error: Not found
    at errorFactory (http://localhost:9876/_karma_webpack_/webpack:/src/app/account-setup/account-setup.component.spec.ts:34:62)
    at Observable._subscribe (http://localhost:9876/_karma_webpack_/webpack:/node_modules/rxjs/dist/esm/internal/observable/throwError.js:5:51)
    at Observable._trySubscribe (http://localhost:9876/_karma_webpack_/webpack:/node_modules/rxjs/dist/esm/internal/Observable.js:37:25)
    at cb (http://localhost:9876/_karma_webpack_/webpack:/node_modules/rxjs/dist/esm/internal/Observable.js:31:30)
    at errorContext (http://localhost:9876/_karma_webpack_/webpack:/node_modules/rxjs/dist/esm/internal/util/errorContext.js:19:9)
    at Observable.subscribe (http://localhost:9876/_karma_webpack_/webpack:/node_modules/rxjs/dist/esm/internal/Observable.js:22:21)
    at AccountSetupComponent.call [as ngOnInit] (http://localhost:9876/_karma_webpack_/webpack:/src/app/account-setup/account-setup.component.ts:87:44)
    at callHookInternal (http://localhost:9876/_karma_webpack_/webpack:/node_modules/@angular/core/fesm2022/_debug_node-chunk.mjs:555:10)
    at callHook (http://localhost:9876/_karma_webpack_/webpack:/node_modules/@angular/core/fesm2022/_debug_node-chunk.mjs:570:7)
    at callHooks (http://localhost:9876/_karma_webpack_/webpack:/node_modules/@angular/core/fesm2022/_debug_node-chunk.mjs:544:9)
[1A[2KLOG: [36m'[AccountSetup] verifyOtp: Attempting to verify OTP for contact:', 'test@example.com', 'with OTP:', '1234'[39m
Chrome 149.0.0.0 (Windows 10): Executed 62 of 170[31m (1 FAILED)[39m (0 secs / 0.46 secs)
LOG: '[AccountSetup] verifyOtp: Attempting to verify OTP for contact:', 'test@example.com', 'with OTP:', '1234'
[1A[2KLOG: [36m'[AccountSetup] verifyOtp: Response received:', Object{verified: true}[39m
Chrome 149.0.0.0 (Windows 10): Executed 62 of 170[31m (1 FAILED)[39m (0 secs / 0.46 secs)
LOG: '[AccountSetup] verifyOtp: Response received:', Object{verified: true}
[1A[2KLOG: [36m'[AccountSetup] verifyOtp: Verification SUCCESS'[39m
Chrome 149.0.0.0 (Windows 10): Executed 62 of 170[31m (1 FAILED)[39m (0 secs / 0.46 secs)
LOG: '[AccountSetup] verifyOtp: Verification SUCCESS'
[1A[2KChrome 149.0.0.0 (Windows 10): Executed 63 of 170[31m (1 FAILED)[39m (0 secs / 0.468 secs)
[1A[2KLOG: [36m'[AccountSetup] ngOnInit: Checking user session...'[39m
Chrome 149.0.0.0 (Windows 10): Executed 63 of 170[31m (1 FAILED)[39m (0 secs / 0.468 secs)
LOG: '[AccountSetup] ngOnInit: Checking user session...'
[1A[2KLOG: [36m'[AccountSetup] ngOnInit: Current user:', Object{name: 'Alice', email: 'alice@company.com'}[39m
Chrome 149.0.0.0 (Windows 10): Executed 63 of 170[31m (1 FAILED)[39m (0 secs / 0.468 secs)
LOG: '[AccountSetup] ngOnInit: Current user:', Object{name: 'Alice', email: 'alice@company.com'}
[1A[2KLOG: [36m'[AccountSetup] ngOnInit: Querying bank details for user:', 'Alice'[39m
Chrome 149.0.0.0 (Windows 10): Executed 63 of 170[31m (1 FAILED)[39m (0 secs / 0.468 secs)
LOG: '[AccountSetup] ngOnInit: Querying bank details for user:', 'Alice'
[1A[2KLOG: [36m'[AccountSetup] ngOnInit: No existing bank details found. Staying on page. Error details:', Error: Not found
Error: Not found
    at errorFactory (http://localhost:9876/_karma_webpack_/webpack:/src/app/account-setup/account-setup.component.spec.ts:34:62)
    at Observable._subscribe (http://localhost:9876/_karma_webpack_/webpack:/node_modules/rxjs/dist/esm/internal/observable/throwError.js:5:51)
    at Observable._trySubscribe (http://localhost:9876/_karma_webpack_/webpack:/node_modules/rxjs/dist/esm/internal/Observable.js:37:25)
    at cb (http://localhost:9876/_karma_webpack_/webpack:/node_modules/rxjs/dist/esm/internal/Observable.js:31:30)
    at errorContext (http://localhost:9876/_karma_webpack_/webpack:/node_modules/rxjs/dist/esm/internal/util/errorContext.js:19:9)
    at Observable.subscribe (http://localhost:9876/_karma_webpack_/webpack:/node_modules/rxjs/dist/esm/internal/Observable.js:22:21)
    at AccountSetupComponent.call [as ngOnInit] (http://localhost:9876/_karma_webpack_/webpack:/src/app/account-setup/account-setup.component.ts:87:44)
    at callHookInternal (http://localhost:9876/_karma_webpack_/webpack:/node_modules/@angular/core/fesm2022/_debug_node-chunk.mjs:555:10)
    at callHook (http://localhost:9876/_karma_webpack_/webpack:/node_modules/@angular/core/fesm2022/_debug_node-chunk.mjs:570:7)
    at callHooks (http://localhost:9876/_karma_webpack_/webpack:/node_modules/@angular/core/fesm2022/_debug_node-chunk.mjs:544:9)[39m
Chrome 149.0.0.0 (Windows 10): Executed 63 of 170[31m (1 FAILED)[39m (0 secs / 0.468 secs)
LOG: '[AccountSetup] ngOnInit: No existing bank details found. Staying on page. Error details:', Error: Not found
Error: Not found
    at errorFactory (http://localhost:9876/_karma_webpack_/webpack:/src/app/account-setup/account-setup.component.spec.ts:34:62)
    at Observable._subscribe (http://localhost:9876/_karma_webpack_/webpack:/node_modules/rxjs/dist/esm/internal/observable/throwError.js:5:51)
    at Observable._trySubscribe (http://localhost:9876/_karma_webpack_/webpack:/node_modules/rxjs/dist/esm/internal/Observable.js:37:25)
    at cb (http://localhost:9876/_karma_webpack_/webpack:/node_modules/rxjs/dist/esm/internal/Observable.js:31:30)
    at errorContext (http://localhost:9876/_karma_webpack_/webpack:/node_modules/rxjs/dist/esm/internal/util/errorContext.js:19:9)
    at Observable.subscribe (http://localhost:9876/_karma_webpack_/webpack:/node_modules/rxjs/dist/esm/internal/Observable.js:22:21)
    at AccountSetupComponent.call [as ngOnInit] (http://localhost:9876/_karma_webpack_/webpack:/src/app/account-setup/account-setup.component.ts:87:44)
    at callHookInternal (http://localhost:9876/_karma_webpack_/webpack:/node_modules/@angular/core/fesm2022/_debug_node-chunk.mjs:555:10)
    at callHook (http://localhost:9876/_karma_webpack_/webpack:/node_modules/@angular/core/fesm2022/_debug_node-chunk.mjs:570:7)
    at callHooks (http://localhost:9876/_karma_webpack_/webpack:/node_modules/@angular/core/fesm2022/_debug_node-chunk.mjs:544:9)
[1A[2KLOG: [36m'[AccountSetup] verifyOtp: Attempting to verify OTP for contact:', '', 'with OTP:', ''[39m
Chrome 149.0.0.0 (Windows 10): Executed 63 of 170[31m (1 FAILED)[39m (0 secs / 0.468 secs)
LOG: '[AccountSetup] verifyOtp: Attempting to verify OTP for contact:', '', 'with OTP:', ''
[1A[2KChrome 149.0.0.0 (Windows 10): Executed 64 of 170[31m (1 FAILED)[39m (0 secs / 0.476 secs)
[1A[2KLOG: [36m'[AccountSetup] ngOnInit: Checking user session...'[39m
Chrome 149.0.0.0 (Windows 10): Executed 64 of 170[31m (1 FAILED)[39m (0 secs / 0.476 secs)
LOG: '[AccountSetup] ngOnInit: Checking user session...'
[1A[2KLOG: [36m'[AccountSetup] ngOnInit: Current user:', Object{name: 'Alice', email: 'alice@company.com'}[39m
Chrome 149.0.0.0 (Windows 10): Executed 64 of 170[31m (1 FAILED)[39m (0 secs / 0.476 secs)
LOG: '[AccountSetup] ngOnInit: Current user:', Object{name: 'Alice', email: 'alice@company.com'}
[1A[2KLOG: [36m'[AccountSetup] ngOnInit: Querying bank details for user:', 'Alice'[39m
Chrome 149.0.0.0 (Windows 10): Executed 64 of 170[31m (1 FAILED)[39m (0 secs / 0.476 secs)
LOG: '[AccountSetup] ngOnInit: Querying bank details for user:', 'Alice'
[1A[2KLOG: [36m'[AccountSetup] ngOnInit: No existing bank details found. Staying on page. Error details:', Error: Not found
Error: Not found
    at errorFactory (http://localhost:9876/_karma_webpack_/webpack:/src/app/account-setup/account-setup.component.spec.ts:34:62)
    at Observable._subscribe (http://localhost:9876/_karma_webpack_/webpack:/node_modules/rxjs/dist/esm/internal/observable/throwError.js:5:51)
    at Observable._trySubscribe (http://localhost:9876/_karma_webpack_/webpack:/node_modules/rxjs/dist/esm/internal/Observable.js:37:25)
    at cb (http://localhost:9876/_karma_webpack_/webpack:/node_modules/rxjs/dist/esm/internal/Observable.js:31:30)
    at errorContext (http://localhost:9876/_karma_webpack_/webpack:/node_modules/rxjs/dist/esm/internal/util/errorContext.js:19:9)
    at Observable.subscribe (http://localhost:9876/_karma_webpack_/webpack:/node_modules/rxjs/dist/esm/internal/Observable.js:22:21)
    at AccountSetupComponent.call [as ngOnInit] (http://localhost:9876/_karma_webpack_/webpack:/src/app/account-setup/account-setup.component.ts:87:44)
    at callHookInternal (http://localhost:9876/_karma_webpack_/webpack:/node_modules/@angular/core/fesm2022/_debug_node-chunk.mjs:555:10)
    at callHook (http://localhost:9876/_karma_webpack_/webpack:/node_modules/@angular/core/fesm2022/_debug_node-chunk.mjs:570:7)
    at callHooks (http://localhost:9876/_karma_webpack_/webpack:/node_modules/@angular/core/fesm2022/_debug_node-chunk.mjs:544:9)[39m
Chrome 149.0.0.0 (Windows 10): Executed 64 of 170[31m (1 FAILED)[39m (0 secs / 0.476 secs)
LOG: '[AccountSetup] ngOnInit: No existing bank details found. Staying on page. Error details:', Error: Not found
Error: Not found
    at errorFactory (http://localhost:9876/_karma_webpack_/webpack:/src/app/account-setup/account-setup.component.spec.ts:34:62)
    at Observable._subscribe (http://localhost:9876/_karma_webpack_/webpack:/node_modules/rxjs/dist/esm/internal/observable/throwError.js:5:51)
    at Observable._trySubscribe (http://localhost:9876/_karma_webpack_/webpack:/node_modules/rxjs/dist/esm/internal/Observable.js:37:25)
    at cb (http://localhost:9876/_karma_webpack_/webpack:/node_modules/rxjs/dist/esm/internal/Observable.js:31:30)
    at errorContext (http://localhost:9876/_karma_webpack_/webpack:/node_modules/rxjs/dist/esm/internal/util/errorContext.js:19:9)
    at Observable.subscribe (http://localhost:9876/_karma_webpack_/webpack:/node_modules/rxjs/dist/esm/internal/Observable.js:22:21)
    at AccountSetupComponent.call [as ngOnInit] (http://localhost:9876/_karma_webpack_/webpack:/src/app/account-setup/account-setup.component.ts:87:44)
    at callHookInternal (http://localhost:9876/_karma_webpack_/webpack:/node_modules/@angular/core/fesm2022/_debug_node-chunk.mjs:555:10)
    at callHook (http://localhost:9876/_karma_webpack_/webpack:/node_modules/@angular/core/fesm2022/_debug_node-chunk.mjs:570:7)
    at callHooks (http://localhost:9876/_karma_webpack_/webpack:/node_modules/@angular/core/fesm2022/_debug_node-chunk.mjs:544:9)
[1A[2KChrome 149.0.0.0 (Windows 10): Executed 65 of 170[31m (1 FAILED)[39m (0 secs / 0.483 secs)
[1A[2KLOG: [36m'[AccountSetup] ngOnInit: Checking user session...'[39m
Chrome 149.0.0.0 (Windows 10): Executed 65 of 170[31m (1 FAILED)[39m (0 secs / 0.483 secs)
LOG: '[AccountSetup] ngOnInit: Checking user session...'
[1A[2KLOG: [36m'[AccountSetup] ngOnInit: Current user:', Object{name: 'Alice', email: 'alice@company.com'}[39m
Chrome 149.0.0.0 (Windows 10): Executed 65 of 170[31m (1 FAILED)[39m (0 secs / 0.483 secs)
LOG: '[AccountSetup] ngOnInit: Current user:', Object{name: 'Alice', email: 'alice@company.com'}
[1A[2KLOG: [36m'[AccountSetup] ngOnInit: Querying bank details for user:', 'Alice'[39m
Chrome 149.0.0.0 (Windows 10): Executed 65 of 170[31m (1 FAILED)[39m (0 secs / 0.483 secs)
LOG: '[AccountSetup] ngOnInit: Querying bank details for user:', 'Alice'
[1A[2KLOG: [36m'[AccountSetup] ngOnInit: No existing bank details found. Staying on page. Error details:', Error: Not found
Error: Not found
    at errorFactory (http://localhost:9876/_karma_webpack_/webpack:/src/app/account-setup/account-setup.component.spec.ts:34:62)
    at Observable._subscribe (http://localhost:9876/_karma_webpack_/webpack:/node_modules/rxjs/dist/esm/internal/observable/throwError.js:5:51)
    at Observable._trySubscribe (http://localhost:9876/_karma_webpack_/webpack:/node_modules/rxjs/dist/esm/internal/Observable.js:37:25)
    at cb (http://localhost:9876/_karma_webpack_/webpack:/node_modules/rxjs/dist/esm/internal/Observable.js:31:30)
    at errorContext (http://localhost:9876/_karma_webpack_/webpack:/node_modules/rxjs/dist/esm/internal/util/errorContext.js:19:9)
    at Observable.subscribe (http://localhost:9876/_karma_webpack_/webpack:/node_modules/rxjs/dist/esm/internal/Observable.js:22:21)
    at AccountSetupComponent.call [as ngOnInit] (http://localhost:9876/_karma_webpack_/webpack:/src/app/account-setup/account-setup.component.ts:87:44)
    at callHookInternal (http://localhost:9876/_karma_webpack_/webpack:/node_modules/@angular/core/fesm2022/_debug_node-chunk.mjs:555:10)
    at callHook (http://localhost:9876/_karma_webpack_/webpack:/node_modules/@angular/core/fesm2022/_debug_node-chunk.mjs:570:7)
    at callHooks (http://localhost:9876/_karma_webpack_/webpack:/node_modules/@angular/core/fesm2022/_debug_node-chunk.mjs:544:9)[39m
Chrome 149.0.0.0 (Windows 10): Executed 65 of 170[31m (1 FAILED)[39m (0 secs / 0.483 secs)
LOG: '[AccountSetup] ngOnInit: No existing bank details found. Staying on page. Error details:', Error: Not found
Error: Not found
    at errorFactory (http://localhost:9876/_karma_webpack_/webpack:/src/app/account-setup/account-setup.component.spec.ts:34:62)
    at Observable._subscribe (http://localhost:9876/_karma_webpack_/webpack:/node_modules/rxjs/dist/esm/internal/observable/throwError.js:5:51)
    at Observable._trySubscribe (http://localhost:9876/_karma_webpack_/webpack:/node_modules/rxjs/dist/esm/internal/Observable.js:37:25)
    at cb (http://localhost:9876/_karma_webpack_/webpack:/node_modules/rxjs/dist/esm/internal/Observable.js:31:30)
    at errorContext (http://localhost:9876/_karma_webpack_/webpack:/node_modules/rxjs/dist/esm/internal/util/errorContext.js:19:9)
    at Observable.subscribe (http://localhost:9876/_karma_webpack_/webpack:/node_modules/rxjs/dist/esm/internal/Observable.js:22:21)
    at AccountSetupComponent.call [as ngOnInit] (http://localhost:9876/_karma_webpack_/webpack:/src/app/account-setup/account-setup.component.ts:87:44)
    at callHookInternal (http://localhost:9876/_karma_webpack_/webpack:/node_modules/@angular/core/fesm2022/_debug_node-chunk.mjs:555:10)
    at callHook (http://localhost:9876/_karma_webpack_/webpack:/node_modules/@angular/core/fesm2022/_debug_node-chunk.mjs:570:7)
    at callHooks (http://localhost:9876/_karma_webpack_/webpack:/node_modules/@angular/core/fesm2022/_debug_node-chunk.mjs:544:9)
[1A[2KLOG: [36m'[AccountSetup] verifyOtp: Attempting to verify OTP for contact:', 'test@example.com', 'with OTP:', '1234'[39m
Chrome 149.0.0.0 (Windows 10): Executed 65 of 170[31m (1 FAILED)[39m (0 secs / 0.483 secs)
LOG: '[AccountSetup] verifyOtp: Attempting to verify OTP for contact:', 'test@example.com', 'with OTP:', '1234'
[1A[2KERROR: [36m'[AccountSetup] verifyOtp: Error during OTP verification API call:', Error: Connection lost
Error: Connection lost
    at errorFactory (http://localhost:9876/_karma_webpack_/webpack:/src/app/account-setup/account-setup.component.spec.ts:134:55)
    at Observable._subscribe (http://localhost:9876/_karma_webpack_/webpack:/node_modules/rxjs/dist/esm/internal/observable/throwError.js:5:51)
    at Observable._trySubscribe (http://localhost:9876/_karma_webpack_/webpack:/node_modules/rxjs/dist/esm/internal/Observable.js:37:25)
    at cb (http://localhost:9876/_karma_webpack_/webpack:/node_modules/rxjs/dist/esm/internal/Observable.js:31:30)
    at errorContext (http://localhost:9876/_karma_webpack_/webpack:/node_modules/rxjs/dist/esm/internal/util/errorContext.js:19:9)
    at Observable.subscribe (http://localhost:9876/_karma_webpack_/webpack:/node_modules/rxjs/dist/esm/internal/Observable.js:22:21)
    at AccountSetupComponent.verifyOtp (http://localhost:9876/_karma_webpack_/webpack:/src/app/account-setup/account-setup.component.ts:130:42)
    at UserContext.apply (http://localhost:9876/_karma_webpack_/webpack:/src/app/account-setup/account-setup.component.spec.ts:136:15)
    at _ZoneDelegate.invoke (http://localhost:9876/_karma_webpack_/webpack:/node_modules/zone.js/fesm2015/zone.js:358:158)
    at _ProxyZoneSpec.onInvoke (http://localhost:9876/_karma_webpack_/webpack:/node_modules/zone.js/fesm2015/zone-testing.js:956:33)[39m
Chrome 149.0.0.0 (Windows 10): Executed 65 of 170[31m (1 FAILED)[39m (0 secs / 0.483 secs)
ERROR: '[AccountSetup] verifyOtp: Error during OTP verification API call:', Error: Connection lost
Error: Connection lost
    at errorFactory (http://localhost:9876/_karma_webpack_/webpack:/src/app/account-setup/account-setup.component.spec.ts:134:55)
    at Observable._subscribe (http://localhost:9876/_karma_webpack_/webpack:/node_modules/rxjs/dist/esm/internal/observable/throwError.js:5:51)
    at Observable._trySubscribe (http://localhost:9876/_karma_webpack_/webpack:/node_modules/rxjs/dist/esm/internal/Observable.js:37:25)
    at cb (http://localhost:9876/_karma_webpack_/webpack:/node_modules/rxjs/dist/esm/internal/Observable.js:31:30)
    at errorContext (http://localhost:9876/_karma_webpack_/webpack:/node_modules/rxjs/dist/esm/internal/util/errorContext.js:19:9)
    at Observable.subscribe (http://localhost:9876/_karma_webpack_/webpack:/node_modules/rxjs/dist/esm/internal/Observable.js:22:21)
    at AccountSetupComponent.verifyOtp (http://localhost:9876/_karma_webpack_/webpack:/src/app/account-setup/account-setup.component.ts:130:42)
    at UserContext.apply (http://localhost:9876/_karma_webpack_/webpack:/src/app/account-setup/account-setup.component.spec.ts:136:15)
    at _ZoneDelegate.invoke (http://localhost:9876/_karma_webpack_/webpack:/node_modules/zone.js/fesm2015/zone.js:358:158)
    at _ProxyZoneSpec.onInvoke (http://localhost:9876/_karma_webpack_/webpack:/node_modules/zone.js/fesm2015/zone-testing.js:956:33)
[1A[2KChrome 149.0.0.0 (Windows 10): Executed 66 of 170[31m (1 FAILED)[39m (0 secs / 0.491 secs)
[1A[2KLOG: [36m'[AccountSetup] ngOnInit: Checking user session...'[39m
Chrome 149.0.0.0 (Windows 10): Executed 66 of 170[31m (1 FAILED)[39m (0 secs / 0.491 secs)
LOG: '[AccountSetup] ngOnInit: Checking user session...'
[1A[2KLOG: [36m'[AccountSetup] ngOnInit: Current user:', Object{name: 'Alice', email: 'alice@company.com'}[39m
Chrome 149.0.0.0 (Windows 10): Executed 66 of 170[31m (1 FAILED)[39m (0 secs / 0.491 secs)
LOG: '[AccountSetup] ngOnInit: Current user:', Object{name: 'Alice', email: 'alice@company.com'}
[1A[2KLOG: [36m'[AccountSetup] ngOnInit: Querying bank details for user:', 'Alice'[39m
Chrome 149.0.0.0 (Windows 10): Executed 66 of 170[31m (1 FAILED)[39m (0 secs / 0.491 secs)
LOG: '[AccountSetup] ngOnInit: Querying bank details for user:', 'Alice'
[1A[2KLOG: [36m'[AccountSetup] ngOnInit: Bank details found for user! Redirecting to dashboard. Details:', Object{accountNumber: '123456789012'}[39m
Chrome 149.0.0.0 (Windows 10): Executed 66 of 170[31m (1 FAILED)[39m (0 secs / 0.491 secs)
LOG: '[AccountSetup] ngOnInit: Bank details found for user! Redirecting to dashboard. Details:', Object{accountNumber: '123456789012'}
[1A[2KChrome 149.0.0.0 (Windows 10): Executed 67 of 170[31m (1 FAILED)[39m (0 secs / 0.505 secs)
[1A[2KLOG: [36m'[AccountSetup] ngOnInit: Checking user session...'[39m
Chrome 149.0.0.0 (Windows 10): Executed 67 of 170[31m (1 FAILED)[39m (0 secs / 0.505 secs)
LOG: '[AccountSetup] ngOnInit: Checking user session...'
[1A[2KLOG: [36m'[AccountSetup] ngOnInit: Current user:', Object{name: 'Alice', email: 'alice@company.com'}[39m
Chrome 149.0.0.0 (Windows 10): Executed 67 of 170[31m (1 FAILED)[39m (0 secs / 0.505 secs)
LOG: '[AccountSetup] ngOnInit: Current user:', Object{name: 'Alice', email: 'alice@company.com'}
[1A[2KLOG: [36m'[AccountSetup] ngOnInit: Querying bank details for user:', 'Alice'[39m
Chrome 149.0.0.0 (Windows 10): Executed 67 of 170[31m (1 FAILED)[39m (0 secs / 0.505 secs)
LOG: '[AccountSetup] ngOnInit: Querying bank details for user:', 'Alice'
[1A[2KLOG: [36m'[AccountSetup] ngOnInit: No existing bank details found. Staying on page. Error details:', Error: Not found
Error: Not found
    at errorFactory (http://localhost:9876/_karma_webpack_/webpack:/src/app/account-setup/account-setup.component.spec.ts:34:62)
    at Observable._subscribe (http://localhost:9876/_karma_webpack_/webpack:/node_modules/rxjs/dist/esm/internal/observable/throwError.js:5:51)
    at Observable._trySubscribe (http://localhost:9876/_karma_webpack_/webpack:/node_modules/rxjs/dist/esm/internal/Observable.js:37:25)
    at cb (http://localhost:9876/_karma_webpack_/webpack:/node_modules/rxjs/dist/esm/internal/Observable.js:31:30)
    at errorContext (http://localhost:9876/_karma_webpack_/webpack:/node_modules/rxjs/dist/esm/internal/util/errorContext.js:19:9)
    at Observable.subscribe (http://localhost:9876/_karma_webpack_/webpack:/node_modules/rxjs/dist/esm/internal/Observable.js:22:21)
    at AccountSetupComponent.call [as ngOnInit] (http://localhost:9876/_karma_webpack_/webpack:/src/app/account-setup/account-setup.component.ts:87:44)
    at callHookInternal (http://localhost:9876/_karma_webpack_/webpack:/node_modules/@angular/core/fesm2022/_debug_node-chunk.mjs:555:10)
    at callHook (http://localhost:9876/_karma_webpack_/webpack:/node_modules/@angular/core/fesm2022/_debug_node-chunk.mjs:570:7)
    at callHooks (http://localhost:9876/_karma_webpack_/webpack:/node_modules/@angular/core/fesm2022/_debug_node-chunk.mjs:544:9)[39m
Chrome 149.0.0.0 (Windows 10): Executed 67 of 170[31m (1 FAILED)[39m (0 secs / 0.505 secs)
LOG: '[AccountSetup] ngOnInit: No existing bank details found. Staying on page. Error details:', Error: Not found
Error: Not found
    at errorFactory (http://localhost:9876/_karma_webpack_/webpack:/src/app/account-setup/account-setup.component.spec.ts:34:62)
    at Observable._subscribe (http://localhost:9876/_karma_webpack_/webpack:/node_modules/rxjs/dist/esm/internal/observable/throwError.js:5:51)
    at Observable._trySubscribe (http://localhost:9876/_karma_webpack_/webpack:/node_modules/rxjs/dist/esm/internal/Observable.js:37:25)
    at cb (http://localhost:9876/_karma_webpack_/webpack:/node_modules/rxjs/dist/esm/internal/Observable.js:31:30)
    at errorContext (http://localhost:9876/_karma_webpack_/webpack:/node_modules/rxjs/dist/esm/internal/util/errorContext.js:19:9)
    at Observable.subscribe (http://localhost:9876/_karma_webpack_/webpack:/node_modules/rxjs/dist/esm/internal/Observable.js:22:21)
    at AccountSetupComponent.call [as ngOnInit] (http://localhost:9876/_karma_webpack_/webpack:/src/app/account-setup/account-setup.component.ts:87:44)
    at callHookInternal (http://localhost:9876/_karma_webpack_/webpack:/node_modules/@angular/core/fesm2022/_debug_node-chunk.mjs:555:10)
    at callHook (http://localhost:9876/_karma_webpack_/webpack:/node_modules/@angular/core/fesm2022/_debug_node-chunk.mjs:570:7)
    at callHooks (http://localhost:9876/_karma_webpack_/webpack:/node_modules/@angular/core/fesm2022/_debug_node-chunk.mjs:544:9)
[1A[2KLOG: [36m'[AccountSetup] verifyOtp: Attempting to verify OTP for contact:', 'test@example.com', 'with OTP:', 'wrong'[39m
Chrome 149.0.0.0 (Windows 10): Executed 67 of 170[31m (1 FAILED)[39m (0 secs / 0.505 secs)
LOG: '[AccountSetup] verifyOtp: Attempting to verify OTP for contact:', 'test@example.com', 'with OTP:', 'wrong'
[1A[2KLOG: [36m'[AccountSetup] verifyOtp: Response received:', Object{verified: false}[39m
Chrome 149.0.0.0 (Windows 10): Executed 67 of 170[31m (1 FAILED)[39m (0 secs / 0.505 secs)
LOG: '[AccountSetup] verifyOtp: Response received:', Object{verified: false}
[1A[2KWARN: [36m'[AccountSetup] verifyOtp: Verification FAILED - invalid OTP'[39m
Chrome 149.0.0.0 (Windows 10): Executed 67 of 170[31m (1 FAILED)[39m (0 secs / 0.505 secs)
WARN: '[AccountSetup] verifyOtp: Verification FAILED - invalid OTP'
[1A[2KChrome 149.0.0.0 (Windows 10): Executed 68 of 170[31m (1 FAILED)[39m (0 secs / 0.511 secs)
[1A[2KLOG: [36m'[AccountSetup] ngOnInit: Checking user session...'[39m
Chrome 149.0.0.0 (Windows 10): Executed 68 of 170[31m (1 FAILED)[39m (0 secs / 0.511 secs)
LOG: '[AccountSetup] ngOnInit: Checking user session...'
[1A[2KLOG: [36m'[AccountSetup] ngOnInit: Current user:', Object{name: 'Alice', email: 'alice@company.com'}[39m
Chrome 149.0.0.0 (Windows 10): Executed 68 of 170[31m (1 FAILED)[39m (0 secs / 0.511 secs)
LOG: '[AccountSetup] ngOnInit: Current user:', Object{name: 'Alice', email: 'alice@company.com'}
[1A[2KLOG: [36m'[AccountSetup] ngOnInit: Querying bank details for user:', 'Alice'[39m
Chrome 149.0.0.0 (Windows 10): Executed 68 of 170[31m (1 FAILED)[39m (0 secs / 0.511 secs)
LOG: '[AccountSetup] ngOnInit: Querying bank details for user:', 'Alice'
[1A[2KLOG: [36m'[AccountSetup] ngOnInit: No existing bank details found. Staying on page. Error details:', Error: Not found
Error: Not found
    at errorFactory (http://localhost:9876/_karma_webpack_/webpack:/src/app/account-setup/account-setup.component.spec.ts:34:62)
    at Observable._subscribe (http://localhost:9876/_karma_webpack_/webpack:/node_modules/rxjs/dist/esm/internal/observable/throwError.js:5:51)
    at Observable._trySubscribe (http://localhost:9876/_karma_webpack_/webpack:/node_modules/rxjs/dist/esm/internal/Observable.js:37:25)
    at cb (http://localhost:9876/_karma_webpack_/webpack:/node_modules/rxjs/dist/esm/internal/Observable.js:31:30)
    at errorContext (http://localhost:9876/_karma_webpack_/webpack:/node_modules/rxjs/dist/esm/internal/util/errorContext.js:19:9)
    at Observable.subscribe (http://localhost:9876/_karma_webpack_/webpack:/node_modules/rxjs/dist/esm/internal/Observable.js:22:21)
    at AccountSetupComponent.call [as ngOnInit] (http://localhost:9876/_karma_webpack_/webpack:/src/app/account-setup/account-setup.component.ts:87:44)
    at callHookInternal (http://localhost:9876/_karma_webpack_/webpack:/node_modules/@angular/core/fesm2022/_debug_node-chunk.mjs:555:10)
    at callHook (http://localhost:9876/_karma_webpack_/webpack:/node_modules/@angular/core/fesm2022/_debug_node-chunk.mjs:570:7)
    at callHooks (http://localhost:9876/_karma_webpack_/webpack:/node_modules/@angular/core/fesm2022/_debug_node-chunk.mjs:544:9)[39m
Chrome 149.0.0.0 (Windows 10): Executed 68 of 170[31m (1 FAILED)[39m (0 secs / 0.511 secs)
LOG: '[AccountSetup] ngOnInit: No existing bank details found. Staying on page. Error details:', Error: Not found
Error: Not found
    at errorFactory (http://localhost:9876/_karma_webpack_/webpack:/src/app/account-setup/account-setup.component.spec.ts:34:62)
    at Observable._subscribe (http://localhost:9876/_karma_webpack_/webpack:/node_modules/rxjs/dist/esm/internal/observable/throwError.js:5:51)
    at Observable._trySubscribe (http://localhost:9876/_karma_webpack_/webpack:/node_modules/rxjs/dist/esm/internal/Observable.js:37:25)
    at cb (http://localhost:9876/_karma_webpack_/webpack:/node_modules/rxjs/dist/esm/internal/Observable.js:31:30)
    at errorContext (http://localhost:9876/_karma_webpack_/webpack:/node_modules/rxjs/dist/esm/internal/util/errorContext.js:19:9)
    at Observable.subscribe (http://localhost:9876/_karma_webpack_/webpack:/node_modules/rxjs/dist/esm/internal/Observable.js:22:21)
    at AccountSetupComponent.call [as ngOnInit] (http://localhost:9876/_karma_webpack_/webpack:/src/app/account-setup/account-setup.component.ts:87:44)
    at callHookInternal (http://localhost:9876/_karma_webpack_/webpack:/node_modules/@angular/core/fesm2022/_debug_node-chunk.mjs:555:10)
    at callHook (http://localhost:9876/_karma_webpack_/webpack:/node_modules/@angular/core/fesm2022/_debug_node-chunk.mjs:570:7)
    at callHooks (http://localhost:9876/_karma_webpack_/webpack:/node_modules/@angular/core/fesm2022/_debug_node-chunk.mjs:544:9)
[1A[2KLOG: [36m'[AccountSetup] submit: Starting account setup form submission...'[39m
Chrome 149.0.0.0 (Windows 10): Executed 68 of 170[31m (1 FAILED)[39m (0 secs / 0.511 secs)
LOG: '[AccountSetup] submit: Starting account setup form submission...'
[1A[2KLOG: [36m'[AccountSetup] submit: Form valid status:', false[39m
Chrome 149.0.0.0 (Windows 10): Executed 68 of 170[31m (1 FAILED)[39m (0 secs / 0.511 secs)
LOG: '[AccountSetup] submit: Form valid status:', false
[1A[2KLOG: [36m'[AccountSetup] submit: Form value:', Object{accountNumber: '123-abc', bankName: 'Test Bank', branchName: 'Test Branch', address: 'Test Addr', ifscCode: 'IFSC123', email: 'test@test.com', phoneNumber: '12345678', creditCardNumber: '1111222233334444', cvv: '123', expiryDate: '12/28', otp: ''}[39m
Chrome 149.0.0.0 (Windows 10): Executed 68 of 170[31m (1 FAILED)[39m (0 secs / 0.511 secs)
LOG: '[AccountSetup] submit: Form value:', Object{accountNumber: '123-abc', bankName: 'Test Bank', branchName: 'Test Branch', address: 'Test Addr', ifscCode: 'IFSC123', email: 'test@test.com', phoneNumber: '12345678', creditCardNumber: '1111222233334444', cvv: '123', expiryDate: '12/28', otp: ''}
[1A[2KWARN: [36m'[AccountSetup] submit: Submission aborted. Form is invalid. Fields errors:', null[39m
Chrome 149.0.0.0 (Windows 10): Executed 68 of 170[31m (1 FAILED)[39m (0 secs / 0.511 secs)
WARN: '[AccountSetup] submit: Submission aborted. Form is invalid. Fields errors:', null
[1A[2KChrome 149.0.0.0 (Windows 10): Executed 69 of 170[31m (1 FAILED)[39m (0 secs / 0.518 secs)
[1A[2KLOG: [36m'[AccountSetup] ngOnInit: Checking user session...'[39m
Chrome 149.0.0.0 (Windows 10): Executed 69 of 170[31m (1 FAILED)[39m (0 secs / 0.518 secs)
LOG: '[AccountSetup] ngOnInit: Checking user session...'
[1A[2KLOG: [36m'[AccountSetup] ngOnInit: Current user:', null[39m
Chrome 149.0.0.0 (Windows 10): Executed 69 of 170[31m (1 FAILED)[39m (0 secs / 0.518 secs)
LOG: '[AccountSetup] ngOnInit: Current user:', null
[1A[2KLOG: [36m'[AccountSetup] ngOnInit: No user session found. Remaining on page (needs login to submit).'[39m
Chrome 149.0.0.0 (Windows 10): Executed 69 of 170[31m (1 FAILED)[39m (0 secs / 0.518 secs)
LOG: '[AccountSetup] ngOnInit: No user session found. Remaining on page (needs login to submit).'
[1A[2KChrome 149.0.0.0 (Windows 10): Executed 70 of 170[31m (1 FAILED)[39m (0 secs / 0.524 secs)
[1A[2KLOG: [36m'[AccountSetup] ngOnInit: Checking user session...'[39m
Chrome 149.0.0.0 (Windows 10): Executed 70 of 170[31m (1 FAILED)[39m (0 secs / 0.524 secs)
LOG: '[AccountSetup] ngOnInit: Checking user session...'
[1A[2KLOG: [36m'[AccountSetup] ngOnInit: Current user:', Object{name: 'Alice', email: 'alice@company.com'}[39m
Chrome 149.0.0.0 (Windows 10): Executed 70 of 170[31m (1 FAILED)[39m (0 secs / 0.524 secs)
LOG: '[AccountSetup] ngOnInit: Current user:', Object{name: 'Alice', email: 'alice@company.com'}
[1A[2KLOG: [36m'[AccountSetup] ngOnInit: Querying bank details for user:', 'Alice'[39m
Chrome 149.0.0.0 (Windows 10): Executed 70 of 170[31m (1 FAILED)[39m (0 secs / 0.524 secs)
LOG: '[AccountSetup] ngOnInit: Querying bank details for user:', 'Alice'
[1A[2KLOG: [36m'[AccountSetup] ngOnInit: No existing bank details found. Staying on page. Error details:', Error: Not found
Error: Not found
    at errorFactory (http://localhost:9876/_karma_webpack_/webpack:/src/app/account-setup/account-setup.component.spec.ts:34:62)
    at Observable._subscribe (http://localhost:9876/_karma_webpack_/webpack:/node_modules/rxjs/dist/esm/internal/observable/throwError.js:5:51)
    at Observable._trySubscribe (http://localhost:9876/_karma_webpack_/webpack:/node_modules/rxjs/dist/esm/internal/Observable.js:37:25)
    at cb (http://localhost:9876/_karma_webpack_/webpack:/node_modules/rxjs/dist/esm/internal/Observable.js:31:30)
    at errorContext (http://localhost:9876/_karma_webpack_/webpack:/node_modules/rxjs/dist/esm/internal/util/errorContext.js:19:9)
    at Observable.subscribe (http://localhost:9876/_karma_webpack_/webpack:/node_modules/rxjs/dist/esm/internal/Observable.js:22:21)
    at AccountSetupComponent.call [as ngOnInit] (http://localhost:9876/_karma_webpack_/webpack:/src/app/account-setup/account-setup.component.ts:87:44)
    at callHookInternal (http://localhost:9876/_karma_webpack_/webpack:/node_modules/@angular/core/fesm2022/_debug_node-chunk.mjs:555:10)
    at callHook (http://localhost:9876/_karma_webpack_/webpack:/node_modules/@angular/core/fesm2022/_debug_node-chunk.mjs:570:7)
    at callHooks (http://localhost:9876/_karma_webpack_/webpack:/node_modules/@angular/core/fesm2022/_debug_node-chunk.mjs:544:9)[39m
Chrome 149.0.0.0 (Windows 10): Executed 70 of 170[31m (1 FAILED)[39m (0 secs / 0.524 secs)
LOG: '[AccountSetup] ngOnInit: No existing bank details found. Staying on page. Error details:', Error: Not found
Error: Not found
    at errorFactory (http://localhost:9876/_karma_webpack_/webpack:/src/app/account-setup/account-setup.component.spec.ts:34:62)
    at Observable._subscribe (http://localhost:9876/_karma_webpack_/webpack:/node_modules/rxjs/dist/esm/internal/observable/throwError.js:5:51)
    at Observable._trySubscribe (http://localhost:9876/_karma_webpack_/webpack:/node_modules/rxjs/dist/esm/internal/Observable.js:37:25)
    at cb (http://localhost:9876/_karma_webpack_/webpack:/node_modules/rxjs/dist/esm/internal/Observable.js:31:30)
    at errorContext (http://localhost:9876/_karma_webpack_/webpack:/node_modules/rxjs/dist/esm/internal/util/errorContext.js:19:9)
    at Observable.subscribe (http://localhost:9876/_karma_webpack_/webpack:/node_modules/rxjs/dist/esm/internal/Observable.js:22:21)
    at AccountSetupComponent.call [as ngOnInit] (http://localhost:9876/_karma_webpack_/webpack:/src/app/account-setup/account-setup.component.ts:87:44)
    at callHookInternal (http://localhost:9876/_karma_webpack_/webpack:/node_modules/@angular/core/fesm2022/_debug_node-chunk.mjs:555:10)
    at callHook (http://localhost:9876/_karma_webpack_/webpack:/node_modules/@angular/core/fesm2022/_debug_node-chunk.mjs:570:7)
    at callHooks (http://localhost:9876/_karma_webpack_/webpack:/node_modules/@angular/core/fesm2022/_debug_node-chunk.mjs:544:9)
[1A[2KChrome 149.0.0.0 (Windows 10): Executed 71 of 170[31m (1 FAILED)[39m (0 secs / 0.53 secs)
[1A[2KLOG: [36m'[AccountSetup] ngOnInit: Checking user session...'[39m
Chrome 149.0.0.0 (Windows 10): Executed 71 of 170[31m (1 FAILED)[39m (0 secs / 0.53 secs)
LOG: '[AccountSetup] ngOnInit: Checking user session...'
[1A[2KLOG: [36m'[AccountSetup] ngOnInit: Current user:', Object{name: 'Alice', email: 'alice@company.com'}[39m
Chrome 149.0.0.0 (Windows 10): Executed 71 of 170[31m (1 FAILED)[39m (0 secs / 0.53 secs)
LOG: '[AccountSetup] ngOnInit: Current user:', Object{name: 'Alice', email: 'alice@company.com'}
[1A[2KLOG: [36m'[AccountSetup] ngOnInit: Querying bank details for user:', 'Alice'[39m
Chrome 149.0.0.0 (Windows 10): Executed 71 of 170[31m (1 FAILED)[39m (0 secs / 0.53 secs)
LOG: '[AccountSetup] ngOnInit: Querying bank details for user:', 'Alice'
[1A[2KLOG: [36m'[AccountSetup] ngOnInit: No existing bank details found. Staying on page. Error details:', Error: Not found
Error: Not found
    at errorFactory (http://localhost:9876/_karma_webpack_/webpack:/src/app/account-setup/account-setup.component.spec.ts:34:62)
    at Observable._subscribe (http://localhost:9876/_karma_webpack_/webpack:/node_modules/rxjs/dist/esm/internal/observable/throwError.js:5:51)
    at Observable._trySubscribe (http://localhost:9876/_karma_webpack_/webpack:/node_modules/rxjs/dist/esm/internal/Observable.js:37:25)
    at cb (http://localhost:9876/_karma_webpack_/webpack:/node_modules/rxjs/dist/esm/internal/Observable.js:31:30)
    at errorContext (http://localhost:9876/_karma_webpack_/webpack:/node_modules/rxjs/dist/esm/internal/util/errorContext.js:19:9)
    at Observable.subscribe (http://localhost:9876/_karma_webpack_/webpack:/node_modules/rxjs/dist/esm/internal/Observable.js:22:21)
    at AccountSetupComponent.call [as ngOnInit] (http://localhost:9876/_karma_webpack_/webpack:/src/app/account-setup/account-setup.component.ts:87:44)
    at callHookInternal (http://localhost:9876/_karma_webpack_/webpack:/node_modules/@angular/core/fesm2022/_debug_node-chunk.mjs:555:10)
    at callHook (http://localhost:9876/_karma_webpack_/webpack:/node_modules/@angular/core/fesm2022/_debug_node-chunk.mjs:570:7)
    at callHooks (http://localhost:9876/_karma_webpack_/webpack:/node_modules/@angular/core/fesm2022/_debug_node-chunk.mjs:544:9)[39m
Chrome 149.0.0.0 (Windows 10): Executed 71 of 170[31m (1 FAILED)[39m (0 secs / 0.53 secs)
LOG: '[AccountSetup] ngOnInit: No existing bank details found. Staying on page. Error details:', Error: Not found
Error: Not found
    at errorFactory (http://localhost:9876/_karma_webpack_/webpack:/src/app/account-setup/account-setup.component.spec.ts:34:62)
    at Observable._subscribe (http://localhost:9876/_karma_webpack_/webpack:/node_modules/rxjs/dist/esm/internal/observable/throwError.js:5:51)
    at Observable._trySubscribe (http://localhost:9876/_karma_webpack_/webpack:/node_modules/rxjs/dist/esm/internal/Observable.js:37:25)
    at cb (http://localhost:9876/_karma_webpack_/webpack:/node_modules/rxjs/dist/esm/internal/Observable.js:31:30)
    at errorContext (http://localhost:9876/_karma_webpack_/webpack:/node_modules/rxjs/dist/esm/internal/util/errorContext.js:19:9)
    at Observable.subscribe (http://localhost:9876/_karma_webpack_/webpack:/node_modules/rxjs/dist/esm/internal/Observable.js:22:21)
    at AccountSetupComponent.call [as ngOnInit] (http://localhost:9876/_karma_webpack_/webpack:/src/app/account-setup/account-setup.component.ts:87:44)
    at callHookInternal (http://localhost:9876/_karma_webpack_/webpack:/node_modules/@angular/core/fesm2022/_debug_node-chunk.mjs:555:10)
    at callHook (http://localhost:9876/_karma_webpack_/webpack:/node_modules/@angular/core/fesm2022/_debug_node-chunk.mjs:570:7)
    at callHooks (http://localhost:9876/_karma_webpack_/webpack:/node_modules/@angular/core/fesm2022/_debug_node-chunk.mjs:544:9)
[1A[2KLOG: [36m'[AccountSetup] submit: Starting account setup form submission...'[39m
Chrome 149.0.0.0 (Windows 10): Executed 71 of 170[31m (1 FAILED)[39m (0 secs / 0.53 secs)
LOG: '[AccountSetup] submit: Starting account setup form submission...'
[1A[2KLOG: [36m'[AccountSetup] submit: Form valid status:', false[39m
Chrome 149.0.0.0 (Windows 10): Executed 71 of 170[31m (1 FAILED)[39m (0 secs / 0.53 secs)
LOG: '[AccountSetup] submit: Form valid status:', false
[1A[2KLOG: [36m'[AccountSetup] submit: Form value:', Object{accountNumber: '', bankName: '', branchName: '', address: '', ifscCode: '', email: '', phoneNumber: '', creditCardNumber: '', cvv: '', expiryDate: '', otp: ''}[39m
Chrome 149.0.0.0 (Windows 10): Executed 71 of 170[31m (1 FAILED)[39m (0 secs / 0.53 secs)
LOG: '[AccountSetup] submit: Form value:', Object{accountNumber: '', bankName: '', branchName: '', address: '', ifscCode: '', email: '', phoneNumber: '', creditCardNumber: '', cvv: '', expiryDate: '', otp: ''}
[1A[2KWARN: [36m'[AccountSetup] submit: Submission aborted. Form is invalid. Fields errors:', null[39m
Chrome 149.0.0.0 (Windows 10): Executed 71 of 170[31m (1 FAILED)[39m (0 secs / 0.53 secs)
WARN: '[AccountSetup] submit: Submission aborted. Form is invalid. Fields errors:', null
[1A[2KChrome 149.0.0.0 (Windows 10): Executed 72 of 170[31m (1 FAILED)[39m (0 secs / 0.536 secs)
[1A[2KLOG: [36m'[AccountSetup] ngOnInit: Checking user session...'[39m
Chrome 149.0.0.0 (Windows 10): Executed 72 of 170[31m (1 FAILED)[39m (0 secs / 0.536 secs)
LOG: '[AccountSetup] ngOnInit: Checking user session...'
[1A[2KLOG: [36m'[AccountSetup] ngOnInit: Current user:', Object{name: 'Alice', email: 'alice@company.com'}[39m
Chrome 149.0.0.0 (Windows 10): Executed 72 of 170[31m (1 FAILED)[39m (0 secs / 0.536 secs)
LOG: '[AccountSetup] ngOnInit: Current user:', Object{name: 'Alice', email: 'alice@company.com'}
[1A[2KLOG: [36m'[AccountSetup] ngOnInit: Querying bank details for user:', 'Alice'[39m
Chrome 149.0.0.0 (Windows 10): Executed 72 of 170[31m (1 FAILED)[39m (0 secs / 0.536 secs)
LOG: '[AccountSetup] ngOnInit: Querying bank details for user:', 'Alice'
[1A[2KLOG: [36m'[AccountSetup] ngOnInit: No existing bank details found. Staying on page. Error details:', Error: Not found
Error: Not found
    at errorFactory (http://localhost:9876/_karma_webpack_/webpack:/src/app/account-setup/account-setup.component.spec.ts:34:62)
    at Observable._subscribe (http://localhost:9876/_karma_webpack_/webpack:/node_modules/rxjs/dist/esm/internal/observable/throwError.js:5:51)
    at Observable._trySubscribe (http://localhost:9876/_karma_webpack_/webpack:/node_modules/rxjs/dist/esm/internal/Observable.js:37:25)
    at cb (http://localhost:9876/_karma_webpack_/webpack:/node_modules/rxjs/dist/esm/internal/Observable.js:31:30)
    at errorContext (http://localhost:9876/_karma_webpack_/webpack:/node_modules/rxjs/dist/esm/internal/util/errorContext.js:19:9)
    at Observable.subscribe (http://localhost:9876/_karma_webpack_/webpack:/node_modules/rxjs/dist/esm/internal/Observable.js:22:21)
    at AccountSetupComponent.call [as ngOnInit] (http://localhost:9876/_karma_webpack_/webpack:/src/app/account-setup/account-setup.component.ts:87:44)
    at callHookInternal (http://localhost:9876/_karma_webpack_/webpack:/node_modules/@angular/core/fesm2022/_debug_node-chunk.mjs:555:10)
    at callHook (http://localhost:9876/_karma_webpack_/webpack:/node_modules/@angular/core/fesm2022/_debug_node-chunk.mjs:570:7)
    at callHooks (http://localhost:9876/_karma_webpack_/webpack:/node_modules/@angular/core/fesm2022/_debug_node-chunk.mjs:544:9)[39m
Chrome 149.0.0.0 (Windows 10): Executed 72 of 170[31m (1 FAILED)[39m (0 secs / 0.536 secs)
LOG: '[AccountSetup] ngOnInit: No existing bank details found. Staying on page. Error details:', Error: Not found
Error: Not found
    at errorFactory (http://localhost:9876/_karma_webpack_/webpack:/src/app/account-setup/account-setup.component.spec.ts:34:62)
    at Observable._subscribe (http://localhost:9876/_karma_webpack_/webpack:/node_modules/rxjs/dist/esm/internal/observable/throwError.js:5:51)
    at Observable._trySubscribe (http://localhost:9876/_karma_webpack_/webpack:/node_modules/rxjs/dist/esm/internal/Observable.js:37:25)
    at cb (http://localhost:9876/_karma_webpack_/webpack:/node_modules/rxjs/dist/esm/internal/Observable.js:31:30)
    at errorContext (http://localhost:9876/_karma_webpack_/webpack:/node_modules/rxjs/dist/esm/internal/util/errorContext.js:19:9)
    at Observable.subscribe (http://localhost:9876/_karma_webpack_/webpack:/node_modules/rxjs/dist/esm/internal/Observable.js:22:21)
    at AccountSetupComponent.call [as ngOnInit] (http://localhost:9876/_karma_webpack_/webpack:/src/app/account-setup/account-setup.component.ts:87:44)
    at callHookInternal (http://localhost:9876/_karma_webpack_/webpack:/node_modules/@angular/core/fesm2022/_debug_node-chunk.mjs:555:10)
    at callHook (http://localhost:9876/_karma_webpack_/webpack:/node_modules/@angular/core/fesm2022/_debug_node-chunk.mjs:570:7)
    at callHooks (http://localhost:9876/_karma_webpack_/webpack:/node_modules/@angular/core/fesm2022/_debug_node-chunk.mjs:544:9)
[1A[2KLOG: [36m'[AccountSetup] submit: Starting account setup form submission...'[39m
Chrome 149.0.0.0 (Windows 10): Executed 72 of 170[31m (1 FAILED)[39m (0 secs / 0.536 secs)
LOG: '[AccountSetup] submit: Starting account setup form submission...'
[1A[2KLOG: [36m'[AccountSetup] submit: Form valid status:', true[39m
Chrome 149.0.0.0 (Windows 10): Executed 72 of 170[31m (1 FAILED)[39m (0 secs / 0.536 secs)
LOG: '[AccountSetup] submit: Form valid status:', true
[1A[2KLOG: [36m'[AccountSetup] submit: Form value:', Object{accountNumber: '1234567890', bankName: 'Test Bank', branchName: 'Test Branch', address: 'Test Addr', ifscCode: 'IFSC123', email: 'test@test.com', phoneNumber: '12345678', creditCardNumber: '1111222233334444', cvv: '123', expiryDate: '12/28', otp: ''}[39m
Chrome 149.0.0.0 (Windows 10): Executed 72 of 170[31m (1 FAILED)[39m (0 secs / 0.536 secs)
LOG: '[AccountSetup] submit: Form value:', Object{accountNumber: '1234567890', bankName: 'Test Bank', branchName: 'Test Branch', address: 'Test Addr', ifscCode: 'IFSC123', email: 'test@test.com', phoneNumber: '12345678', creditCardNumber: '1111222233334444', cvv: '123', expiryDate: '12/28', otp: ''}
[1A[2KLOG: [36m'[AccountSetup] submit: Validating account number format:', '1234567890'[39m
Chrome 149.0.0.0 (Windows 10): Executed 72 of 170[31m (1 FAILED)[39m (0 secs / 0.536 secs)
LOG: '[AccountSetup] submit: Validating account number format:', '1234567890'
[1A[2KLOG: [36m'[AccountSetup] submit: Checking email verification status. isEmailVerified:', true[39m
Chrome 149.0.0.0 (Windows 10): Executed 72 of 170[31m (1 FAILED)[39m (0 secs / 0.536 secs)
LOG: '[AccountSetup] submit: Checking email verification status. isEmailVerified:', true
[1A[2KWARN: [36m'[AccountSetup] submit: Submission aborted. OTP missing.'[39m
Chrome 149.0.0.0 (Windows 10): Executed 72 of 170[31m (1 FAILED)[39m (0 secs / 0.536 secs)
WARN: '[AccountSetup] submit: Submission aborted. OTP missing.'
[1A[2K[31mChrome 149.0.0.0 (Windows 10) AccountSetupComponent should alert error if submit save API fails FAILED[39m
	Expected spy alert to have been called with:
	  [ 'Error saving: Database error' ]
	but actual calls were:
	  [ 'Please enter the OTP from your email before completing setup.' ].
	
	Call 0:
	  Expected $[0] = 'Please enter the OTP from your email before completing setup.' to equal 'Error saving: Database error'.
	Error: Expected spy alert to have been called with:
	  [ 'Error saving: Database error' ]
	but actual calls were:
	  [ 'Please enter the OTP from your email before completing setup.' ].
	Call 0:
	  Expected $[0] = 'Please enter the OTP from your email before completing setup.' to equal 'Error saving: Database error'.
	    at <Jasmine>
	    at UserContext.apply (src/app/account-setup/account-setup.component.spec.ts:244:22)
	    at _ZoneDelegate.invoke (node_modules/zone.js/fesm2015/zone.js:358:158)
	    at _ProxyZoneSpec.onInvoke (node_modules/zone.js/fesm2015/zone-testing.js:956:33)
	    at _ZoneDelegate.invoke (node_modules/zone.js/fesm2015/zone.js:358:46)
Chrome 149.0.0.0 (Windows 10): Executed 73 of 170[31m (2 FAILED)[39m (0 secs / 0.544 secs)
[1A[2KLOG: [36m'[AccountSetup] ngOnInit: Checking user session...'[39m
Chrome 149.0.0.0 (Windows 10): Executed 73 of 170[31m (2 FAILED)[39m (0 secs / 0.544 secs)
LOG: '[AccountSetup] ngOnInit: Checking user session...'
[1A[2KLOG: [36m'[AccountSetup] ngOnInit: Current user:', Object{name: 'Alice', email: 'alice@company.com'}[39m
Chrome 149.0.0.0 (Windows 10): Executed 73 of 170[31m (2 FAILED)[39m (0 secs / 0.544 secs)
LOG: '[AccountSetup] ngOnInit: Current user:', Object{name: 'Alice', email: 'alice@company.com'}
[1A[2KLOG: [36m'[AccountSetup] ngOnInit: Querying bank details for user:', 'Alice'[39m
Chrome 149.0.0.0 (Windows 10): Executed 73 of 170[31m (2 FAILED)[39m (0 secs / 0.544 secs)
LOG: '[AccountSetup] ngOnInit: Querying bank details for user:', 'Alice'
[1A[2KLOG: [36m'[AccountSetup] ngOnInit: No existing bank details found. Staying on page. Error details:', Error: Not found
Error: Not found
    at errorFactory (http://localhost:9876/_karma_webpack_/webpack:/src/app/account-setup/account-setup.component.spec.ts:34:62)
    at Observable._subscribe (http://localhost:9876/_karma_webpack_/webpack:/node_modules/rxjs/dist/esm/internal/observable/throwError.js:5:51)
    at Observable._trySubscribe (http://localhost:9876/_karma_webpack_/webpack:/node_modules/rxjs/dist/esm/internal/Observable.js:37:25)
    at cb (http://localhost:9876/_karma_webpack_/webpack:/node_modules/rxjs/dist/esm/internal/Observable.js:31:30)
    at errorContext (http://localhost:9876/_karma_webpack_/webpack:/node_modules/rxjs/dist/esm/internal/util/errorContext.js:19:9)
    at Observable.subscribe (http://localhost:9876/_karma_webpack_/webpack:/node_modules/rxjs/dist/esm/internal/Observable.js:22:21)
    at AccountSetupComponent.call [as ngOnInit] (http://localhost:9876/_karma_webpack_/webpack:/src/app/account-setup/account-setup.component.ts:87:44)
    at callHookInternal (http://localhost:9876/_karma_webpack_/webpack:/node_modules/@angular/core/fesm2022/_debug_node-chunk.mjs:555:10)
    at callHook (http://localhost:9876/_karma_webpack_/webpack:/node_modules/@angular/core/fesm2022/_debug_node-chunk.mjs:570:7)
    at callHooks (http://localhost:9876/_karma_webpack_/webpack:/node_modules/@angular/core/fesm2022/_debug_node-chunk.mjs:544:9)[39m
Chrome 149.0.0.0 (Windows 10): Executed 73 of 170[31m (2 FAILED)[39m (0 secs / 0.544 secs)
LOG: '[AccountSetup] ngOnInit: No existing bank details found. Staying on page. Error details:', Error: Not found
Error: Not found
    at errorFactory (http://localhost:9876/_karma_webpack_/webpack:/src/app/account-setup/account-setup.component.spec.ts:34:62)
    at Observable._subscribe (http://localhost:9876/_karma_webpack_/webpack:/node_modules/rxjs/dist/esm/internal/observable/throwError.js:5:51)
    at Observable._trySubscribe (http://localhost:9876/_karma_webpack_/webpack:/node_modules/rxjs/dist/esm/internal/Observable.js:37:25)
    at cb (http://localhost:9876/_karma_webpack_/webpack:/node_modules/rxjs/dist/esm/internal/Observable.js:31:30)
    at errorContext (http://localhost:9876/_karma_webpack_/webpack:/node_modules/rxjs/dist/esm/internal/util/errorContext.js:19:9)
    at Observable.subscribe (http://localhost:9876/_karma_webpack_/webpack:/node_modules/rxjs/dist/esm/internal/Observable.js:22:21)
    at AccountSetupComponent.call [as ngOnInit] (http://localhost:9876/_karma_webpack_/webpack:/src/app/account-setup/account-setup.component.ts:87:44)
    at callHookInternal (http://localhost:9876/_karma_webpack_/webpack:/node_modules/@angular/core/fesm2022/_debug_node-chunk.mjs:555:10)
    at callHook (http://localhost:9876/_karma_webpack_/webpack:/node_modules/@angular/core/fesm2022/_debug_node-chunk.mjs:570:7)
    at callHooks (http://localhost:9876/_karma_webpack_/webpack:/node_modules/@angular/core/fesm2022/_debug_node-chunk.mjs:544:9)
[1A[2KLOG: [36m'[AccountSetup] submit: Starting account setup form submission...'[39m
Chrome 149.0.0.0 (Windows 10): Executed 73 of 170[31m (2 FAILED)[39m (0 secs / 0.544 secs)
LOG: '[AccountSetup] submit: Starting account setup form submission...'
[1A[2KLOG: [36m'[AccountSetup] submit: Form valid status:', true[39m
Chrome 149.0.0.0 (Windows 10): Executed 73 of 170[31m (2 FAILED)[39m (0 secs / 0.544 secs)
LOG: '[AccountSetup] submit: Form valid status:', true
[1A[2KLOG: [36m'[AccountSetup] submit: Form value:', Object{accountNumber: '1234567890', bankName: 'Test Bank', branchName: 'Test Branch', address: 'Test Addr', ifscCode: 'IFSC123', email: 'test@test.com', phoneNumber: '12345678', creditCardNumber: '1111222233334444', cvv: '123', expiryDate: '12/28', otp: ''}[39m
Chrome 149.0.0.0 (Windows 10): Executed 73 of 170[31m (2 FAILED)[39m (0 secs / 0.544 secs)
LOG: '[AccountSetup] submit: Form value:', Object{accountNumber: '1234567890', bankName: 'Test Bank', branchName: 'Test Branch', address: 'Test Addr', ifscCode: 'IFSC123', email: 'test@test.com', phoneNumber: '12345678', creditCardNumber: '1111222233334444', cvv: '123', expiryDate: '12/28', otp: ''}
[1A[2KLOG: [36m'[AccountSetup] submit: Validating account number format:', '1234567890'[39m
Chrome 149.0.0.0 (Windows 10): Executed 73 of 170[31m (2 FAILED)[39m (0 secs / 0.544 secs)
LOG: '[AccountSetup] submit: Validating account number format:', '1234567890'
[1A[2KLOG: [36m'[AccountSetup] submit: Checking email verification status. isEmailVerified:', true[39m
Chrome 149.0.0.0 (Windows 10): Executed 73 of 170[31m (2 FAILED)[39m (0 secs / 0.544 secs)
LOG: '[AccountSetup] submit: Checking email verification status. isEmailVerified:', true
[1A[2KWARN: [36m'[AccountSetup] submit: Submission aborted. OTP missing.'[39m
Chrome 149.0.0.0 (Windows 10): Executed 73 of 170[31m (2 FAILED)[39m (0 secs / 0.544 secs)
WARN: '[AccountSetup] submit: Submission aborted. OTP missing.'
[1A[2K[31mChrome 149.0.0.0 (Windows 10) AccountSetupComponent should alert and redirect to /login if user session is missing during submit FAILED[39m
	Expected spy alert to have been called with:
	  [ 'You are not logged in. Please log in again and retry.' ]
	but actual calls were:
	  [ 'Please enter the OTP from your email before completing setup.' ].
	
	Call 0:
	  Expected $[0] = 'Please enter the OTP from your email before completing setup.' to equal 'You are not logged in. Please log in again and retry.'.
	Error: Expected spy alert to have been called with:
	  [ 'You are not logged in. Please log in again and retry.' ]
	but actual calls were:
	  [ 'Please enter the OTP from your email before completing setup.' ].
	Call 0:
	  Expected $[0] = 'Please enter the OTP from your email before completing setup.' to equal 'You are not logged in. Please log in again and retry.'.
	    at <Jasmine>
	    at UserContext.apply (src/app/account-setup/account-setup.component.spec.ts:201:22)
	    at _ZoneDelegate.invoke (node_modules/zone.js/fesm2015/zone.js:358:158)
	    at _ProxyZoneSpec.onInvoke (node_modules/zone.js/fesm2015/zone-testing.js:956:33)
	    at _ZoneDelegate.invoke (node_modules/zone.js/fesm2015/zone.js:358:46)
	Expected spy Router.navigate to have been called with:
	  [ [ '/login' ] ]
	but it was never called.
	    at <Jasmine>
	    at UserContext.apply (src/app/account-setup/account-setup.component.spec.ts:202:32)
	    at _ZoneDelegate.invoke (node_modules/zone.js/fesm2015/zone.js:358:158)
	    at _ProxyZoneSpec.onInvoke (node_modules/zone.js/fesm2015/zone-testing.js:956:33)
	    at _ZoneDelegate.invoke (node_modules/zone.js/fesm2015/zone.js:358:46)
Chrome 149.0.0.0 (Windows 10): Executed 74 of 170[31m (3 FAILED)[39m (0 secs / 0.551 secs)
[1A[2KLOG: [36m'[AccountSetup] ngOnInit: Checking user session...'[39m
Chrome 149.0.0.0 (Windows 10): Executed 74 of 170[31m (3 FAILED)[39m (0 secs / 0.551 secs)
LOG: '[AccountSetup] ngOnInit: Checking user session...'
[1A[2KLOG: [36m'[AccountSetup] ngOnInit: Current user:', Object{name: 'Alice', email: 'alice@company.com'}[39m
Chrome 149.0.0.0 (Windows 10): Executed 74 of 170[31m (3 FAILED)[39m (0 secs / 0.551 secs)
LOG: '[AccountSetup] ngOnInit: Current user:', Object{name: 'Alice', email: 'alice@company.com'}
[1A[2KLOG: [36m'[AccountSetup] ngOnInit: Querying bank details for user:', 'Alice'[39m
Chrome 149.0.0.0 (Windows 10): Executed 74 of 170[31m (3 FAILED)[39m (0 secs / 0.551 secs)
LOG: '[AccountSetup] ngOnInit: Querying bank details for user:', 'Alice'
[1A[2KLOG: [36m'[AccountSetup] ngOnInit: No existing bank details found. Staying on page. Error details:', Error: Not found
Error: Not found
    at errorFactory (http://localhost:9876/_karma_webpack_/webpack:/src/app/account-setup/account-setup.component.spec.ts:34:62)
    at Observable._subscribe (http://localhost:9876/_karma_webpack_/webpack:/node_modules/rxjs/dist/esm/internal/observable/throwError.js:5:51)
    at Observable._trySubscribe (http://localhost:9876/_karma_webpack_/webpack:/node_modules/rxjs/dist/esm/internal/Observable.js:37:25)
    at cb (http://localhost:9876/_karma_webpack_/webpack:/node_modules/rxjs/dist/esm/internal/Observable.js:31:30)
    at errorContext (http://localhost:9876/_karma_webpack_/webpack:/node_modules/rxjs/dist/esm/internal/util/errorContext.js:19:9)
    at Observable.subscribe (http://localhost:9876/_karma_webpack_/webpack:/node_modules/rxjs/dist/esm/internal/Observable.js:22:21)
    at AccountSetupComponent.call [as ngOnInit] (http://localhost:9876/_karma_webpack_/webpack:/src/app/account-setup/account-setup.component.ts:87:44)
    at callHookInternal (http://localhost:9876/_karma_webpack_/webpack:/node_modules/@angular/core/fesm2022/_debug_node-chunk.mjs:555:10)
    at callHook (http://localhost:9876/_karma_webpack_/webpack:/node_modules/@angular/core/fesm2022/_debug_node-chunk.mjs:570:7)
    at callHooks (http://localhost:9876/_karma_webpack_/webpack:/node_modules/@angular/core/fesm2022/_debug_node-chunk.mjs:544:9)[39m
Chrome 149.0.0.0 (Windows 10): Executed 74 of 170[31m (3 FAILED)[39m (0 secs / 0.551 secs)
LOG: '[AccountSetup] ngOnInit: No existing bank details found. Staying on page. Error details:', Error: Not found
Error: Not found
    at errorFactory (http://localhost:9876/_karma_webpack_/webpack:/src/app/account-setup/account-setup.component.spec.ts:34:62)
    at Observable._subscribe (http://localhost:9876/_karma_webpack_/webpack:/node_modules/rxjs/dist/esm/internal/observable/throwError.js:5:51)
    at Observable._trySubscribe (http://localhost:9876/_karma_webpack_/webpack:/node_modules/rxjs/dist/esm/internal/Observable.js:37:25)
    at cb (http://localhost:9876/_karma_webpack_/webpack:/node_modules/rxjs/dist/esm/internal/Observable.js:31:30)
    at errorContext (http://localhost:9876/_karma_webpack_/webpack:/node_modules/rxjs/dist/esm/internal/util/errorContext.js:19:9)
    at Observable.subscribe (http://localhost:9876/_karma_webpack_/webpack:/node_modules/rxjs/dist/esm/internal/Observable.js:22:21)
    at AccountSetupComponent.call [as ngOnInit] (http://localhost:9876/_karma_webpack_/webpack:/src/app/account-setup/account-setup.component.ts:87:44)
    at callHookInternal (http://localhost:9876/_karma_webpack_/webpack:/node_modules/@angular/core/fesm2022/_debug_node-chunk.mjs:555:10)
    at callHook (http://localhost:9876/_karma_webpack_/webpack:/node_modules/@angular/core/fesm2022/_debug_node-chunk.mjs:570:7)
    at callHooks (http://localhost:9876/_karma_webpack_/webpack:/node_modules/@angular/core/fesm2022/_debug_node-chunk.mjs:544:9)
[1A[2KLOG: [36m'[AccountSetup] sendOtp: Attempting to send OTP to contact:', ''[39m
Chrome 149.0.0.0 (Windows 10): Executed 74 of 170[31m (3 FAILED)[39m (0 secs / 0.551 secs)
LOG: '[AccountSetup] sendOtp: Attempting to send OTP to contact:', ''
[1A[2KChrome 149.0.0.0 (Windows 10): Executed 75 of 170[31m (3 FAILED)[39m (0 secs / 0.558 secs)
[1A[2KLOG: [36m'[AccountSetup] ngOnInit: Checking user session...'[39m
Chrome 149.0.0.0 (Windows 10): Executed 75 of 170[31m (3 FAILED)[39m (0 secs / 0.558 secs)
LOG: '[AccountSetup] ngOnInit: Checking user session...'
[1A[2KLOG: [36m'[AccountSetup] ngOnInit: Current user:', Object{name: 'Alice', email: 'alice@company.com'}[39m
Chrome 149.0.0.0 (Windows 10): Executed 75 of 170[31m (3 FAILED)[39m (0 secs / 0.558 secs)
LOG: '[AccountSetup] ngOnInit: Current user:', Object{name: 'Alice', email: 'alice@company.com'}
[1A[2KLOG: [36m'[AccountSetup] ngOnInit: Querying bank details for user:', 'Alice'[39m
Chrome 149.0.0.0 (Windows 10): Executed 75 of 170[31m (3 FAILED)[39m (0 secs / 0.558 secs)
LOG: '[AccountSetup] ngOnInit: Querying bank details for user:', 'Alice'
[1A[2KLOG: [36m'[AccountSetup] ngOnInit: No existing bank details found. Staying on page. Error details:', Error: Not found
Error: Not found
    at errorFactory (http://localhost:9876/_karma_webpack_/webpack:/src/app/account-setup/account-setup.component.spec.ts:34:62)
    at Observable._subscribe (http://localhost:9876/_karma_webpack_/webpack:/node_modules/rxjs/dist/esm/internal/observable/throwError.js:5:51)
    at Observable._trySubscribe (http://localhost:9876/_karma_webpack_/webpack:/node_modules/rxjs/dist/esm/internal/Observable.js:37:25)
    at cb (http://localhost:9876/_karma_webpack_/webpack:/node_modules/rxjs/dist/esm/internal/Observable.js:31:30)
    at errorContext (http://localhost:9876/_karma_webpack_/webpack:/node_modules/rxjs/dist/esm/internal/util/errorContext.js:19:9)
    at Observable.subscribe (http://localhost:9876/_karma_webpack_/webpack:/node_modules/rxjs/dist/esm/internal/Observable.js:22:21)
    at AccountSetupComponent.call [as ngOnInit] (http://localhost:9876/_karma_webpack_/webpack:/src/app/account-setup/account-setup.component.ts:87:44)
    at callHookInternal (http://localhost:9876/_karma_webpack_/webpack:/node_modules/@angular/core/fesm2022/_debug_node-chunk.mjs:555:10)
    at callHook (http://localhost:9876/_karma_webpack_/webpack:/node_modules/@angular/core/fesm2022/_debug_node-chunk.mjs:570:7)
    at callHooks (http://localhost:9876/_karma_webpack_/webpack:/node_modules/@angular/core/fesm2022/_debug_node-chunk.mjs:544:9)[39m
Chrome 149.0.0.0 (Windows 10): Executed 75 of 170[31m (3 FAILED)[39m (0 secs / 0.558 secs)
LOG: '[AccountSetup] ngOnInit: No existing bank details found. Staying on page. Error details:', Error: Not found
Error: Not found
    at errorFactory (http://localhost:9876/_karma_webpack_/webpack:/src/app/account-setup/account-setup.component.spec.ts:34:62)
    at Observable._subscribe (http://localhost:9876/_karma_webpack_/webpack:/node_modules/rxjs/dist/esm/internal/observable/throwError.js:5:51)
    at Observable._trySubscribe (http://localhost:9876/_karma_webpack_/webpack:/node_modules/rxjs/dist/esm/internal/Observable.js:37:25)
    at cb (http://localhost:9876/_karma_webpack_/webpack:/node_modules/rxjs/dist/esm/internal/Observable.js:31:30)
    at errorContext (http://localhost:9876/_karma_webpack_/webpack:/node_modules/rxjs/dist/esm/internal/util/errorContext.js:19:9)
    at Observable.subscribe (http://localhost:9876/_karma_webpack_/webpack:/node_modules/rxjs/dist/esm/internal/Observable.js:22:21)
    at AccountSetupComponent.call [as ngOnInit] (http://localhost:9876/_karma_webpack_/webpack:/src/app/account-setup/account-setup.component.ts:87:44)
    at callHookInternal (http://localhost:9876/_karma_webpack_/webpack:/node_modules/@angular/core/fesm2022/_debug_node-chunk.mjs:555:10)
    at callHook (http://localhost:9876/_karma_webpack_/webpack:/node_modules/@angular/core/fesm2022/_debug_node-chunk.mjs:570:7)
    at callHooks (http://localhost:9876/_karma_webpack_/webpack:/node_modules/@angular/core/fesm2022/_debug_node-chunk.mjs:544:9)
[1A[2KChrome 149.0.0.0 (Windows 10): Executed 76 of 170[31m (3 FAILED)[39m (0 secs / 0.563 secs)
[1A[2KLOG: [36m'[AccountSetup] ngOnInit: Checking user session...'[39m
Chrome 149.0.0.0 (Windows 10): Executed 76 of 170[31m (3 FAILED)[39m (0 secs / 0.563 secs)
LOG: '[AccountSetup] ngOnInit: Checking user session...'
[1A[2KLOG: [36m'[AccountSetup] ngOnInit: Current user:', Object{name: 'Alice', email: 'alice@company.com'}[39m
Chrome 149.0.0.0 (Windows 10): Executed 76 of 170[31m (3 FAILED)[39m (0 secs / 0.563 secs)
LOG: '[AccountSetup] ngOnInit: Current user:', Object{name: 'Alice', email: 'alice@company.com'}
[1A[2KLOG: [36m'[AccountSetup] ngOnInit: Querying bank details for user:', 'Alice'[39m
Chrome 149.0.0.0 (Windows 10): Executed 76 of 170[31m (3 FAILED)[39m (0 secs / 0.563 secs)
LOG: '[AccountSetup] ngOnInit: Querying bank details for user:', 'Alice'
[1A[2KLOG: [36m'[AccountSetup] ngOnInit: No existing bank details found. Staying on page. Error details:', Error: Not found
Error: Not found
    at errorFactory (http://localhost:9876/_karma_webpack_/webpack:/src/app/account-setup/account-setup.component.spec.ts:34:62)
    at Observable._subscribe (http://localhost:9876/_karma_webpack_/webpack:/node_modules/rxjs/dist/esm/internal/observable/throwError.js:5:51)
    at Observable._trySubscribe (http://localhost:9876/_karma_webpack_/webpack:/node_modules/rxjs/dist/esm/internal/Observable.js:37:25)
    at cb (http://localhost:9876/_karma_webpack_/webpack:/node_modules/rxjs/dist/esm/internal/Observable.js:31:30)
    at errorContext (http://localhost:9876/_karma_webpack_/webpack:/node_modules/rxjs/dist/esm/internal/util/errorContext.js:19:9)
    at Observable.subscribe (http://localhost:9876/_karma_webpack_/webpack:/node_modules/rxjs/dist/esm/internal/Observable.js:22:21)
    at AccountSetupComponent.call [as ngOnInit] (http://localhost:9876/_karma_webpack_/webpack:/src/app/account-setup/account-setup.component.ts:87:44)
    at callHookInternal (http://localhost:9876/_karma_webpack_/webpack:/node_modules/@angular/core/fesm2022/_debug_node-chunk.mjs:555:10)
    at callHook (http://localhost:9876/_karma_webpack_/webpack:/node_modules/@angular/core/fesm2022/_debug_node-chunk.mjs:570:7)
    at callHooks (http://localhost:9876/_karma_webpack_/webpack:/node_modules/@angular/core/fesm2022/_debug_node-chunk.mjs:544:9)[39m
Chrome 149.0.0.0 (Windows 10): Executed 76 of 170[31m (3 FAILED)[39m (0 secs / 0.563 secs)
LOG: '[AccountSetup] ngOnInit: No existing bank details found. Staying on page. Error details:', Error: Not found
Error: Not found
    at errorFactory (http://localhost:9876/_karma_webpack_/webpack:/src/app/account-setup/account-setup.component.spec.ts:34:62)
    at Observable._subscribe (http://localhost:9876/_karma_webpack_/webpack:/node_modules/rxjs/dist/esm/internal/observable/throwError.js:5:51)
    at Observable._trySubscribe (http://localhost:9876/_karma_webpack_/webpack:/node_modules/rxjs/dist/esm/internal/Observable.js:37:25)
    at cb (http://localhost:9876/_karma_webpack_/webpack:/node_modules/rxjs/dist/esm/internal/Observable.js:31:30)
    at errorContext (http://localhost:9876/_karma_webpack_/webpack:/node_modules/rxjs/dist/esm/internal/util/errorContext.js:19:9)
    at Observable.subscribe (http://localhost:9876/_karma_webpack_/webpack:/node_modules/rxjs/dist/esm/internal/Observable.js:22:21)
    at AccountSetupComponent.call [as ngOnInit] (http://localhost:9876/_karma_webpack_/webpack:/src/app/account-setup/account-setup.component.ts:87:44)
    at callHookInternal (http://localhost:9876/_karma_webpack_/webpack:/node_modules/@angular/core/fesm2022/_debug_node-chunk.mjs:555:10)
    at callHook (http://localhost:9876/_karma_webpack_/webpack:/node_modules/@angular/core/fesm2022/_debug_node-chunk.mjs:570:7)
    at callHooks (http://localhost:9876/_karma_webpack_/webpack:/node_modules/@angular/core/fesm2022/_debug_node-chunk.mjs:544:9)
[1A[2KLOG: [36m'[AccountSetup] submit: Starting account setup form submission...'[39m
Chrome 149.0.0.0 (Windows 10): Executed 76 of 170[31m (3 FAILED)[39m (0 secs / 0.563 secs)
LOG: '[AccountSetup] submit: Starting account setup form submission...'
[1A[2KLOG: [36m'[AccountSetup] submit: Form valid status:', true[39m
Chrome 149.0.0.0 (Windows 10): Executed 76 of 170[31m (3 FAILED)[39m (0 secs / 0.563 secs)
LOG: '[AccountSetup] submit: Form valid status:', true
[1A[2KLOG: [36m'[AccountSetup] submit: Form value:', Object{accountNumber: '1234567890', bankName: 'Test Bank', branchName: 'Test Branch', address: 'Test Addr', ifscCode: 'IFSC123', email: 'test@test.com', phoneNumber: '12345678', creditCardNumber: '1111222233334444', cvv: '123', expiryDate: '12/28', otp: ''}[39m
Chrome 149.0.0.0 (Windows 10): Executed 76 of 170[31m (3 FAILED)[39m (0 secs / 0.563 secs)
LOG: '[AccountSetup] submit: Form value:', Object{accountNumber: '1234567890', bankName: 'Test Bank', branchName: 'Test Branch', address: 'Test Addr', ifscCode: 'IFSC123', email: 'test@test.com', phoneNumber: '12345678', creditCardNumber: '1111222233334444', cvv: '123', expiryDate: '12/28', otp: ''}
[1A[2KLOG: [36m'[AccountSetup] submit: Validating account number format:', '1234567890'[39m
Chrome 149.0.0.0 (Windows 10): Executed 76 of 170[31m (3 FAILED)[39m (0 secs / 0.563 secs)
LOG: '[AccountSetup] submit: Validating account number format:', '1234567890'
[1A[2KLOG: [36m'[AccountSetup] submit: Checking email verification status. isEmailVerified:', true[39m
Chrome 149.0.0.0 (Windows 10): Executed 76 of 170[31m (3 FAILED)[39m (0 secs / 0.563 secs)
LOG: '[AccountSetup] submit: Checking email verification status. isEmailVerified:', true
[1A[2KWARN: [36m'[AccountSetup] submit: Submission aborted. OTP missing.'[39m
Chrome 149.0.0.0 (Windows 10): Executed 76 of 170[31m (3 FAILED)[39m (0 secs / 0.563 secs)
WARN: '[AccountSetup] submit: Submission aborted. OTP missing.'
[1A[2K[31mChrome 149.0.0.0 (Windows 10) AccountSetupComponent should submit successfully and navigate to dashboard FAILED[39m
	Expected spy AccountSetupService.create to have been called.
	    at <Jasmine>
	    at UserContext.apply (src/app/account-setup/account-setup.component.spec.ts:222:27)
	    at _ZoneDelegate.invoke (node_modules/zone.js/fesm2015/zone.js:358:158)
	    at _ProxyZoneSpec.onInvoke (node_modules/zone.js/fesm2015/zone-testing.js:956:33)
	    at _ZoneDelegate.invoke (node_modules/zone.js/fesm2015/zone.js:358:46)
	Expected spy alert to have been called with:
	  [ 'Account setup completed successfully!' ]
	but actual calls were:
	  [ 'Please enter the OTP from your email before completing setup.' ].
	
	Call 0:
	  Expected $[0] = 'Please enter the OTP from your email before completing setup.' to equal 'Account setup completed successfully!'.
	Error: Expected spy alert to have been called with:
	  [ 'Account setup completed successfully!' ]
	but actual calls were:
	  [ 'Please enter the OTP from your email before completing setup.' ].
	Call 0:
	  Expected $[0] = 'Please enter the OTP from your email before completing setup.' to equal 'Account setup completed successfully!'.
	    at <Jasmine>
	    at UserContext.apply (src/app/account-setup/account-setup.component.spec.ts:223:22)
	    at _ZoneDelegate.invoke (node_modules/zone.js/fesm2015/zone.js:358:158)
	    at _ProxyZoneSpec.onInvoke (node_modules/zone.js/fesm2015/zone-testing.js:956:33)
	    at _ZoneDelegate.invoke (node_modules/zone.js/fesm2015/zone.js:358:46)
	Expected spy Router.navigate to have been called with:
	  [ [ '/dashboard' ] ]
	but it was never called.
	    at <Jasmine>
	    at UserContext.apply (src/app/account-setup/account-setup.component.spec.ts:224:32)
	    at _ZoneDelegate.invoke (node_modules/zone.js/fesm2015/zone.js:358:158)
	    at _ProxyZoneSpec.onInvoke (node_modules/zone.js/fesm2015/zone-testing.js:956:33)
	    at _ZoneDelegate.invoke (node_modules/zone.js/fesm2015/zone.js:358:46)
Chrome 149.0.0.0 (Windows 10): Executed 77 of 170[31m (4 FAILED)[39m (0 secs / 0.57 secs)
[1A[2KLOG: [36m'[AccountSetup] ngOnInit: Checking user session...'[39m
Chrome 149.0.0.0 (Windows 10): Executed 77 of 170[31m (4 FAILED)[39m (0 secs / 0.57 secs)
LOG: '[AccountSetup] ngOnInit: Checking user session...'
[1A[2KLOG: [36m'[AccountSetup] ngOnInit: Current user:', Object{name: 'Alice', email: 'alice@company.com'}[39m
Chrome 149.0.0.0 (Windows 10): Executed 77 of 170[31m (4 FAILED)[39m (0 secs / 0.57 secs)
LOG: '[AccountSetup] ngOnInit: Current user:', Object{name: 'Alice', email: 'alice@company.com'}
[1A[2KLOG: [36m'[AccountSetup] ngOnInit: Querying bank details for user:', 'Alice'[39m
Chrome 149.0.0.0 (Windows 10): Executed 77 of 170[31m (4 FAILED)[39m (0 secs / 0.57 secs)
LOG: '[AccountSetup] ngOnInit: Querying bank details for user:', 'Alice'
[1A[2KLOG: [36m'[AccountSetup] ngOnInit: No existing bank details found. Staying on page. Error details:', Error: Not found
Error: Not found
    at errorFactory (http://localhost:9876/_karma_webpack_/webpack:/src/app/account-setup/account-setup.component.spec.ts:34:62)
    at Observable._subscribe (http://localhost:9876/_karma_webpack_/webpack:/node_modules/rxjs/dist/esm/internal/observable/throwError.js:5:51)
    at Observable._trySubscribe (http://localhost:9876/_karma_webpack_/webpack:/node_modules/rxjs/dist/esm/internal/Observable.js:37:25)
    at cb (http://localhost:9876/_karma_webpack_/webpack:/node_modules/rxjs/dist/esm/internal/Observable.js:31:30)
    at errorContext (http://localhost:9876/_karma_webpack_/webpack:/node_modules/rxjs/dist/esm/internal/util/errorContext.js:19:9)
    at Observable.subscribe (http://localhost:9876/_karma_webpack_/webpack:/node_modules/rxjs/dist/esm/internal/Observable.js:22:21)
    at AccountSetupComponent.call [as ngOnInit] (http://localhost:9876/_karma_webpack_/webpack:/src/app/account-setup/account-setup.component.ts:87:44)
    at callHookInternal (http://localhost:9876/_karma_webpack_/webpack:/node_modules/@angular/core/fesm2022/_debug_node-chunk.mjs:555:10)
    at callHook (http://localhost:9876/_karma_webpack_/webpack:/node_modules/@angular/core/fesm2022/_debug_node-chunk.mjs:570:7)
    at callHooks (http://localhost:9876/_karma_webpack_/webpack:/node_modules/@angular/core/fesm2022/_debug_node-chunk.mjs:544:9)[39m
Chrome 149.0.0.0 (Windows 10): Executed 77 of 170[31m (4 FAILED)[39m (0 secs / 0.57 secs)
LOG: '[AccountSetup] ngOnInit: No existing bank details found. Staying on page. Error details:', Error: Not found
Error: Not found
    at errorFactory (http://localhost:9876/_karma_webpack_/webpack:/src/app/account-setup/account-setup.component.spec.ts:34:62)
    at Observable._subscribe (http://localhost:9876/_karma_webpack_/webpack:/node_modules/rxjs/dist/esm/internal/observable/throwError.js:5:51)
    at Observable._trySubscribe (http://localhost:9876/_karma_webpack_/webpack:/node_modules/rxjs/dist/esm/internal/Observable.js:37:25)
    at cb (http://localhost:9876/_karma_webpack_/webpack:/node_modules/rxjs/dist/esm/internal/Observable.js:31:30)
    at errorContext (http://localhost:9876/_karma_webpack_/webpack:/node_modules/rxjs/dist/esm/internal/util/errorContext.js:19:9)
    at Observable.subscribe (http://localhost:9876/_karma_webpack_/webpack:/node_modules/rxjs/dist/esm/internal/Observable.js:22:21)
    at AccountSetupComponent.call [as ngOnInit] (http://localhost:9876/_karma_webpack_/webpack:/src/app/account-setup/account-setup.component.ts:87:44)
    at callHookInternal (http://localhost:9876/_karma_webpack_/webpack:/node_modules/@angular/core/fesm2022/_debug_node-chunk.mjs:555:10)
    at callHook (http://localhost:9876/_karma_webpack_/webpack:/node_modules/@angular/core/fesm2022/_debug_node-chunk.mjs:570:7)
    at callHooks (http://localhost:9876/_karma_webpack_/webpack:/node_modules/@angular/core/fesm2022/_debug_node-chunk.mjs:544:9)
[1A[2KChrome 149.0.0.0 (Windows 10): Executed 78 of 170[31m (4 FAILED)[39m (0 secs / 0.577 secs)
[1A[2KLOG: [36m'[AccountSetup] ngOnInit: Checking user session...'[39m
Chrome 149.0.0.0 (Windows 10): Executed 78 of 170[31m (4 FAILED)[39m (0 secs / 0.577 secs)
LOG: '[AccountSetup] ngOnInit: Checking user session...'
[1A[2KLOG: [36m'[AccountSetup] ngOnInit: Current user:', Object{name: 'Alice', email: 'alice@company.com'}[39m
Chrome 149.0.0.0 (Windows 10): Executed 78 of 170[31m (4 FAILED)[39m (0 secs / 0.577 secs)
LOG: '[AccountSetup] ngOnInit: Current user:', Object{name: 'Alice', email: 'alice@company.com'}
[1A[2KLOG: [36m'[AccountSetup] ngOnInit: Querying bank details for user:', 'Alice'[39m
Chrome 149.0.0.0 (Windows 10): Executed 78 of 170[31m (4 FAILED)[39m (0 secs / 0.577 secs)
LOG: '[AccountSetup] ngOnInit: Querying bank details for user:', 'Alice'
[1A[2KLOG: [36m'[AccountSetup] ngOnInit: No existing bank details found. Staying on page. Error details:', Error: Not found
Error: Not found
    at errorFactory (http://localhost:9876/_karma_webpack_/webpack:/src/app/account-setup/account-setup.component.spec.ts:34:62)
    at Observable._subscribe (http://localhost:9876/_karma_webpack_/webpack:/node_modules/rxjs/dist/esm/internal/observable/throwError.js:5:51)
    at Observable._trySubscribe (http://localhost:9876/_karma_webpack_/webpack:/node_modules/rxjs/dist/esm/internal/Observable.js:37:25)
    at cb (http://localhost:9876/_karma_webpack_/webpack:/node_modules/rxjs/dist/esm/internal/Observable.js:31:30)
    at errorContext (http://localhost:9876/_karma_webpack_/webpack:/node_modules/rxjs/dist/esm/internal/util/errorContext.js:19:9)
    at Observable.subscribe (http://localhost:9876/_karma_webpack_/webpack:/node_modules/rxjs/dist/esm/internal/Observable.js:22:21)
    at AccountSetupComponent.call [as ngOnInit] (http://localhost:9876/_karma_webpack_/webpack:/src/app/account-setup/account-setup.component.ts:87:44)
    at callHookInternal (http://localhost:9876/_karma_webpack_/webpack:/node_modules/@angular/core/fesm2022/_debug_node-chunk.mjs:555:10)
    at callHook (http://localhost:9876/_karma_webpack_/webpack:/node_modules/@angular/core/fesm2022/_debug_node-chunk.mjs:570:7)
    at callHooks (http://localhost:9876/_karma_webpack_/webpack:/node_modules/@angular/core/fesm2022/_debug_node-chunk.mjs:544:9)[39m
Chrome 149.0.0.0 (Windows 10): Executed 78 of 170[31m (4 FAILED)[39m (0 secs / 0.577 secs)
LOG: '[AccountSetup] ngOnInit: No existing bank details found. Staying on page. Error details:', Error: Not found
Error: Not found
    at errorFactory (http://localhost:9876/_karma_webpack_/webpack:/src/app/account-setup/account-setup.component.spec.ts:34:62)
    at Observable._subscribe (http://localhost:9876/_karma_webpack_/webpack:/node_modules/rxjs/dist/esm/internal/observable/throwError.js:5:51)
    at Observable._trySubscribe (http://localhost:9876/_karma_webpack_/webpack:/node_modules/rxjs/dist/esm/internal/Observable.js:37:25)
    at cb (http://localhost:9876/_karma_webpack_/webpack:/node_modules/rxjs/dist/esm/internal/Observable.js:31:30)
    at errorContext (http://localhost:9876/_karma_webpack_/webpack:/node_modules/rxjs/dist/esm/internal/util/errorContext.js:19:9)
    at Observable.subscribe (http://localhost:9876/_karma_webpack_/webpack:/node_modules/rxjs/dist/esm/internal/Observable.js:22:21)
    at AccountSetupComponent.call [as ngOnInit] (http://localhost:9876/_karma_webpack_/webpack:/src/app/account-setup/account-setup.component.ts:87:44)
    at callHookInternal (http://localhost:9876/_karma_webpack_/webpack:/node_modules/@angular/core/fesm2022/_debug_node-chunk.mjs:555:10)
    at callHook (http://localhost:9876/_karma_webpack_/webpack:/node_modules/@angular/core/fesm2022/_debug_node-chunk.mjs:570:7)
    at callHooks (http://localhost:9876/_karma_webpack_/webpack:/node_modules/@angular/core/fesm2022/_debug_node-chunk.mjs:544:9)
[1A[2KChrome 149.0.0.0 (Windows 10): Executed 79 of 170[31m (4 FAILED)[39m (0 secs / 0.583 secs)
[1A[2KLOG: [36m'[AccountSetup] ngOnInit: Checking user session...'[39m
Chrome 149.0.0.0 (Windows 10): Executed 79 of 170[31m (4 FAILED)[39m (0 secs / 0.583 secs)
LOG: '[AccountSetup] ngOnInit: Checking user session...'
[1A[2KLOG: [36m'[AccountSetup] ngOnInit: Current user:', Object{name: 'Alice', email: 'alice@company.com'}[39m
Chrome 149.0.0.0 (Windows 10): Executed 79 of 170[31m (4 FAILED)[39m (0 secs / 0.583 secs)
LOG: '[AccountSetup] ngOnInit: Current user:', Object{name: 'Alice', email: 'alice@company.com'}
[1A[2KLOG: [36m'[AccountSetup] ngOnInit: Querying bank details for user:', 'Alice'[39m
Chrome 149.0.0.0 (Windows 10): Executed 79 of 170[31m (4 FAILED)[39m (0 secs / 0.583 secs)
LOG: '[AccountSetup] ngOnInit: Querying bank details for user:', 'Alice'
[1A[2KLOG: [36m'[AccountSetup] ngOnInit: No existing bank details found. Staying on page. Error details:', Error: Not found
Error: Not found
    at errorFactory (http://localhost:9876/_karma_webpack_/webpack:/src/app/account-setup/account-setup.component.spec.ts:34:62)
    at Observable._subscribe (http://localhost:9876/_karma_webpack_/webpack:/node_modules/rxjs/dist/esm/internal/observable/throwError.js:5:51)
    at Observable._trySubscribe (http://localhost:9876/_karma_webpack_/webpack:/node_modules/rxjs/dist/esm/internal/Observable.js:37:25)
    at cb (http://localhost:9876/_karma_webpack_/webpack:/node_modules/rxjs/dist/esm/internal/Observable.js:31:30)
    at errorContext (http://localhost:9876/_karma_webpack_/webpack:/node_modules/rxjs/dist/esm/internal/util/errorContext.js:19:9)
    at Observable.subscribe (http://localhost:9876/_karma_webpack_/webpack:/node_modules/rxjs/dist/esm/internal/Observable.js:22:21)
    at AccountSetupComponent.call [as ngOnInit] (http://localhost:9876/_karma_webpack_/webpack:/src/app/account-setup/account-setup.component.ts:87:44)
    at callHookInternal (http://localhost:9876/_karma_webpack_/webpack:/node_modules/@angular/core/fesm2022/_debug_node-chunk.mjs:555:10)
    at callHook (http://localhost:9876/_karma_webpack_/webpack:/node_modules/@angular/core/fesm2022/_debug_node-chunk.mjs:570:7)
    at callHooks (http://localhost:9876/_karma_webpack_/webpack:/node_modules/@angular/core/fesm2022/_debug_node-chunk.mjs:544:9)[39m
Chrome 149.0.0.0 (Windows 10): Executed 79 of 170[31m (4 FAILED)[39m (0 secs / 0.583 secs)
LOG: '[AccountSetup] ngOnInit: No existing bank details found. Staying on page. Error details:', Error: Not found
Error: Not found
    at errorFactory (http://localhost:9876/_karma_webpack_/webpack:/src/app/account-setup/account-setup.component.spec.ts:34:62)
    at Observable._subscribe (http://localhost:9876/_karma_webpack_/webpack:/node_modules/rxjs/dist/esm/internal/observable/throwError.js:5:51)
    at Observable._trySubscribe (http://localhost:9876/_karma_webpack_/webpack:/node_modules/rxjs/dist/esm/internal/Observable.js:37:25)
    at cb (http://localhost:9876/_karma_webpack_/webpack:/node_modules/rxjs/dist/esm/internal/Observable.js:31:30)
    at errorContext (http://localhost:9876/_karma_webpack_/webpack:/node_modules/rxjs/dist/esm/internal/util/errorContext.js:19:9)
    at Observable.subscribe (http://localhost:9876/_karma_webpack_/webpack:/node_modules/rxjs/dist/esm/internal/Observable.js:22:21)
    at AccountSetupComponent.call [as ngOnInit] (http://localhost:9876/_karma_webpack_/webpack:/src/app/account-setup/account-setup.component.ts:87:44)
    at callHookInternal (http://localhost:9876/_karma_webpack_/webpack:/node_modules/@angular/core/fesm2022/_debug_node-chunk.mjs:555:10)
    at callHook (http://localhost:9876/_karma_webpack_/webpack:/node_modules/@angular/core/fesm2022/_debug_node-chunk.mjs:570:7)
    at callHooks (http://localhost:9876/_karma_webpack_/webpack:/node_modules/@angular/core/fesm2022/_debug_node-chunk.mjs:544:9)
[1A[2KLOG: [36m'[AccountSetup] submit: Starting account setup form submission...'[39m
Chrome 149.0.0.0 (Windows 10): Executed 79 of 170[31m (4 FAILED)[39m (0 secs / 0.583 secs)
LOG: '[AccountSetup] submit: Starting account setup form submission...'
[1A[2KLOG: [36m'[AccountSetup] submit: Form valid status:', true[39m
Chrome 149.0.0.0 (Windows 10): Executed 79 of 170[31m (4 FAILED)[39m (0 secs / 0.583 secs)
LOG: '[AccountSetup] submit: Form valid status:', true
[1A[2KLOG: [36m'[AccountSetup] submit: Form value:', Object{accountNumber: '1234567890', bankName: 'Test Bank', branchName: 'Test Branch', address: 'Test Addr', ifscCode: 'IFSC123', email: 'test@test.com', phoneNumber: '12345678', creditCardNumber: '1111222233334444', cvv: '123', expiryDate: '12/28', otp: ''}[39m
Chrome 149.0.0.0 (Windows 10): Executed 79 of 170[31m (4 FAILED)[39m (0 secs / 0.583 secs)
LOG: '[AccountSetup] submit: Form value:', Object{accountNumber: '1234567890', bankName: 'Test Bank', branchName: 'Test Branch', address: 'Test Addr', ifscCode: 'IFSC123', email: 'test@test.com', phoneNumber: '12345678', creditCardNumber: '1111222233334444', cvv: '123', expiryDate: '12/28', otp: ''}
[1A[2KLOG: [36m'[AccountSetup] submit: Validating account number format:', '1234567890'[39m
Chrome 149.0.0.0 (Windows 10): Executed 79 of 170[31m (4 FAILED)[39m (0 secs / 0.583 secs)
LOG: '[AccountSetup] submit: Validating account number format:', '1234567890'
[1A[2KLOG: [36m'[AccountSetup] submit: Checking email verification status. isEmailVerified:', false[39m
Chrome 149.0.0.0 (Windows 10): Executed 79 of 170[31m (4 FAILED)[39m (0 secs / 0.583 secs)
LOG: '[AccountSetup] submit: Checking email verification status. isEmailVerified:', false
[1A[2KWARN: [36m'[AccountSetup] submit: Submission aborted. Email not verified.'[39m
Chrome 149.0.0.0 (Windows 10): Executed 79 of 170[31m (4 FAILED)[39m (0 secs / 0.583 secs)
WARN: '[AccountSetup] submit: Submission aborted. Email not verified.'
[1A[2KChrome 149.0.0.0 (Windows 10): Executed 80 of 170[31m (4 FAILED)[39m (0 secs / 0.589 secs)
[1A[2KLOG: [36m'[AccountSetup] ngOnInit: Checking user session...'[39m
Chrome 149.0.0.0 (Windows 10): Executed 80 of 170[31m (4 FAILED)[39m (0 secs / 0.589 secs)
LOG: '[AccountSetup] ngOnInit: Checking user session...'
[1A[2KLOG: [36m'[AccountSetup] ngOnInit: Current user:', Object{name: 'Alice', email: 'alice@company.com'}[39m
Chrome 149.0.0.0 (Windows 10): Executed 80 of 170[31m (4 FAILED)[39m (0 secs / 0.589 secs)
LOG: '[AccountSetup] ngOnInit: Current user:', Object{name: 'Alice', email: 'alice@company.com'}
[1A[2KLOG: [36m'[AccountSetup] ngOnInit: Querying bank details for user:', 'Alice'[39m
Chrome 149.0.0.0 (Windows 10): Executed 80 of 170[31m (4 FAILED)[39m (0 secs / 0.589 secs)
LOG: '[AccountSetup] ngOnInit: Querying bank details for user:', 'Alice'
[1A[2KLOG: [36m'[AccountSetup] ngOnInit: No existing bank details found. Staying on page. Error details:', Error: Not found
Error: Not found
    at errorFactory (http://localhost:9876/_karma_webpack_/webpack:/src/app/account-setup/account-setup.component.spec.ts:34:62)
    at Observable._subscribe (http://localhost:9876/_karma_webpack_/webpack:/node_modules/rxjs/dist/esm/internal/observable/throwError.js:5:51)
    at Observable._trySubscribe (http://localhost:9876/_karma_webpack_/webpack:/node_modules/rxjs/dist/esm/internal/Observable.js:37:25)
    at cb (http://localhost:9876/_karma_webpack_/webpack:/node_modules/rxjs/dist/esm/internal/Observable.js:31:30)
    at errorContext (http://localhost:9876/_karma_webpack_/webpack:/node_modules/rxjs/dist/esm/internal/util/errorContext.js:19:9)
    at Observable.subscribe (http://localhost:9876/_karma_webpack_/webpack:/node_modules/rxjs/dist/esm/internal/Observable.js:22:21)
    at AccountSetupComponent.call [as ngOnInit] (http://localhost:9876/_karma_webpack_/webpack:/src/app/account-setup/account-setup.component.ts:87:44)
    at callHookInternal (http://localhost:9876/_karma_webpack_/webpack:/node_modules/@angular/core/fesm2022/_debug_node-chunk.mjs:555:10)
    at callHook (http://localhost:9876/_karma_webpack_/webpack:/node_modules/@angular/core/fesm2022/_debug_node-chunk.mjs:570:7)
    at callHooks (http://localhost:9876/_karma_webpack_/webpack:/node_modules/@angular/core/fesm2022/_debug_node-chunk.mjs:544:9)[39m
Chrome 149.0.0.0 (Windows 10): Executed 80 of 170[31m (4 FAILED)[39m (0 secs / 0.589 secs)
LOG: '[AccountSetup] ngOnInit: No existing bank details found. Staying on page. Error details:', Error: Not found
Error: Not found
    at errorFactory (http://localhost:9876/_karma_webpack_/webpack:/src/app/account-setup/account-setup.component.spec.ts:34:62)
    at Observable._subscribe (http://localhost:9876/_karma_webpack_/webpack:/node_modules/rxjs/dist/esm/internal/observable/throwError.js:5:51)
    at Observable._trySubscribe (http://localhost:9876/_karma_webpack_/webpack:/node_modules/rxjs/dist/esm/internal/Observable.js:37:25)
    at cb (http://localhost:9876/_karma_webpack_/webpack:/node_modules/rxjs/dist/esm/internal/Observable.js:31:30)
    at errorContext (http://localhost:9876/_karma_webpack_/webpack:/node_modules/rxjs/dist/esm/internal/util/errorContext.js:19:9)
    at Observable.subscribe (http://localhost:9876/_karma_webpack_/webpack:/node_modules/rxjs/dist/esm/internal/Observable.js:22:21)
    at AccountSetupComponent.call [as ngOnInit] (http://localhost:9876/_karma_webpack_/webpack:/src/app/account-setup/account-setup.component.ts:87:44)
    at callHookInternal (http://localhost:9876/_karma_webpack_/webpack:/node_modules/@angular/core/fesm2022/_debug_node-chunk.mjs:555:10)
    at callHook (http://localhost:9876/_karma_webpack_/webpack:/node_modules/@angular/core/fesm2022/_debug_node-chunk.mjs:570:7)
    at callHooks (http://localhost:9876/_karma_webpack_/webpack:/node_modules/@angular/core/fesm2022/_debug_node-chunk.mjs:544:9)
[1A[2KChrome 149.0.0.0 (Windows 10): Executed 81 of 170[31m (4 FAILED)[39m (0 secs / 0.597 secs)
[1A[2KLOG: [36m'[AccountSetup] ngOnInit: Checking user session...'[39m
Chrome 149.0.0.0 (Windows 10): Executed 81 of 170[31m (4 FAILED)[39m (0 secs / 0.597 secs)
LOG: '[AccountSetup] ngOnInit: Checking user session...'
[1A[2KLOG: [36m'[AccountSetup] ngOnInit: Current user:', Object{name: 'Alice', email: 'alice@company.com'}[39m
Chrome 149.0.0.0 (Windows 10): Executed 81 of 170[31m (4 FAILED)[39m (0 secs / 0.597 secs)
LOG: '[AccountSetup] ngOnInit: Current user:', Object{name: 'Alice', email: 'alice@company.com'}
[1A[2KLOG: [36m'[AccountSetup] ngOnInit: Querying bank details for user:', 'Alice'[39m
Chrome 149.0.0.0 (Windows 10): Executed 81 of 170[31m (4 FAILED)[39m (0 secs / 0.597 secs)
LOG: '[AccountSetup] ngOnInit: Querying bank details for user:', 'Alice'
[1A[2KLOG: [36m'[AccountSetup] ngOnInit: No existing bank details found. Staying on page. Error details:', Error: Not found
Error: Not found
    at errorFactory (http://localhost:9876/_karma_webpack_/webpack:/src/app/account-setup/account-setup.component.spec.ts:34:62)
    at Observable._subscribe (http://localhost:9876/_karma_webpack_/webpack:/node_modules/rxjs/dist/esm/internal/observable/throwError.js:5:51)
    at Observable._trySubscribe (http://localhost:9876/_karma_webpack_/webpack:/node_modules/rxjs/dist/esm/internal/Observable.js:37:25)
    at cb (http://localhost:9876/_karma_webpack_/webpack:/node_modules/rxjs/dist/esm/internal/Observable.js:31:30)
    at errorContext (http://localhost:9876/_karma_webpack_/webpack:/node_modules/rxjs/dist/esm/internal/util/errorContext.js:19:9)
    at Observable.subscribe (http://localhost:9876/_karma_webpack_/webpack:/node_modules/rxjs/dist/esm/internal/Observable.js:22:21)
    at AccountSetupComponent.call [as ngOnInit] (http://localhost:9876/_karma_webpack_/webpack:/src/app/account-setup/account-setup.component.ts:87:44)
    at callHookInternal (http://localhost:9876/_karma_webpack_/webpack:/node_modules/@angular/core/fesm2022/_debug_node-chunk.mjs:555:10)
    at callHook (http://localhost:9876/_karma_webpack_/webpack:/node_modules/@angular/core/fesm2022/_debug_node-chunk.mjs:570:7)
    at callHooks (http://localhost:9876/_karma_webpack_/webpack:/node_modules/@angular/core/fesm2022/_debug_node-chunk.mjs:544:9)[39m
Chrome 149.0.0.0 (Windows 10): Executed 81 of 170[31m (4 FAILED)[39m (0 secs / 0.597 secs)
LOG: '[AccountSetup] ngOnInit: No existing bank details found. Staying on page. Error details:', Error: Not found
Error: Not found
    at errorFactory (http://localhost:9876/_karma_webpack_/webpack:/src/app/account-setup/account-setup.component.spec.ts:34:62)
    at Observable._subscribe (http://localhost:9876/_karma_webpack_/webpack:/node_modules/rxjs/dist/esm/internal/observable/throwError.js:5:51)
    at Observable._trySubscribe (http://localhost:9876/_karma_webpack_/webpack:/node_modules/rxjs/dist/esm/internal/Observable.js:37:25)
    at cb (http://localhost:9876/_karma_webpack_/webpack:/node_modules/rxjs/dist/esm/internal/Observable.js:31:30)
    at errorContext (http://localhost:9876/_karma_webpack_/webpack:/node_modules/rxjs/dist/esm/internal/util/errorContext.js:19:9)
    at Observable.subscribe (http://localhost:9876/_karma_webpack_/webpack:/node_modules/rxjs/dist/esm/internal/Observable.js:22:21)
    at AccountSetupComponent.call [as ngOnInit] (http://localhost:9876/_karma_webpack_/webpack:/src/app/account-setup/account-setup.component.ts:87:44)
    at callHookInternal (http://localhost:9876/_karma_webpack_/webpack:/node_modules/@angular/core/fesm2022/_debug_node-chunk.mjs:555:10)
    at callHook (http://localhost:9876/_karma_webpack_/webpack:/node_modules/@angular/core/fesm2022/_debug_node-chunk.mjs:570:7)
    at callHooks (http://localhost:9876/_karma_webpack_/webpack:/node_modules/@angular/core/fesm2022/_debug_node-chunk.mjs:544:9)
[1A[2KChrome 149.0.0.0 (Windows 10): Executed 82 of 170[31m (4 FAILED)[39m (0 secs / 0.603 secs)
[1A[2KLOG: [36m'[AccountSetup] ngOnInit: Checking user session...'[39m
Chrome 149.0.0.0 (Windows 10): Executed 82 of 170[31m (4 FAILED)[39m (0 secs / 0.603 secs)
LOG: '[AccountSetup] ngOnInit: Checking user session...'
[1A[2KLOG: [36m'[AccountSetup] ngOnInit: Current user:', Object{name: 'Alice', email: 'alice@company.com'}[39m
Chrome 149.0.0.0 (Windows 10): Executed 82 of 170[31m (4 FAILED)[39m (0 secs / 0.603 secs)
LOG: '[AccountSetup] ngOnInit: Current user:', Object{name: 'Alice', email: 'alice@company.com'}
[1A[2KLOG: [36m'[AccountSetup] ngOnInit: Querying bank details for user:', 'Alice'[39m
Chrome 149.0.0.0 (Windows 10): Executed 82 of 170[31m (4 FAILED)[39m (0 secs / 0.603 secs)
LOG: '[AccountSetup] ngOnInit: Querying bank details for user:', 'Alice'
[1A[2KLOG: [36m'[AccountSetup] ngOnInit: No existing bank details found. Staying on page. Error details:', Error: Not found
Error: Not found
    at errorFactory (http://localhost:9876/_karma_webpack_/webpack:/src/app/account-setup/account-setup.component.spec.ts:34:62)
    at Observable._subscribe (http://localhost:9876/_karma_webpack_/webpack:/node_modules/rxjs/dist/esm/internal/observable/throwError.js:5:51)
    at Observable._trySubscribe (http://localhost:9876/_karma_webpack_/webpack:/node_modules/rxjs/dist/esm/internal/Observable.js:37:25)
    at cb (http://localhost:9876/_karma_webpack_/webpack:/node_modules/rxjs/dist/esm/internal/Observable.js:31:30)
    at errorContext (http://localhost:9876/_karma_webpack_/webpack:/node_modules/rxjs/dist/esm/internal/util/errorContext.js:19:9)
    at Observable.subscribe (http://localhost:9876/_karma_webpack_/webpack:/node_modules/rxjs/dist/esm/internal/Observable.js:22:21)
    at AccountSetupComponent.call [as ngOnInit] (http://localhost:9876/_karma_webpack_/webpack:/src/app/account-setup/account-setup.component.ts:87:44)
    at callHookInternal (http://localhost:9876/_karma_webpack_/webpack:/node_modules/@angular/core/fesm2022/_debug_node-chunk.mjs:555:10)
    at callHook (http://localhost:9876/_karma_webpack_/webpack:/node_modules/@angular/core/fesm2022/_debug_node-chunk.mjs:570:7)
    at callHooks (http://localhost:9876/_karma_webpack_/webpack:/node_modules/@angular/core/fesm2022/_debug_node-chunk.mjs:544:9)[39m
Chrome 149.0.0.0 (Windows 10): Executed 82 of 170[31m (4 FAILED)[39m (0 secs / 0.603 secs)
LOG: '[AccountSetup] ngOnInit: No existing bank details found. Staying on page. Error details:', Error: Not found
Error: Not found
    at errorFactory (http://localhost:9876/_karma_webpack_/webpack:/src/app/account-setup/account-setup.component.spec.ts:34:62)
    at Observable._subscribe (http://localhost:9876/_karma_webpack_/webpack:/node_modules/rxjs/dist/esm/internal/observable/throwError.js:5:51)
    at Observable._trySubscribe (http://localhost:9876/_karma_webpack_/webpack:/node_modules/rxjs/dist/esm/internal/Observable.js:37:25)
    at cb (http://localhost:9876/_karma_webpack_/webpack:/node_modules/rxjs/dist/esm/internal/Observable.js:31:30)
    at errorContext (http://localhost:9876/_karma_webpack_/webpack:/node_modules/rxjs/dist/esm/internal/util/errorContext.js:19:9)
    at Observable.subscribe (http://localhost:9876/_karma_webpack_/webpack:/node_modules/rxjs/dist/esm/internal/Observable.js:22:21)
    at AccountSetupComponent.call [as ngOnInit] (http://localhost:9876/_karma_webpack_/webpack:/src/app/account-setup/account-setup.component.ts:87:44)
    at callHookInternal (http://localhost:9876/_karma_webpack_/webpack:/node_modules/@angular/core/fesm2022/_debug_node-chunk.mjs:555:10)
    at callHook (http://localhost:9876/_karma_webpack_/webpack:/node_modules/@angular/core/fesm2022/_debug_node-chunk.mjs:570:7)
    at callHooks (http://localhost:9876/_karma_webpack_/webpack:/node_modules/@angular/core/fesm2022/_debug_node-chunk.mjs:544:9)
[1A[2KLOG: [36m'[AccountSetup] sendOtp: Attempting to send OTP to contact:', 'test@example.com'[39m
Chrome 149.0.0.0 (Windows 10): Executed 82 of 170[31m (4 FAILED)[39m (0 secs / 0.603 secs)
LOG: '[AccountSetup] sendOtp: Attempting to send OTP to contact:', 'test@example.com'
[1A[2KLOG: [36m'[AccountSetup] sendOtp: OTP sent successfully. Response:', Object{}[39m
Chrome 149.0.0.0 (Windows 10): Executed 82 of 170[31m (4 FAILED)[39m (0 secs / 0.603 secs)
LOG: '[AccountSetup] sendOtp: OTP sent successfully. Response:', Object{}
[1A[2KChrome 149.0.0.0 (Windows 10): Executed 83 of 170[31m (4 FAILED)[39m (0 secs / 0.618 secs)
[1A[2KLOG: [36m'[AccountSetup] ngOnInit: Checking user session...'[39m
Chrome 149.0.0.0 (Windows 10): Executed 83 of 170[31m (4 FAILED)[39m (0 secs / 0.618 secs)
LOG: '[AccountSetup] ngOnInit: Checking user session...'
[1A[2KLOG: [36m'[AccountSetup] ngOnInit: Current user:', Object{name: 'Alice', email: 'alice@company.com'}[39m
Chrome 149.0.0.0 (Windows 10): Executed 83 of 170[31m (4 FAILED)[39m (0 secs / 0.618 secs)
LOG: '[AccountSetup] ngOnInit: Current user:', Object{name: 'Alice', email: 'alice@company.com'}
[1A[2KLOG: [36m'[AccountSetup] ngOnInit: Querying bank details for user:', 'Alice'[39m
Chrome 149.0.0.0 (Windows 10): Executed 83 of 170[31m (4 FAILED)[39m (0 secs / 0.618 secs)
LOG: '[AccountSetup] ngOnInit: Querying bank details for user:', 'Alice'
[1A[2KLOG: [36m'[AccountSetup] ngOnInit: No existing bank details found. Staying on page. Error details:', Error: Not found
Error: Not found
    at errorFactory (http://localhost:9876/_karma_webpack_/webpack:/src/app/account-setup/account-setup.component.spec.ts:34:62)
    at Observable._subscribe (http://localhost:9876/_karma_webpack_/webpack:/node_modules/rxjs/dist/esm/internal/observable/throwError.js:5:51)
    at Observable._trySubscribe (http://localhost:9876/_karma_webpack_/webpack:/node_modules/rxjs/dist/esm/internal/Observable.js:37:25)
    at cb (http://localhost:9876/_karma_webpack_/webpack:/node_modules/rxjs/dist/esm/internal/Observable.js:31:30)
    at errorContext (http://localhost:9876/_karma_webpack_/webpack:/node_modules/rxjs/dist/esm/internal/util/errorContext.js:19:9)
    at Observable.subscribe (http://localhost:9876/_karma_webpack_/webpack:/node_modules/rxjs/dist/esm/internal/Observable.js:22:21)
    at AccountSetupComponent.call [as ngOnInit] (http://localhost:9876/_karma_webpack_/webpack:/src/app/account-setup/account-setup.component.ts:87:44)
    at callHookInternal (http://localhost:9876/_karma_webpack_/webpack:/node_modules/@angular/core/fesm2022/_debug_node-chunk.mjs:555:10)
    at callHook (http://localhost:9876/_karma_webpack_/webpack:/node_modules/@angular/core/fesm2022/_debug_node-chunk.mjs:570:7)
    at callHooks (http://localhost:9876/_karma_webpack_/webpack:/node_modules/@angular/core/fesm2022/_debug_node-chunk.mjs:544:9)[39m
Chrome 149.0.0.0 (Windows 10): Executed 83 of 170[31m (4 FAILED)[39m (0 secs / 0.618 secs)
LOG: '[AccountSetup] ngOnInit: No existing bank details found. Staying on page. Error details:', Error: Not found
Error: Not found
    at errorFactory (http://localhost:9876/_karma_webpack_/webpack:/src/app/account-setup/account-setup.component.spec.ts:34:62)
    at Observable._subscribe (http://localhost:9876/_karma_webpack_/webpack:/node_modules/rxjs/dist/esm/internal/observable/throwError.js:5:51)
    at Observable._trySubscribe (http://localhost:9876/_karma_webpack_/webpack:/node_modules/rxjs/dist/esm/internal/Observable.js:37:25)
    at cb (http://localhost:9876/_karma_webpack_/webpack:/node_modules/rxjs/dist/esm/internal/Observable.js:31:30)
    at errorContext (http://localhost:9876/_karma_webpack_/webpack:/node_modules/rxjs/dist/esm/internal/util/errorContext.js:19:9)
    at Observable.subscribe (http://localhost:9876/_karma_webpack_/webpack:/node_modules/rxjs/dist/esm/internal/Observable.js:22:21)
    at AccountSetupComponent.call [as ngOnInit] (http://localhost:9876/_karma_webpack_/webpack:/src/app/account-setup/account-setup.component.ts:87:44)
    at callHookInternal (http://localhost:9876/_karma_webpack_/webpack:/node_modules/@angular/core/fesm2022/_debug_node-chunk.mjs:555:10)
    at callHook (http://localhost:9876/_karma_webpack_/webpack:/node_modules/@angular/core/fesm2022/_debug_node-chunk.mjs:570:7)
    at callHooks (http://localhost:9876/_karma_webpack_/webpack:/node_modules/@angular/core/fesm2022/_debug_node-chunk.mjs:544:9)
[1A[2KLOG: [36m'[AccountSetup] sendOtp: Attempting to send OTP to contact:', 'test@example.com'[39m
Chrome 149.0.0.0 (Windows 10): Executed 83 of 170[31m (4 FAILED)[39m (0 secs / 0.618 secs)
LOG: '[AccountSetup] sendOtp: Attempting to send OTP to contact:', 'test@example.com'
[1A[2KERROR: [36m'[AccountSetup] sendOtp: Failed to send OTP. Error:', Object{error: Object{message: 'SMTP error'}}[39m
Chrome 149.0.0.0 (Windows 10): Executed 83 of 170[31m (4 FAILED)[39m (0 secs / 0.618 secs)
ERROR: '[AccountSetup] sendOtp: Failed to send OTP. Error:', Object{error: Object{message: 'SMTP error'}}
[1A[2KChrome 149.0.0.0 (Windows 10): Executed 84 of 170[31m (4 FAILED)[39m (0 secs / 0.626 secs)
[1A[2KChrome 149.0.0.0 (Windows 10): Executed 85 of 170[31m (4 FAILED)[39m (0 secs / 0.632 secs)
[1A[2KChrome 149.0.0.0 (Windows 10): Executed 86 of 170[31m (4 FAILED)[39m (0 secs / 0.633 secs)
[1A[2KLOG: [36m'[App] Session replaced by another tab. Marking this session as expired.'[39m
Chrome 149.0.0.0 (Windows 10): Executed 86 of 170[31m (4 FAILED)[39m (0 secs / 0.633 secs)
LOG: '[App] Session replaced by another tab. Marking this session as expired.'
[1A[2KChrome 149.0.0.0 (Windows 10): Executed 87 of 170[31m (4 FAILED)[39m (0 secs / 0.634 secs)
[1A[2KLOG: [36m'[App] Session replaced by another tab. Marking this session as expired.'[39m
Chrome 149.0.0.0 (Windows 10): Executed 87 of 170[31m (4 FAILED)[39m (0 secs / 0.634 secs)
LOG: '[App] Session replaced by another tab. Marking this session as expired.'
[1A[2KChrome 149.0.0.0 (Windows 10): Executed 88 of 170[31m (4 FAILED)[39m (0 secs / 0.636 secs)
[1A[2KChrome 149.0.0.0 (Windows 10): Executed 89 of 170[31m (4 FAILED)[39m (0 secs / 0.637 secs)
[1A[2KChrome 149.0.0.0 (Windows 10): Executed 90 of 170[31m (4 FAILED)[39m (0 secs / 0.638 secs)
[1A[2KChrome 149.0.0.0 (Windows 10): Executed 91 of 170[31m (4 FAILED)[39m (0 secs / 0.645 secs)
[1A[2KChrome 149.0.0.0 (Windows 10): Executed 92 of 170[31m (4 FAILED)[39m (0 secs / 0.648 secs)
[1A[2KERROR: [36m'Reset failed:', Error: Expired token
Error: Expired token
    at errorFactory (http://localhost:9876/_karma_webpack_/webpack:/src/app/reset-password/reset-password.component.spec.ts:108:67)
    at Observable._subscribe (http://localhost:9876/_karma_webpack_/webpack:/node_modules/rxjs/dist/esm/internal/observable/throwError.js:5:51)
    at Observable._trySubscribe (http://localhost:9876/_karma_webpack_/webpack:/node_modules/rxjs/dist/esm/internal/Observable.js:37:25)
    at cb (http://localhost:9876/_karma_webpack_/webpack:/node_modules/rxjs/dist/esm/internal/Observable.js:31:30)
    at errorContext (http://localhost:9876/_karma_webpack_/webpack:/node_modules/rxjs/dist/esm/internal/util/errorContext.js:19:9)
    at Observable.subscribe (http://localhost:9876/_karma_webpack_/webpack:/node_modules/rxjs/dist/esm/internal/Observable.js:22:21)
    at ResetPasswordComponent.submit (http://localhost:9876/_karma_webpack_/webpack:/src/app/reset-password/reset-password.component.ts:65:86)
    at UserContext.apply (http://localhost:9876/_karma_webpack_/webpack:/src/app/reset-password/reset-password.component.spec.ts:114:15)
    at _ZoneDelegate.invoke (http://localhost:9876/_karma_webpack_/webpack:/node_modules/zone.js/fesm2015/zone.js:358:158)
    at _ProxyZoneSpec.onInvoke (http://localhost:9876/_karma_webpack_/webpack:/node_modules/zone.js/fesm2015/zone-testing.js:956:33)[39m
Chrome 149.0.0.0 (Windows 10): Executed 92 of 170[31m (4 FAILED)[39m (0 secs / 0.648 secs)
ERROR: 'Reset failed:', Error: Expired token
Error: Expired token
    at errorFactory (http://localhost:9876/_karma_webpack_/webpack:/src/app/reset-password/reset-password.component.spec.ts:108:67)
    at Observable._subscribe (http://localhost:9876/_karma_webpack_/webpack:/node_modules/rxjs/dist/esm/internal/observable/throwError.js:5:51)
    at Observable._trySubscribe (http://localhost:9876/_karma_webpack_/webpack:/node_modules/rxjs/dist/esm/internal/Observable.js:37:25)
    at cb (http://localhost:9876/_karma_webpack_/webpack:/node_modules/rxjs/dist/esm/internal/Observable.js:31:30)
    at errorContext (http://localhost:9876/_karma_webpack_/webpack:/node_modules/rxjs/dist/esm/internal/util/errorContext.js:19:9)
    at Observable.subscribe (http://localhost:9876/_karma_webpack_/webpack:/node_modules/rxjs/dist/esm/internal/Observable.js:22:21)
    at ResetPasswordComponent.submit (http://localhost:9876/_karma_webpack_/webpack:/src/app/reset-password/reset-password.component.ts:65:86)
    at UserContext.apply (http://localhost:9876/_karma_webpack_/webpack:/src/app/reset-password/reset-password.component.spec.ts:114:15)
    at _ZoneDelegate.invoke (http://localhost:9876/_karma_webpack_/webpack:/node_modules/zone.js/fesm2015/zone.js:358:158)
    at _ProxyZoneSpec.onInvoke (http://localhost:9876/_karma_webpack_/webpack:/node_modules/zone.js/fesm2015/zone-testing.js:956:33)
[1A[2KChrome 149.0.0.0 (Windows 10): Executed 93 of 170[31m (4 FAILED)[39m (0 secs / 0.657 secs)
[1A[2KChrome 149.0.0.0 (Windows 10): Executed 94 of 170[31m (4 FAILED)[39m (0 secs / 0.663 secs)
[1A[2KChrome 149.0.0.0 (Windows 10): Executed 95 of 170[31m (4 FAILED)[39m (0 secs / 0.668 secs)
[1A[2KChrome 149.0.0.0 (Windows 10): Executed 96 of 170[31m (4 FAILED)[39m (0 secs / 0.668 secs)
[1A[2KChrome 149.0.0.0 (Windows 10): Executed 97 of 170[31m (4 FAILED)[39m (0 secs / 0.668 secs)
[1A[2KChrome 149.0.0.0 (Windows 10): Executed 98 of 170[31m (4 FAILED)[39m (0 secs / 0.669 secs)
[1A[2KChrome 149.0.0.0 (Windows 10): Executed 99 of 170[31m (4 FAILED)[39m (0 secs / 0.669 secs)
[1A[2KChrome 149.0.0.0 (Windows 10): Executed 100 of 170[31m (4 FAILED)[39m (0 secs / 0.67 secs)
[1A[2KChrome 149.0.0.0 (Windows 10): Executed 101 of 170[31m (4 FAILED)[39m (0 secs / 0.671 secs)
[1A[2KChrome 149.0.0.0 (Windows 10): Executed 102 of 170[31m (4 FAILED)[39m (0 secs / 0.672 secs)
[1A[2KChrome 149.0.0.0 (Windows 10): Executed 103 of 170[31m (4 FAILED)[39m (0 secs / 0.69 secs)
[1A[2KChrome 149.0.0.0 (Windows 10): Executed 104 of 170[31m (4 FAILED)[39m (0 secs / 0.698 secs)
[1A[2KChrome 149.0.0.0 (Windows 10): Executed 105 of 170[31m (4 FAILED)[39m (0 secs / 0.703 secs)
[1A[2KChrome 149.0.0.0 (Windows 10): Executed 106 of 170[31m (4 FAILED)[39m (0 secs / 0.71 secs)
[1A[2KChrome 149.0.0.0 (Windows 10): Executed 107 of 170[31m (4 FAILED)[39m (0 secs / 0.717 secs)
[1A[2KChrome 149.0.0.0 (Windows 10): Executed 108 of 170[31m (4 FAILED)[39m (0 secs / 0.723 secs)
[1A[2K[31mChrome 149.0.0.0 (Windows 10) SignupComponent should submit and login successfully (first login -> account setup) FAILED[39m
	Expected spy navigate to have been called with:
	  [ [ '/account-setup' ] ]
	but it was never called.
	    at <Jasmine>
	    at UserContext.apply (src/app/signup/signup.component.spec.ts:139:29)
	    at _ZoneDelegate.invoke (node_modules/zone.js/fesm2015/zone.js:358:158)
	    at _ProxyZoneSpec.onInvoke (node_modules/zone.js/fesm2015/zone-testing.js:956:33)
	    at _ZoneDelegate.invoke (node_modules/zone.js/fesm2015/zone.js:358:46)
Chrome 149.0.0.0 (Windows 10): Executed 109 of 170[31m (5 FAILED)[39m (0 secs / 0.732 secs)
[1A[2KChrome 149.0.0.0 (Windows 10): Executed 110 of 170[31m (5 FAILED)[39m (0 secs / 0.737 secs)
[1A[2KChrome 149.0.0.0 (Windows 10): Executed 111 of 170[31m (5 FAILED)[39m (0 secs / 0.745 secs)
[1A[2KChrome 149.0.0.0 (Windows 10): Executed 112 of 170[31m (5 FAILED)[39m (0 secs / 0.753 secs)
[1A[2KChrome 149.0.0.0 (Windows 10): Executed 113 of 170[31m (5 FAILED)[39m (0 secs / 0.768 secs)
[1A[2KChrome 149.0.0.0 (Windows 10): Executed 114 of 170[31m (5 FAILED)[39m (0 secs / 0.775 secs)
[1A[2KChrome 149.0.0.0 (Windows 10): Executed 115 of 170[31m (5 FAILED)[39m (0 secs / 0.782 secs)
[1A[2KChrome 149.0.0.0 (Windows 10): Executed 116 of 170[31m (5 FAILED)[39m (0 secs / 0.783 secs)
[1A[2KChrome 149.0.0.0 (Windows 10): Executed 117 of 170[31m (5 FAILED)[39m (0 secs / 0.784 secs)
[1A[2KChrome 149.0.0.0 (Windows 10): Executed 118 of 170[31m (5 FAILED)[39m (0 secs / 0.785 secs)
[1A[2KChrome 149.0.0.0 (Windows 10): Executed 119 of 170[31m (5 FAILED)[39m (0 secs / 0.786 secs)
[1A[2KChrome 149.0.0.0 (Windows 10): Executed 120 of 170[31m (5 FAILED)[39m (0 secs / 0.788 secs)
[1A[2KChrome 149.0.0.0 (Windows 10): Executed 121 of 170[31m (5 FAILED)[39m (0 secs / 0.788 secs)
[1A[2KChrome 149.0.0.0 (Windows 10): Executed 122 of 170[31m (5 FAILED)[39m (0 secs / 0.789 secs)
[1A[2KChrome 149.0.0.0 (Windows 10): Executed 123 of 170[31m (5 FAILED)[39m (0 secs / 0.789 secs)
[1A[2KChrome 149.0.0.0 (Windows 10): Executed 124 of 170[31m (5 FAILED)[39m (0 secs / 0.79 secs)
[1A[2KChrome 149.0.0.0 (Windows 10): Executed 125 of 170[31m (5 FAILED)[39m (0 secs / 0.79 secs)
[1A[2KChrome 149.0.0.0 (Windows 10): Executed 126 of 170[31m (5 FAILED)[39m (0 secs / 0.791 secs)
[1A[2KChrome 149.0.0.0 (Windows 10): Executed 127 of 170[31m (5 FAILED)[39m (0 secs / 0.791 secs)
[1A[2KChrome 149.0.0.0 (Windows 10): Executed 128 of 170[31m (5 FAILED)[39m (0 secs / 0.791 secs)
[1A[2KChrome 149.0.0.0 (Windows 10): Executed 129 of 170[31m (5 FAILED)[39m (0 secs / 0.792 secs)
[1A[2KChrome 149.0.0.0 (Windows 10): Executed 130 of 170[31m (5 FAILED)[39m (0 secs / 0.793 secs)
[1A[2KChrome 149.0.0.0 (Windows 10): Executed 131 of 170[31m (5 FAILED)[39m (0 secs / 0.801 secs)
[1A[2KChrome 149.0.0.0 (Windows 10): Executed 132 of 170[31m (5 FAILED)[39m (0 secs / 0.803 secs)
[1A[2KChrome 149.0.0.0 (Windows 10): Executed 133 of 170[31m (5 FAILED)[39m (0 secs / 0.805 secs)
[1A[2KChrome 149.0.0.0 (Windows 10): Executed 134 of 170[31m (5 FAILED)[39m (0 secs / 0.806 secs)
[1A[2KChrome 149.0.0.0 (Windows 10): Executed 135 of 170[31m (5 FAILED)[39m (0 secs / 0.808 secs)
[1A[2KChrome 149.0.0.0 (Windows 10): Executed 136 of 170[31m (5 FAILED)[39m (0 secs / 0.81 secs)
[1A[2KChrome 149.0.0.0 (Windows 10): Executed 137 of 170[31m (5 FAILED)[39m (0 secs / 0.812 secs)
[1A[2KERROR: [36m'Failed to create chart: can't acquire context from the given item'[39m
Chrome 149.0.0.0 (Windows 10): Executed 137 of 170[31m (5 FAILED)[39m (0 secs / 0.812 secs)
ERROR: 'Failed to create chart: can't acquire context from the given item'
[1A[2KERROR: [36m'Failed to create chart: can't acquire context from the given item'[39m
Chrome 149.0.0.0 (Windows 10): Executed 137 of 170[31m (5 FAILED)[39m (0 secs / 0.812 secs)
ERROR: 'Failed to create chart: can't acquire context from the given item'
[1A[2KERROR: [36m'Failed to create chart: can't acquire context from the given item'[39m
Chrome 149.0.0.0 (Windows 10): Executed 137 of 170[31m (5 FAILED)[39m (0 secs / 0.812 secs)
ERROR: 'Failed to create chart: can't acquire context from the given item'
[1A[2KERROR: [36m'Failed to create chart: can't acquire context from the given item'[39m
Chrome 149.0.0.0 (Windows 10): Executed 137 of 170[31m (5 FAILED)[39m (0 secs / 0.812 secs)
ERROR: 'Failed to create chart: can't acquire context from the given item'
[1A[2KChrome 149.0.0.0 (Windows 10): Executed 138 of 170[31m (5 FAILED)[39m (0 secs / 0.824 secs)
[1A[2KChrome 149.0.0.0 (Windows 10): Executed 139 of 170[31m (5 FAILED)[39m (0 secs / 0.828 secs)
[1A[2KChrome 149.0.0.0 (Windows 10): Executed 140 of 170[31m (5 FAILED)[39m (0 secs / 0.832 secs)
[1A[2KChrome 149.0.0.0 (Windows 10): Executed 141 of 170[31m (5 FAILED)[39m (0 secs / 0.847 secs)
[1A[2KERROR: [36m'Error fetching reward history:', Error: History error
Error: History error
    at errorFactory (http://localhost:9876/_karma_webpack_/webpack:/src/app/rewards/rewards.component.spec.ts:141:72)
    at Observable._subscribe (http://localhost:9876/_karma_webpack_/webpack:/node_modules/rxjs/dist/esm/internal/observable/throwError.js:5:51)
    at Observable._trySubscribe (http://localhost:9876/_karma_webpack_/webpack:/node_modules/rxjs/dist/esm/internal/Observable.js:37:25)
    at cb (http://localhost:9876/_karma_webpack_/webpack:/node_modules/rxjs/dist/esm/internal/Observable.js:31:30)
    at errorContext (http://localhost:9876/_karma_webpack_/webpack:/node_modules/rxjs/dist/esm/internal/util/errorContext.js:19:9)
    at Observable.subscribe (http://localhost:9876/_karma_webpack_/webpack:/node_modules/rxjs/dist/esm/internal/Observable.js:22:21)
    at Object.next (http://localhost:9876/_karma_webpack_/webpack:/src/app/rewards/rewards.component.ts:88:56)
    at ConsumerObserver.next (http://localhost:9876/_karma_webpack_/webpack:/node_modules/rxjs/dist/esm/internal/Subscriber.js:91:33)
    at SafeSubscriber._next (http://localhost:9876/_karma_webpack_/webpack:/node_modules/rxjs/dist/esm/internal/Subscriber.js:60:26)
    at SafeSubscriber.next (http://localhost:9876/_karma_webpack_/webpack:/node_modules/rxjs/dist/esm/internal/Subscriber.js:31:18)[39m
Chrome 149.0.0.0 (Windows 10): Executed 141 of 170[31m (5 FAILED)[39m (0 secs / 0.847 secs)
ERROR: 'Error fetching reward history:', Error: History error
Error: History error
    at errorFactory (http://localhost:9876/_karma_webpack_/webpack:/src/app/rewards/rewards.component.spec.ts:141:72)
    at Observable._subscribe (http://localhost:9876/_karma_webpack_/webpack:/node_modules/rxjs/dist/esm/internal/observable/throwError.js:5:51)
    at Observable._trySubscribe (http://localhost:9876/_karma_webpack_/webpack:/node_modules/rxjs/dist/esm/internal/Observable.js:37:25)
    at cb (http://localhost:9876/_karma_webpack_/webpack:/node_modules/rxjs/dist/esm/internal/Observable.js:31:30)
    at errorContext (http://localhost:9876/_karma_webpack_/webpack:/node_modules/rxjs/dist/esm/internal/util/errorContext.js:19:9)
    at Observable.subscribe (http://localhost:9876/_karma_webpack_/webpack:/node_modules/rxjs/dist/esm/internal/Observable.js:22:21)
    at Object.next (http://localhost:9876/_karma_webpack_/webpack:/src/app/rewards/rewards.component.ts:88:56)
    at ConsumerObserver.next (http://localhost:9876/_karma_webpack_/webpack:/node_modules/rxjs/dist/esm/internal/Subscriber.js:91:33)
    at SafeSubscriber._next (http://localhost:9876/_karma_webpack_/webpack:/node_modules/rxjs/dist/esm/internal/Subscriber.js:60:26)
    at SafeSubscriber.next (http://localhost:9876/_karma_webpack_/webpack:/node_modules/rxjs/dist/esm/internal/Subscriber.js:31:18)
[1A[2KChrome 149.0.0.0 (Windows 10): Executed 142 of 170[31m (5 FAILED)[39m (0 secs / 0.852 secs)
[1A[2KChrome 149.0.0.0 (Windows 10): Executed 143 of 170[31m (5 FAILED)[39m (0 secs / 0.855 secs)
[1A[2KERROR: [36m'Error fetching account details:', Error: Account error
Error: Account error
    at errorFactory (http://localhost:9876/_karma_webpack_/webpack:/src/app/rewards/rewards.component.spec.ts:99:80)
    at Observable._subscribe (http://localhost:9876/_karma_webpack_/webpack:/node_modules/rxjs/dist/esm/internal/observable/throwError.js:5:51)
    at Observable._trySubscribe (http://localhost:9876/_karma_webpack_/webpack:/node_modules/rxjs/dist/esm/internal/Observable.js:37:25)
    at cb (http://localhost:9876/_karma_webpack_/webpack:/node_modules/rxjs/dist/esm/internal/Observable.js:31:30)
    at errorContext (http://localhost:9876/_karma_webpack_/webpack:/node_modules/rxjs/dist/esm/internal/util/errorContext.js:19:9)
    at Observable.subscribe (http://localhost:9876/_karma_webpack_/webpack:/node_modules/rxjs/dist/esm/internal/Observable.js:22:21)
    at Object.next (http://localhost:9876/_karma_webpack_/webpack:/src/app/rewards/rewards.component.ts:49:82)
    at ConsumerObserver.next (http://localhost:9876/_karma_webpack_/webpack:/node_modules/rxjs/dist/esm/internal/Subscriber.js:91:33)
    at SafeSubscriber._next (http://localhost:9876/_karma_webpack_/webpack:/node_modules/rxjs/dist/esm/internal/Subscriber.js:60:26)
    at SafeSubscriber.next (http://localhost:9876/_karma_webpack_/webpack:/node_modules/rxjs/dist/esm/internal/Subscriber.js:31:18)[39m
Chrome 149.0.0.0 (Windows 10): Executed 143 of 170[31m (5 FAILED)[39m (0 secs / 0.855 secs)
ERROR: 'Error fetching account details:', Error: Account error
Error: Account error
    at errorFactory (http://localhost:9876/_karma_webpack_/webpack:/src/app/rewards/rewards.component.spec.ts:99:80)
    at Observable._subscribe (http://localhost:9876/_karma_webpack_/webpack:/node_modules/rxjs/dist/esm/internal/observable/throwError.js:5:51)
    at Observable._trySubscribe (http://localhost:9876/_karma_webpack_/webpack:/node_modules/rxjs/dist/esm/internal/Observable.js:37:25)
    at cb (http://localhost:9876/_karma_webpack_/webpack:/node_modules/rxjs/dist/esm/internal/Observable.js:31:30)
    at errorContext (http://localhost:9876/_karma_webpack_/webpack:/node_modules/rxjs/dist/esm/internal/util/errorContext.js:19:9)
    at Observable.subscribe (http://localhost:9876/_karma_webpack_/webpack:/node_modules/rxjs/dist/esm/internal/Observable.js:22:21)
    at Object.next (http://localhost:9876/_karma_webpack_/webpack:/src/app/rewards/rewards.component.ts:49:82)
    at ConsumerObserver.next (http://localhost:9876/_karma_webpack_/webpack:/node_modules/rxjs/dist/esm/internal/Subscriber.js:91:33)
    at SafeSubscriber._next (http://localhost:9876/_karma_webpack_/webpack:/node_modules/rxjs/dist/esm/internal/Subscriber.js:60:26)
    at SafeSubscriber.next (http://localhost:9876/_karma_webpack_/webpack:/node_modules/rxjs/dist/esm/internal/Subscriber.js:31:18)
[1A[2KChrome 149.0.0.0 (Windows 10): Executed 144 of 170[31m (5 FAILED)[39m (0 secs / 0.859 secs)
[1A[2KChrome 149.0.0.0 (Windows 10): Executed 145 of 170[31m (5 FAILED)[39m (0 secs / 0.863 secs)
[1A[2KERROR: [36m'Error fetching bank details:', Error: Not found
Error: Not found
    at errorFactory (http://localhost:9876/_karma_webpack_/webpack:/src/app/rewards/rewards.component.spec.ts:78:78)
    at Observable._subscribe (http://localhost:9876/_karma_webpack_/webpack:/node_modules/rxjs/dist/esm/internal/observable/throwError.js:5:51)
    at Observable._trySubscribe (http://localhost:9876/_karma_webpack_/webpack:/node_modules/rxjs/dist/esm/internal/Observable.js:37:25)
    at cb (http://localhost:9876/_karma_webpack_/webpack:/node_modules/rxjs/dist/esm/internal/Observable.js:31:30)
    at errorContext (http://localhost:9876/_karma_webpack_/webpack:/node_modules/rxjs/dist/esm/internal/util/errorContext.js:19:9)
    at Observable.subscribe (http://localhost:9876/_karma_webpack_/webpack:/node_modules/rxjs/dist/esm/internal/Observable.js:22:21)
    at RewardsComponent.loadRewardsData (http://localhost:9876/_karma_webpack_/webpack:/src/app/rewards/rewards.component.ts:46:57)
    at RewardsComponent.call [as ngOnInit] (http://localhost:9876/_karma_webpack_/webpack:/src/app/rewards/rewards.component.ts:38:12)
    at callHookInternal (http://localhost:9876/_karma_webpack_/webpack:/node_modules/@angular/core/fesm2022/_debug_node-chunk.mjs:555:10)
    at callHook (http://localhost:9876/_karma_webpack_/webpack:/node_modules/@angular/core/fesm2022/_debug_node-chunk.mjs:570:7)[39m
Chrome 149.0.0.0 (Windows 10): Executed 145 of 170[31m (5 FAILED)[39m (0 secs / 0.863 secs)
ERROR: 'Error fetching bank details:', Error: Not found
Error: Not found
    at errorFactory (http://localhost:9876/_karma_webpack_/webpack:/src/app/rewards/rewards.component.spec.ts:78:78)
    at Observable._subscribe (http://localhost:9876/_karma_webpack_/webpack:/node_modules/rxjs/dist/esm/internal/observable/throwError.js:5:51)
    at Observable._trySubscribe (http://localhost:9876/_karma_webpack_/webpack:/node_modules/rxjs/dist/esm/internal/Observable.js:37:25)
    at cb (http://localhost:9876/_karma_webpack_/webpack:/node_modules/rxjs/dist/esm/internal/Observable.js:31:30)
    at errorContext (http://localhost:9876/_karma_webpack_/webpack:/node_modules/rxjs/dist/esm/internal/util/errorContext.js:19:9)
    at Observable.subscribe (http://localhost:9876/_karma_webpack_/webpack:/node_modules/rxjs/dist/esm/internal/Observable.js:22:21)
    at RewardsComponent.loadRewardsData (http://localhost:9876/_karma_webpack_/webpack:/src/app/rewards/rewards.component.ts:46:57)
    at RewardsComponent.call [as ngOnInit] (http://localhost:9876/_karma_webpack_/webpack:/src/app/rewards/rewards.component.ts:38:12)
    at callHookInternal (http://localhost:9876/_karma_webpack_/webpack:/node_modules/@angular/core/fesm2022/_debug_node-chunk.mjs:555:10)
    at callHook (http://localhost:9876/_karma_webpack_/webpack:/node_modules/@angular/core/fesm2022/_debug_node-chunk.mjs:570:7)
[1A[2KChrome 149.0.0.0 (Windows 10): Executed 146 of 170[31m (5 FAILED)[39m (0 secs / 0.877 secs)
[1A[2KChrome 149.0.0.0 (Windows 10): Executed 147 of 170[31m (5 FAILED)[39m (0 secs / 0.881 secs)
[1A[2KERROR: [36m'Error initializing reward account:', Error: Init error
Error: Init error
    at errorFactory (http://localhost:9876/_karma_webpack_/webpack:/src/app/rewards/rewards.component.spec.ts:122:79)
    at Observable._subscribe (http://localhost:9876/_karma_webpack_/webpack:/node_modules/rxjs/dist/esm/internal/observable/throwError.js:5:51)
    at Observable._trySubscribe (http://localhost:9876/_karma_webpack_/webpack:/node_modules/rxjs/dist/esm/internal/Observable.js:37:25)
    at cb (http://localhost:9876/_karma_webpack_/webpack:/node_modules/rxjs/dist/esm/internal/Observable.js:31:30)
    at errorContext (http://localhost:9876/_karma_webpack_/webpack:/node_modules/rxjs/dist/esm/internal/util/errorContext.js:19:9)
    at Observable.subscribe (http://localhost:9876/_karma_webpack_/webpack:/node_modules/rxjs/dist/esm/internal/Observable.js:22:21)
    at RewardsComponent.fetchRewards (http://localhost:9876/_karma_webpack_/webpack:/src/app/rewards/rewards.component.ts:83:59)
    at Object.next (http://localhost:9876/_karma_webpack_/webpack:/src/app/rewards/rewards.component.ts:53:22)
    at ConsumerObserver.next (http://localhost:9876/_karma_webpack_/webpack:/node_modules/rxjs/dist/esm/internal/Subscriber.js:91:33)
    at SafeSubscriber._next (http://localhost:9876/_karma_webpack_/webpack:/node_modules/rxjs/dist/esm/internal/Subscriber.js:60:26)[39m
Chrome 149.0.0.0 (Windows 10): Executed 147 of 170[31m (5 FAILED)[39m (0 secs / 0.881 secs)
ERROR: 'Error initializing reward account:', Error: Init error
Error: Init error
    at errorFactory (http://localhost:9876/_karma_webpack_/webpack:/src/app/rewards/rewards.component.spec.ts:122:79)
    at Observable._subscribe (http://localhost:9876/_karma_webpack_/webpack:/node_modules/rxjs/dist/esm/internal/observable/throwError.js:5:51)
    at Observable._trySubscribe (http://localhost:9876/_karma_webpack_/webpack:/node_modules/rxjs/dist/esm/internal/Observable.js:37:25)
    at cb (http://localhost:9876/_karma_webpack_/webpack:/node_modules/rxjs/dist/esm/internal/Observable.js:31:30)
    at errorContext (http://localhost:9876/_karma_webpack_/webpack:/node_modules/rxjs/dist/esm/internal/util/errorContext.js:19:9)
    at Observable.subscribe (http://localhost:9876/_karma_webpack_/webpack:/node_modules/rxjs/dist/esm/internal/Observable.js:22:21)
    at RewardsComponent.fetchRewards (http://localhost:9876/_karma_webpack_/webpack:/src/app/rewards/rewards.component.ts:83:59)
    at Object.next (http://localhost:9876/_karma_webpack_/webpack:/src/app/rewards/rewards.component.ts:53:22)
    at ConsumerObserver.next (http://localhost:9876/_karma_webpack_/webpack:/node_modules/rxjs/dist/esm/internal/Subscriber.js:91:33)
    at SafeSubscriber._next (http://localhost:9876/_karma_webpack_/webpack:/node_modules/rxjs/dist/esm/internal/Subscriber.js:60:26)
[1A[2KChrome 149.0.0.0 (Windows 10): Executed 148 of 170[31m (5 FAILED)[39m (0 secs / 0.886 secs)
[1A[2KChrome 149.0.0.0 (Windows 10): Executed 149 of 170[31m (5 FAILED)[39m (0 secs / 0.89 secs)
[1A[2KChrome 149.0.0.0 (Windows 10): Executed 150 of 170[31m (5 FAILED)[39m (0 secs / 0.893 secs)
[1A[2KChrome 149.0.0.0 (Windows 10): Executed 151 of 170[31m (5 FAILED)[39m (0 secs / 0.897 secs)
[1A[2KChrome 149.0.0.0 (Windows 10): Executed 152 of 170[31m (5 FAILED)[39m (0 secs / 0.9 secs)
[1A[2KChrome 149.0.0.0 (Windows 10): Executed 153 of 170[31m (5 FAILED)[39m (0 secs / 0.931 secs)
[1A[2KChrome 149.0.0.0 (Windows 10): Executed 154 of 170[31m (5 FAILED)[39m (0 secs / 0.937 secs)
[1A[2KChrome 149.0.0.0 (Windows 10): Executed 155 of 170[31m (5 FAILED)[39m (0 secs / 0.942 secs)
[1A[2KLOG: [36m'≡ƒöô [Profile] Opening PIN Modal'[39m
Chrome 149.0.0.0 (Windows 10): Executed 155 of 170[31m (5 FAILED)[39m (0 secs / 0.942 secs)
LOG: '≡ƒöô [Profile] Opening PIN Modal'
[1A[2KLOG: [36m'≡ƒöÿ [Profile] Save PIN clicked. Status:', 'INVALID', 'Value:', ''[39m
Chrome 149.0.0.0 (Windows 10): Executed 155 of 170[31m (5 FAILED)[39m (0 secs / 0.942 secs)
LOG: '≡ƒöÿ [Profile] Save PIN clicked. Status:', 'INVALID', 'Value:', ''
[1A[2KWARN: [36m'ΓÜá∩╕Å [Profile] PIN Form is INVALID. Errors:', Object{required: true}[39m
Chrome 149.0.0.0 (Windows 10): Executed 155 of 170[31m (5 FAILED)[39m (0 secs / 0.942 secs)
WARN: 'ΓÜá∩╕Å [Profile] PIN Form is INVALID. Errors:', Object{required: true}
[1A[2KLOG: [36m'≡ƒöÿ [Profile] Save PIN clicked. Status:', 'INVALID', 'Value:', '12'[39m
Chrome 149.0.0.0 (Windows 10): Executed 155 of 170[31m (5 FAILED)[39m (0 secs / 0.942 secs)
LOG: '≡ƒöÿ [Profile] Save PIN clicked. Status:', 'INVALID', 'Value:', '12'
[1A[2KWARN: [36m'ΓÜá∩╕Å [Profile] PIN Form is INVALID. Errors:', Object{pattern: Object{requiredPattern: '/^\d{4}$/', actualValue: '12'}}[39m
Chrome 149.0.0.0 (Windows 10): Executed 155 of 170[31m (5 FAILED)[39m (0 secs / 0.942 secs)
WARN: 'ΓÜá∩╕Å [Profile] PIN Form is INVALID. Errors:', Object{pattern: Object{requiredPattern: '/^\d{4}$/', actualValue: '12'}}
[1A[2KChrome 149.0.0.0 (Windows 10): Executed 156 of 170[31m (5 FAILED)[39m (0 secs / 0.978 secs)
[1A[2KChrome 149.0.0.0 (Windows 10): Executed 157 of 170[31m (5 FAILED)[39m (0 secs / 0.985 secs)
[1A[2KChrome 149.0.0.0 (Windows 10): Executed 158 of 170[31m (5 FAILED)[39m (0 secs / 0.991 secs)
[1A[2KChrome 149.0.0.0 (Windows 10): Executed 159 of 170[31m (5 FAILED)[39m (0 secs / 0.996 secs)
[1A[2KChrome 149.0.0.0 (Windows 10): Executed 160 of 170[31m (5 FAILED)[39m (0 secs / 1 sec)
[1A[2KChrome 149.0.0.0 (Windows 10): Executed 161 of 170[31m (5 FAILED)[39m (0 secs / 1.004 secs)
[1A[2KChrome 149.0.0.0 (Windows 10): Executed 162 of 170[31m (5 FAILED)[39m (0 secs / 1.009 secs)
[1A[2KChrome 149.0.0.0 (Windows 10): Executed 163 of 170[31m (5 FAILED)[39m (0 secs / 1.013 secs)
[1A[2KChrome 149.0.0.0 (Windows 10): Executed 164 of 170[31m (5 FAILED)[39m (0 secs / 1.017 secs)
[1A[2KLOG: [36m'≡ƒöô [Profile] Opening PIN Modal'[39m
Chrome 149.0.0.0 (Windows 10): Executed 164 of 170[31m (5 FAILED)[39m (0 secs / 1.017 secs)
LOG: '≡ƒöô [Profile] Opening PIN Modal'
[1A[2KLOG: [36m'≡ƒöÆ [Profile] Closing PIN Modal'[39m
Chrome 149.0.0.0 (Windows 10): Executed 164 of 170[31m (5 FAILED)[39m (0 secs / 1.017 secs)
LOG: '≡ƒöÆ [Profile] Closing PIN Modal'
[1A[2KChrome 149.0.0.0 (Windows 10): Executed 165 of 170[31m (5 FAILED)[39m (0 secs / 1.029 secs)
[1A[2KLOG: [36m'≡ƒöô [Profile] Opening PIN Modal'[39m
Chrome 149.0.0.0 (Windows 10): Executed 165 of 170[31m (5 FAILED)[39m (0 secs / 1.029 secs)
LOG: '≡ƒöô [Profile] Opening PIN Modal'
[1A[2KLOG: [36m'≡ƒöÿ [Profile] Save PIN clicked. Status:', 'VALID', 'Value:', '1234'[39m
Chrome 149.0.0.0 (Windows 10): Executed 165 of 170[31m (5 FAILED)[39m (0 secs / 1.029 secs)
LOG: '≡ƒöÿ [Profile] Save PIN clicked. Status:', 'VALID', 'Value:', '1234'
[1A[2KLOG: [36m'≡ƒôí [Profile] Sending PIN update for user:', 'testuser'[39m
Chrome 149.0.0.0 (Windows 10): Executed 165 of 170[31m (5 FAILED)[39m (0 secs / 1.029 secs)
LOG: '≡ƒôí [Profile] Sending PIN update for user:', 'testuser'
[1A[2KERROR: [36m'Γ¥î [Profile] Set PIN error:', Error: Bank details not found
Error: Bank details not found
    at errorFactory (http://localhost:9876/_karma_webpack_/webpack:/src/app/profile/profile.component.spec.ts:250:52)
    at Observable._subscribe (http://localhost:9876/_karma_webpack_/webpack:/node_modules/rxjs/dist/esm/internal/observable/throwError.js:5:51)
    at Observable._trySubscribe (http://localhost:9876/_karma_webpack_/webpack:/node_modules/rxjs/dist/esm/internal/Observable.js:37:25)
    at cb (http://localhost:9876/_karma_webpack_/webpack:/node_modules/rxjs/dist/esm/internal/Observable.js:31:30)
    at errorContext (http://localhost:9876/_karma_webpack_/webpack:/node_modules/rxjs/dist/esm/internal/util/errorContext.js:19:9)
    at Observable.subscribe (http://localhost:9876/_karma_webpack_/webpack:/node_modules/rxjs/dist/esm/internal/Observable.js:22:21)
    at ProfileComponent.onSavePin (http://localhost:9876/_karma_webpack_/webpack:/src/app/profile/profile.component.ts:221:53)
    at UserContext.apply (http://localhost:9876/_karma_webpack_/webpack:/src/app/profile/profile.component.spec.ts:251:19)
    at _ZoneDelegate.invoke (http://localhost:9876/_karma_webpack_/webpack:/node_modules/zone.js/fesm2015/zone.js:358:158)
    at _ProxyZoneSpec.onInvoke (http://localhost:9876/_karma_webpack_/webpack:/node_modules/zone.js/fesm2015/zone-testing.js:956:33)[39m
Chrome 149.0.0.0 (Windows 10): Executed 165 of 170[31m (5 FAILED)[39m (0 secs / 1.029 secs)
ERROR: 'Γ¥î [Profile] Set PIN error:', Error: Bank details not found
Error: Bank details not found
    at errorFactory (http://localhost:9876/_karma_webpack_/webpack:/src/app/profile/profile.component.spec.ts:250:52)
    at Observable._subscribe (http://localhost:9876/_karma_webpack_/webpack:/node_modules/rxjs/dist/esm/internal/observable/throwError.js:5:51)
    at Observable._trySubscribe (http://localhost:9876/_karma_webpack_/webpack:/node_modules/rxjs/dist/esm/internal/Observable.js:37:25)
    at cb (http://localhost:9876/_karma_webpack_/webpack:/node_modules/rxjs/dist/esm/internal/Observable.js:31:30)
    at errorContext (http://localhost:9876/_karma_webpack_/webpack:/node_modules/rxjs/dist/esm/internal/util/errorContext.js:19:9)
    at Observable.subscribe (http://localhost:9876/_karma_webpack_/webpack:/node_modules/rxjs/dist/esm/internal/Observable.js:22:21)
    at ProfileComponent.onSavePin (http://localhost:9876/_karma_webpack_/webpack:/src/app/profile/profile.component.ts:221:53)
    at UserContext.apply (http://localhost:9876/_karma_webpack_/webpack:/src/app/profile/profile.component.spec.ts:251:19)
    at _ZoneDelegate.invoke (http://localhost:9876/_karma_webpack_/webpack:/node_modules/zone.js/fesm2015/zone.js:358:158)
    at _ProxyZoneSpec.onInvoke (http://localhost:9876/_karma_webpack_/webpack:/node_modules/zone.js/fesm2015/zone-testing.js:956:33)
[1A[2KLOG: [36m'≡ƒöÿ [Profile] Save PIN clicked. Status:', 'VALID', 'Value:', '1234'[39m
Chrome 149.0.0.0 (Windows 10): Executed 165 of 170[31m (5 FAILED)[39m (0 secs / 1.029 secs)
LOG: '≡ƒöÿ [Profile] Save PIN clicked. Status:', 'VALID', 'Value:', '1234'
[1A[2KLOG: [36m'≡ƒôí [Profile] Sending PIN update for user:', 'testuser'[39m
Chrome 149.0.0.0 (Windows 10): Executed 165 of 170[31m (5 FAILED)[39m (0 secs / 1.029 secs)
LOG: '≡ƒôí [Profile] Sending PIN update for user:', 'testuser'
[1A[2KERROR: [36m'Γ¥î [Profile] Set PIN error:', Error: Internal error
Error: Internal error
    at errorFactory (http://localhost:9876/_karma_webpack_/webpack:/src/app/profile/profile.component.spec.ts:254:52)
    at Observable._subscribe (http://localhost:9876/_karma_webpack_/webpack:/node_modules/rxjs/dist/esm/internal/observable/throwError.js:5:51)
    at Observable._trySubscribe (http://localhost:9876/_karma_webpack_/webpack:/node_modules/rxjs/dist/esm/internal/Observable.js:37:25)
    at cb (http://localhost:9876/_karma_webpack_/webpack:/node_modules/rxjs/dist/esm/internal/Observable.js:31:30)
    at errorContext (http://localhost:9876/_karma_webpack_/webpack:/node_modules/rxjs/dist/esm/internal/util/errorContext.js:19:9)
    at Observable.subscribe (http://localhost:9876/_karma_webpack_/webpack:/node_modules/rxjs/dist/esm/internal/Observable.js:22:21)
    at ProfileComponent.onSavePin (http://localhost:9876/_karma_webpack_/webpack:/src/app/profile/profile.component.ts:221:53)
    at UserContext.apply (http://localhost:9876/_karma_webpack_/webpack:/src/app/profile/profile.component.spec.ts:255:19)
    at _ZoneDelegate.invoke (http://localhost:9876/_karma_webpack_/webpack:/node_modules/zone.js/fesm2015/zone.js:358:158)
    at _ProxyZoneSpec.onInvoke (http://localhost:9876/_karma_webpack_/webpack:/node_modules/zone.js/fesm2015/zone-testing.js:956:33)[39m
Chrome 149.0.0.0 (Windows 10): Executed 165 of 170[31m (5 FAILED)[39m (0 secs / 1.029 secs)
ERROR: 'Γ¥î [Profile] Set PIN error:', Error: Internal error
Error: Internal error
    at errorFactory (http://localhost:9876/_karma_webpack_/webpack:/src/app/profile/profile.component.spec.ts:254:52)
    at Observable._subscribe (http://localhost:9876/_karma_webpack_/webpack:/node_modules/rxjs/dist/esm/internal/observable/throwError.js:5:51)
    at Observable._trySubscribe (http://localhost:9876/_karma_webpack_/webpack:/node_modules/rxjs/dist/esm/internal/Observable.js:37:25)
    at cb (http://localhost:9876/_karma_webpack_/webpack:/node_modules/rxjs/dist/esm/internal/Observable.js:31:30)
    at errorContext (http://localhost:9876/_karma_webpack_/webpack:/node_modules/rxjs/dist/esm/internal/util/errorContext.js:19:9)
    at Observable.subscribe (http://localhost:9876/_karma_webpack_/webpack:/node_modules/rxjs/dist/esm/internal/Observable.js:22:21)
    at ProfileComponent.onSavePin (http://localhost:9876/_karma_webpack_/webpack:/src/app/profile/profile.component.ts:221:53)
    at UserContext.apply (http://localhost:9876/_karma_webpack_/webpack:/src/app/profile/profile.component.spec.ts:255:19)
    at _ZoneDelegate.invoke (http://localhost:9876/_karma_webpack_/webpack:/node_modules/zone.js/fesm2015/zone.js:358:158)
    at _ProxyZoneSpec.onInvoke (http://localhost:9876/_karma_webpack_/webpack:/node_modules/zone.js/fesm2015/zone-testing.js:956:33)
[1A[2KChrome 149.0.0.0 (Windows 10): Executed 166 of 170[31m (5 FAILED)[39m (0 secs / 1.039 secs)
[1A[2KERROR: [36m'Error loading account balance:', Error: Balance error
Error: Balance error
    at errorFactory (http://localhost:9876/_karma_webpack_/webpack:/src/app/profile/profile.component.spec.ts:93:91)
    at Observable._subscribe (http://localhost:9876/_karma_webpack_/webpack:/node_modules/rxjs/dist/esm/internal/observable/throwError.js:5:51)
    at Observable._trySubscribe (http://localhost:9876/_karma_webpack_/webpack:/node_modules/rxjs/dist/esm/internal/Observable.js:37:25)
    at cb (http://localhost:9876/_karma_webpack_/webpack:/node_modules/rxjs/dist/esm/internal/Observable.js:31:30)
    at errorContext (http://localhost:9876/_karma_webpack_/webpack:/node_modules/rxjs/dist/esm/internal/util/errorContext.js:19:9)
    at Observable.subscribe (http://localhost:9876/_karma_webpack_/webpack:/node_modules/rxjs/dist/esm/internal/Observable.js:22:21)
    at Object.next (http://localhost:9876/_karma_webpack_/webpack:/src/app/profile/profile.component.ts:107:75)
    at ConsumerObserver.next (http://localhost:9876/_karma_webpack_/webpack:/node_modules/rxjs/dist/esm/internal/Subscriber.js:91:33)
    at SafeSubscriber._next (http://localhost:9876/_karma_webpack_/webpack:/node_modules/rxjs/dist/esm/internal/Subscriber.js:60:26)
    at SafeSubscriber.next (http://localhost:9876/_karma_webpack_/webpack:/node_modules/rxjs/dist/esm/internal/Subscriber.js:31:18)[39m
Chrome 149.0.0.0 (Windows 10): Executed 166 of 170[31m (5 FAILED)[39m (0 secs / 1.039 secs)
ERROR: 'Error loading account balance:', Error: Balance error
Error: Balance error
    at errorFactory (http://localhost:9876/_karma_webpack_/webpack:/src/app/profile/profile.component.spec.ts:93:91)
    at Observable._subscribe (http://localhost:9876/_karma_webpack_/webpack:/node_modules/rxjs/dist/esm/internal/observable/throwError.js:5:51)
    at Observable._trySubscribe (http://localhost:9876/_karma_webpack_/webpack:/node_modules/rxjs/dist/esm/internal/Observable.js:37:25)
    at cb (http://localhost:9876/_karma_webpack_/webpack:/node_modules/rxjs/dist/esm/internal/Observable.js:31:30)
    at errorContext (http://localhost:9876/_karma_webpack_/webpack:/node_modules/rxjs/dist/esm/internal/util/errorContext.js:19:9)
    at Observable.subscribe (http://localhost:9876/_karma_webpack_/webpack:/node_modules/rxjs/dist/esm/internal/Observable.js:22:21)
    at Object.next (http://localhost:9876/_karma_webpack_/webpack:/src/app/profile/profile.component.ts:107:75)
    at ConsumerObserver.next (http://localhost:9876/_karma_webpack_/webpack:/node_modules/rxjs/dist/esm/internal/Subscriber.js:91:33)
    at SafeSubscriber._next (http://localhost:9876/_karma_webpack_/webpack:/node_modules/rxjs/dist/esm/internal/Subscriber.js:60:26)
    at SafeSubscriber.next (http://localhost:9876/_karma_webpack_/webpack:/node_modules/rxjs/dist/esm/internal/Subscriber.js:31:18)
[1A[2KChrome 149.0.0.0 (Windows 10): Executed 167 of 170[31m (5 FAILED)[39m (0 secs / 1.044 secs)
[1A[2KChrome 149.0.0.0 (Windows 10): Executed 168 of 170[31m (5 FAILED)[39m (0 secs / 1.049 secs)
[1A[2KLOG: [36m'≡ƒöô [Profile] Opening PIN Modal'[39m
Chrome 149.0.0.0 (Windows 10): Executed 168 of 170[31m (5 FAILED)[39m (0 secs / 1.049 secs)
LOG: '≡ƒöô [Profile] Opening PIN Modal'
[1A[2KLOG: [36m'≡ƒöÿ [Profile] Save PIN clicked. Status:', 'VALID', 'Value:', '1234'[39m
Chrome 149.0.0.0 (Windows 10): Executed 168 of 170[31m (5 FAILED)[39m (0 secs / 1.049 secs)
LOG: '≡ƒöÿ [Profile] Save PIN clicked. Status:', 'VALID', 'Value:', '1234'
[1A[2KChrome 149.0.0.0 (Windows 10): Executed 169 of 170[31m (5 FAILED)[39m (0 secs / 1.058 secs)
[1A[2KLOG: [36m'≡ƒöô [Profile] Opening PIN Modal'[39m
Chrome 149.0.0.0 (Windows 10): Executed 169 of 170[31m (5 FAILED)[39m (0 secs / 1.058 secs)
LOG: '≡ƒöô [Profile] Opening PIN Modal'
[1A[2KLOG: [36m'≡ƒöÿ [Profile] Save PIN clicked. Status:', 'VALID', 'Value:', '1234'[39m
Chrome 149.0.0.0 (Windows 10): Executed 169 of 170[31m (5 FAILED)[39m (0 secs / 1.058 secs)
LOG: '≡ƒöÿ [Profile] Save PIN clicked. Status:', 'VALID', 'Value:', '1234'
[1A[2KLOG: [36m'≡ƒôí [Profile] Sending PIN update for user:', 'testuser'[39m
Chrome 149.0.0.0 (Windows 10): Executed 169 of 170[31m (5 FAILED)[39m (0 secs / 1.058 secs)
LOG: '≡ƒôí [Profile] Sending PIN update for user:', 'testuser'
[1A[2KLOG: [36m'Γ£à [Profile] PIN update response:', Object{}[39m
Chrome 149.0.0.0 (Windows 10): Executed 169 of 170[31m (5 FAILED)[39m (0 secs / 1.058 secs)
LOG: 'Γ£à [Profile] PIN update response:', Object{}
[1A[2KLOG: [36m'≡ƒöÆ [Profile] Closing PIN Modal'[39m
Chrome 149.0.0.0 (Windows 10): Executed 169 of 170[31m (5 FAILED)[39m (0 secs / 1.058 secs)
LOG: '≡ƒöÆ [Profile] Closing PIN Modal'
[1A[2KChrome 149.0.0.0 (Windows 10): Executed 170 of 170[31m (5 FAILED)[39m (0 secs / 1.068 secs)
[1A[2KChrome 149.0.0.0 (Windows 10): Executed 170 of 170[31m (5 FAILED)[39m (1.2 secs / 1.068 secs)
[31mTOTAL: 5 FAILED, 165 SUCCESS[39m
[32mΓêÜ[39m Browser application bundle generation complete.
